
> gains@1.0.0 test
> vitest run --reporter=verbose


[1m[46m RUN [49m[22m [36mv4.1.0 [39m[90mC:/gymtracker[39m

 [32m✓[39m src/lib/__tests__/supabase-extended.test.js[2m > [22msupabase.js — extended coverage[2m > [22mdeleteWorkout[2m > [22mresets scheduled workout by workout_id FK[32m 8[2mms[22m[39m
 [32m✓[39m src/lib/__tests__/supabase-extended.test.js[2m > [22msupabase.js — extended coverage[2m > [22mdeleteWorkout[2m > [22malso resets by date range when startedAt is provided[32m 2[2mms[22m[39m
 [32m✓[39m src/lib/__tests__/supabase-extended.test.js[2m > [22msupabase.js — extended coverage[2m > [22mdeleteWorkout[2m > [22mdeactivates PRs linked to deleted workout[32m 2[2mms[22m[39m
 [32m✓[39m src/lib/__tests__/supabase-extended.test.js[2m > [22msupabase.js — extended coverage[2m > [22mdeleteWorkout[2m > [22mthrows when final workout delete fails[32m 3[2mms[22m[39m
 [32m✓[39m src/lib/__tests__/supabase-extended.test.js[2m > [22msupabase.js — extended coverage[2m > [22mdeleteWorkout[2m > [22mdoes not attempt date-range reset when startedAt is null[32m 1[2mms[22m[39m
 [32m✓[39m src/lib/__tests__/supabase-extended.test.js[2m > [22msupabase.js — extended coverage[2m > [22mgetPrograms[2m > [22mreturns programs ordered by days_per_week[32m 1[2mms[22m[39m
 [32m✓[39m src/lib/__tests__/supabase-extended.test.js[2m > [22msupabase.js — extended coverage[2m > [22mgetPrograms[2m > [22mreturns empty array on error[32m 2[2mms[22m[39m
 [32m✓[39m src/lib/__tests__/supabase-extended.test.js[2m > [22msupabase.js — extended coverage[2m > [22mgetPrograms[2m > [22mfilters by user_id when session available[32m 1[2mms[22m[39m
 [32m✓[39m src/lib/__tests__/supabase-extended.test.js[2m > [22msupabase.js — extended coverage[2m > [22mgetPrograms[2m > [22mfilters to public programs only when no session[32m 1[2mms[22m[39m
 [32m✓[39m src/lib/__tests__/supabase-extended.test.js[2m > [22msupabase.js — extended coverage[2m > [22mgetProgramDetails[2m > [22mfetches program with nested days and exercises[32m 1[2mms[22m[39m
 [32m✓[39m src/lib/__tests__/supabase-extended.test.js[2m > [22msupabase.js — extended coverage[2m > [22mgetProgramDetails[2m > [22mreturns null on error[32m 1[2mms[22m[39m
 [32m✓[39m src/lib/__tests__/supabase-extended.test.js[2m > [22msupabase.js — extended coverage[2m > [22mgetActiveEnrollment[2m > [22mreturns null when no session[32m 0[2mms[22m[39m
 [32m✓[39m src/lib/__tests__/supabase-extended.test.js[2m > [22msupabase.js — extended coverage[2m > [22mgetActiveEnrollment[2m > [22mqueries program_enrollments with active status[32m 1[2mms[22m[39m
 [32m✓[39m src/lib/__tests__/supabase-extended.test.js[2m > [22msupabase.js — extended coverage[2m > [22mgetActiveEnrollment[2m > [22mreturns null when no active enrollment[32m 0[2mms[22m[39m
 [32m✓[39m src/lib/__tests__/supabase-extended.test.js[2m > [22msupabase.js — extended coverage[2m > [22menrollInProgram[2m > [22mthrows when not authenticated[32m 2[2mms[22m[39m
 [32m✓[39m src/lib/__tests__/supabase-extended.test.js[2m > [22msupabase.js — extended coverage[2m > [22menrollInProgram[2m > [22minserts enrollment with correct defaults[32m 3[2mms[22m[39m
 [32m✓[39m src/lib/__tests__/supabase-extended.test.js[2m > [22msupabase.js — extended coverage[2m > [22menrollInProgram[2m > [22mincludes startDate when provided[32m 1[2mms[22m[39m
 [32m✓[39m src/lib/__tests__/supabase-extended.test.js[2m > [22msupabase.js — extended coverage[2m > [22menrollInProgram[2m > [22muses settings.checkin_frequency when provided[32m 1[2mms[22m[39m
 [32m✓[39m src/lib/__tests__/supabase-extended.test.js[2m > [22msupabase.js — extended coverage[2m > [22menrollInProgram[2m > [22mdefaults checkin_frequency to weekly[32m 1[2mms[22m[39m
 [32m✓[39m src/lib/__tests__/supabase-extended.test.js[2m > [22msupabase.js — extended coverage[2m > [22menrollInProgram[2m > [22mthrows on DB error[32m 1[2mms[22m[39m
 [32m✓[39m src/lib/__tests__/supabase-extended.test.js[2m > [22msupabase.js — extended coverage[2m > [22mabandonProgram[2m > [22mupdates enrollment status to abandoned[32m 1[2mms[22m[39m
 [32m✓[39m src/lib/__tests__/supabase-extended.test.js[2m > [22msupabase.js — extended coverage[2m > [22mabandonProgram[2m > [22mthrows on DB error[32m 0[2mms[22m[39m
 [32m✓[39m src/lib/__tests__/supabase-extended.test.js[2m > [22msupabase.js — extended coverage[2m > [22mgetScheduledWorkouts[2m > [22mreturns empty array when no session[32m 0[2mms[22m[39m
 [32m✓[39m src/lib/__tests__/supabase-extended.test.js[2m > [22msupabase.js — extended coverage[2m > [22mgetScheduledWorkouts[2m > [22mqueries by date range when no weekNumber[32m 1[2mms[22m[39m
 [32m✓[39m src/lib/__tests__/supabase-extended.test.js[2m > [22msupabase.js — extended coverage[2m > [22mgetScheduledWorkouts[2m > [22mqueries by week_number when provided[32m 1[2mms[22m[39m
 [32m✓[39m src/lib/__tests__/supabase-extended.test.js[2m > [22msupabase.js — extended coverage[2m > [22mgetScheduledWorkouts[2m > [22mreturns empty array on error[32m 1[2mms[22m[39m
 [32m✓[39m src/lib/__tests__/supabase-extended.test.js[2m > [22msupabase.js — extended coverage[2m > [22mupdateScheduledWorkout[2m > [22mupdates and returns updated row[32m 1[2mms[22m[39m
 [32m✓[39m src/lib/__tests__/supabase-extended.test.js[2m > [22msupabase.js — extended coverage[2m > [22mupdateScheduledWorkout[2m > [22mreturns null on error[32m 1[2mms[22m[39m
 [32m✓[39m src/lib/__tests__/supabase-extended.test.js[2m > [22msupabase.js — extended coverage[2m > [22mgenerateSchedule[2m > [22mthrows when not authenticated[32m 1[2mms[22m[39m
 [32m✓[39m src/lib/__tests__/supabase-extended.test.js[2m > [22msupabase.js — extended coverage[2m > [22mgenerateSchedule[2m > [22minserts scheduled rows and returns count[32m 1[2mms[22m[39m
 [32m✓[39m src/lib/__tests__/supabase-extended.test.js[2m > [22msupabase.js — extended coverage[2m > [22mgenerateSchedule[2m > [22mbuilds prescribed exercises with startingWeights[32m 1[2mms[22m[39m
 [32m✓[39m src/lib/__tests__/supabase-extended.test.js[2m > [22msupabase.js — extended coverage[2m > [22mgenerateSchedule[2m > [22mdefaults weight to 20 when no startingWeight provided[32m 0[2mms[22m[39m
 [32m✓[39m src/lib/__tests__/supabase-extended.test.js[2m > [22msupabase.js — extended coverage[2m > [22mgenerateSchedule[2m > [22mmarks past days as skipped[32m 0[2mms[22m[39m
 [32m✓[39m src/lib/__tests__/supabase-extended.test.js[2m > [22msupabase.js — extended coverage[2m > [22mgenerateSchedule[2m > [22mthrows on DB insert error[32m 1[2mms[22m[39m
 [32m✓[39m src/lib/__tests__/supabase-extended.test.js[2m > [22msupabase.js — extended coverage[2m > [22mgenerateSchedule[2m > [22mreturns 0 when no rows generated (no training days match)[32m 0[2mms[22m[39m
 [32m✓[39m src/lib/__tests__/supabase-extended.test.js[2m > [22msupabase.js — extended coverage[2m > [22msavePumpRating[2m > [22mthrows when not authenticated[32m 1[2mms[22m[39m
 [32m✓[39m src/lib/__tests__/supabase-extended.test.js[2m > [22msupabase.js — extended coverage[2m > [22msavePumpRating[2m > [22minserts pump feedback with correct fields[32m 1[2mms[22m[39m
 [32m✓[39m src/lib/__tests__/supabase-extended.test.js[2m > [22msupabase.js — extended coverage[2m > [22msavePumpRating[2m > [22mthrows on DB error[32m 1[2mms[22m[39m
 [32m✓[39m src/lib/__tests__/supabase-extended.test.js[2m > [22msupabase.js — extended coverage[2m > [22msaveDifficultyRating[2m > [22mthrows when not authenticated[32m 1[2mms[22m[39m
 [32m✓[39m src/lib/__tests__/supabase-extended.test.js[2m > [22msupabase.js — extended coverage[2m > [22msaveDifficultyRating[2m > [22minserts difficulty feedback with correct fields[32m 1[2mms[22m[39m
 [32m✓[39m src/lib/__tests__/supabase-extended.test.js[2m > [22msupabase.js — extended coverage[2m > [22msaveDifficultyRating[2m > [22mthrows on DB error[32m 1[2mms[22m[39m
 [32m✓[39m src/lib/__tests__/supabase-extended.test.js[2m > [22msupabase.js — extended coverage[2m > [22msaveSorenessRatings[2m > [22mthrows when not authenticated[32m 1[2mms[22m[39m
 [32m✓[39m src/lib/__tests__/supabase-extended.test.js[2m > [22msupabase.js — extended coverage[2m > [22msaveSorenessRatings[2m > [22minserts soreness feedback with muscle ratings[32m 1[2mms[22m[39m
 [32m✓[39m src/lib/__tests__/supabase-extended.test.js[2m > [22msupabase.js — extended coverage[2m > [22msaveSorenessRatings[2m > [22mthrows on DB error[32m 1[2mms[22m[39m
 [32m✓[39m src/lib/__tests__/supabase-extended.test.js[2m > [22msupabase.js — extended coverage[2m > [22mgetRecentFeedback[2m > [22mreturns empty array when no session[32m 0[2mms[22m[39m
 [32m✓[39m src/lib/__tests__/supabase-extended.test.js[2m > [22msupabase.js — extended coverage[2m > [22mgetRecentFeedback[2m > [22mqueries workout_feedback for current user ordered by date[32m 1[2mms[22m[39m
 [32m✓[39m src/lib/__tests__/supabase-extended.test.js[2m > [22msupabase.js — extended coverage[2m > [22mgetRecentFeedback[2m > [22mreturns empty array on DB error[32m 1[2mms[22m[39m
 [32m✓[39m src/lib/__tests__/supabase-extended.test.js[2m > [22msupabase.js — extended coverage[2m > [22mapplyDifficultyToFutureWorkouts[2m > [22mreturns early for mid-range difficulty (4–8)[32m 1[2mms[22m[39m
 [32m✓[39m src/lib/__tests__/supabase-extended.test.js[2m > [22msupabase.js — extended coverage[2m > [22mapplyDifficultyToFutureWorkouts[2m > [22mthrows when not authenticated for easy rating[32m 1[2mms[22m[39m
 [32m✓[39m src/lib/__tests__/supabase-extended.test.js[2m > [22msupabase.js — extended coverage[2m > [22mapplyDifficultyToFutureWorkouts[2m > [22mreturns silently when current workout not found[32m 0[2mms[22m[39m
 [32m✓[39m src/lib/__tests__/supabase-extended.test.js[2m > [22msupabase.js — extended coverage[2m > [22mapplyDifficultyToFutureWorkouts[2m > [22mincreases weight by 2.5% for easy rating (≤3)[32m 1[2mms[22m[39m
 [32m✓[39m src/lib/__tests__/supabase-extended.test.js[2m > [22msupabase.js — extended coverage[2m > [22mapplyDifficultyToFutureWorkouts[2m > [22mdecreases weight by 5% for hard rating (≥9)[32m 1[2mms[22m[39m
 [32m✓[39m src/lib/__tests__/supabase-extended.test.js[2m > [22msupabase.js — extended coverage[2m > [22mapplyDifficultyToFutureWorkouts[2m > [22mincrements sets for easy compounds when below max (5)[32m 1[2mms[22m[39m
 [32m✓[39m src/lib/__tests__/supabase-extended.test.js[2m > [22msupabase.js — extended coverage[2m > [22mapplyDifficultyToFutureWorkouts[2m > [22mdoes not increment sets beyond 5 for easy compounds[32m 1[2mms[22m[39m
 [32m✓[39m src/lib/__tests__/supabase-extended.test.js[2m > [22msupabase.js — extended coverage[2m > [22mapplyDifficultyToFutureWorkouts[2m > [22mdecrements sets for hard compounds when above min (2)[32m 1[2mms[22m[39m
 [32m✓[39m src/lib/__tests__/supabase-extended.test.js[2m > [22msupabase.js — extended coverage[2m > [22mapplyDifficultyToFutureWorkouts[2m > [22mrounds weights to nearest quarter kg[32m 1[2mms[22m[39m
 [32m✓[39m src/lib/__tests__/supabase-extended.test.js[2m > [22msupabase.js — extended coverage[2m > [22mapplyDifficultyToFutureWorkouts[2m > [22mskips deload week (week 5)[32m 1[2mms[22m[39m
 [32m✓[39m src/lib/__tests__/supabase-extended.test.js[2m > [22msupabase.js — extended coverage[2m > [22msaveProgressCheckin[2m > [22mthrows when not authenticated[32m 1[2mms[22m[39m
 [32m✓[39m src/lib/__tests__/supabase-extended.test.js[2m > [22msupabase.js — extended coverage[2m > [22msaveProgressCheckin[2m > [22minserts checkin with user_id and returns data[32m 1[2mms[22m[39m
 [32m✓[39m src/lib/__tests__/supabase-extended.test.js[2m > [22msupabase.js — extended coverage[2m > [22msaveProgressCheckin[2m > [22mthrows on DB error[32m 1[2mms[22m[39m
 [32m✓[39m src/lib/__tests__/supabase-extended.test.js[2m > [22msupabase.js — extended coverage[2m > [22mgetProgressCheckins[2m > [22mreturns empty array when no session[32m 1[2mms[22m[39m
 [32m✓[39m src/lib/__tests__/supabase-extended.test.js[2m > [22msupabase.js — extended coverage[2m > [22mgetProgressCheckins[2m > [22mqueries checkins ordered by date descending[32m 1[2mms[22m[39m
 [32m✓[39m src/lib/__tests__/supabase-extended.test.js[2m > [22msupabase.js — extended coverage[2m > [22mgetProgressCheckins[2m > [22mfilters by enrollmentId when provided[32m 0[2mms[22m[39m
 [32m✓[39m src/lib/__tests__/supabase-extended.test.js[2m > [22msupabase.js — extended coverage[2m > [22mgetProgressCheckins[2m > [22mreturns empty array on DB error[32m 1[2mms[22m[39m
 [32m✓[39m src/lib/__tests__/supabase-extended.test.js[2m > [22msupabase.js — extended coverage[2m > [22mapplyCoachDiffToSchedule[2m > [22mthrows when not authenticated[32m 1[2mms[22m[39m
 [32m✓[39m src/lib/__tests__/supabase-extended.test.js[2m > [22msupabase.js — extended coverage[2m > [22mapplyCoachDiffToSchedule[2m > [22mreturns 0 when no future workouts found[32m 1[2mms[22m[39m
 [32m✓[39m src/lib/__tests__/supabase-extended.test.js[2m > [22msupabase.js — extended coverage[2m > [22mapplyCoachDiffToSchedule[2m > [22mthrows when future workouts fetch errors[32m 0[2mms[22m[39m
 [32m✓[39m src/lib/__tests__/supabase-extended.test.js[2m > [22msupabase.js — extended coverage[2m > [22mapplyCoachDiffToSchedule[2m > [22mapplies weight delta to matching exercises[32m 1[2mms[22m[39m
 [32m✓[39m src/lib/__tests__/supabase-extended.test.js[2m > [22msupabase.js — extended coverage[2m > [22mapplyCoachDiffToSchedule[2m > [22mapplies sets delta and clamps to minimum 1[32m 1[2mms[22m[39m
 [32m✓[39m src/lib/__tests__/supabase-extended.test.js[2m > [22msupabase.js — extended coverage[2m > [22mapplyCoachDiffToSchedule[2m > [22mapplies reps delta and clamps to minimum 1[32m 1[2mms[22m[39m
 [32m✓[39m src/lib/__tests__/supabase-extended.test.js[2m > [22msupabase.js — extended coverage[2m > [22mapplyCoachDiffToSchedule[2m > [22mskips exercises not in changes list[32m 0[2mms[22m[39m
 [32m✓[39m src/lib/__tests__/supabase-extended.test.js[2m > [22msupabase.js — extended coverage[2m > [22mapplyCoachDiffToSchedule[2m > [22mrespects week_from filter (only applies from specified week)[32m 1[2mms[22m[39m
 [32m✓[39m src/lib/__tests__/supabase-extended.test.js[2m > [22msupabase.js — extended coverage[2m > [22mapplyCoachDiffToSchedule[2m > [22mrounds weight delta to nearest quarter kg[32m 1[2mms[22m[39m
 [32m✓[39m src/lib/__tests__/supabase-extended.test.js[2m > [22msupabase.js — extended coverage[2m > [22mcreateUserProgram[2m > [22mthrows when not authenticated[32m 1[2mms[22m[39m
 [32m✓[39m src/lib/__tests__/supabase-extended.test.js[2m > [22msupabase.js — extended coverage[2m > [22mcreateUserProgram[2m > [22mcreates program with default values[32m 1[2mms[22m[39m
 [32m✓[39m src/lib/__tests__/supabase-extended.test.js[2m > [22msupabase.js — extended coverage[2m > [22mcreateUserProgram[2m > [22minserts program days and exercises[32m 1[2mms[22m[39m
 [32m✓[39m src/lib/__tests__/supabase-extended.test.js[2m > [22msupabase.js — extended coverage[2m > [22mcreateUserProgram[2m > [22mthrows on program insert error[32m 1[2mms[22m[39m
 [32m✓[39m src/lib/__tests__/supabase-extended.test.js[2m > [22msupabase.js — extended coverage[2m > [22mdeleteUserProgram[2m > [22mthrows when not authenticated[32m 1[2mms[22m[39m
 [32m✓[39m src/lib/__tests__/supabase-extended.test.js[2m > [22msupabase.js — extended coverage[2m > [22mdeleteUserProgram[2m > [22mdeletes program matching both id and user_id[32m 1[2mms[22m[39m
 [32m✓[39m src/lib/__tests__/supabase-extended.test.js[2m > [22msupabase.js — extended coverage[2m > [22mdeleteUserProgram[2m > [22mthrows on DB error[32m 1[2mms[22m[39m
 [32m✓[39m src/lib/__tests__/supabase-extended.test.js[2m > [22msupabase.js — extended coverage[2m > [22mgetVolumeStandards[2m > [22mqueries muscle_volume_standards for requested days[32m 1[2mms[22m[39m
 [32m✓[39m src/lib/__tests__/supabase-extended.test.js[2m > [22msupabase.js — extended coverage[2m > [22mgetVolumeStandards[2m > [22mdefaults unsupported days_per_week to 3[32m 1[2mms[22m[39m
 [32m✓[39m src/lib/__tests__/supabase-extended.test.js[2m > [22msupabase.js — extended coverage[2m > [22mgetVolumeStandards[2m > [22mreturns empty object on DB error[32m 2[2mms[22m[39m
 [32m✓[39m src/lib/__tests__/supabase-extended.test.js[2m > [22msupabase.js — extended coverage[2m > [22mlogPRShare[2m > [22mdoes nothing when no session[32m 1[2mms[22m[39m
 [32m✓[39m src/lib/__tests__/supabase-extended.test.js[2m > [22msupabase.js — extended coverage[2m > [22mlogPRShare[2m > [22minserts PR share record with correct fields for 1rm type[32m 1[2mms[22m[39m
 [32m✓[39m src/lib/__tests__/supabase-extended.test.js[2m > [22msupabase.js — extended coverage[2m > [22mlogPRShare[2m > [22msets estimated_1rm to null for non-1rm types[32m 1[2mms[22m[39m
 [32m✓[39m src/__tests__/AppShell.test.jsx[2m > [22mApp Shell[2m > [22mshows loading state initially[32m 205[2mms[22m[39m
 [32m✓[39m src/__tests__/OnboardingScreen.test.jsx[2m > [22mOnboardingScreen[2m > [22mshows onboarding when profile.onboarding_complete is false[33m 352[2mms[22m[39m
 [32m✓[39m src/__tests__/AuthScreen.test.jsx[2m > [22mAuthScreen[2m > [22mrenders login form by default[33m 330[2mms[22m[39m
 [32m✓[39m src/__tests__/AuthScreen.test.jsx[2m > [22mAuthScreen[2m > [22mdoes not show name field in login mode[32m 73[2mms[22m[39m
 [32m✓[39m src/__tests__/OnboardingScreen.test.jsx[2m > [22mOnboardingScreen[2m > [22mshows step 1 of 6[32m 115[2mms[22m[39m
 [32m✓[39m src/__tests__/OnboardingScreen.test.jsx[2m > [22mOnboardingScreen[2m > [22mshows gender options[32m 84[2mms[22m[39m
 [32m✓[39m src/__tests__/AuthScreen.test.jsx[2m > [22mAuthScreen[2m > [22mswitches to signup mode and shows name field[32m 70[2mms[22m[39m
 [32m✓[39m src/__tests__/AuthScreen.test.jsx[2m > [22mAuthScreen[2m > [22mswitches back to login mode[32m 75[2mms[22m[39m
 [32m✓[39m src/__tests__/OnboardingScreen.test.jsx[2m > [22mOnboardingScreen[2m > [22mContinue button is disabled until gender selected[32m 66[2mms[22m[39m
 [32m✓[39m src/__tests__/AppShell.test.jsx[2m > [22mApp Shell[2m > [22mshows auth screen when no session[32m 137[2mms[22m[39m
 [32m✓[39m src/__tests__/AuthScreen.test.jsx[2m > [22mAuthScreen[2m > [22mshows error message on login failure[32m 117[2mms[22m[39m
 [32m✓[39m src/__tests__/OnboardingScreen.test.jsx[2m > [22mOnboardingScreen[2m > [22menables Continue after selecting gender[32m 193[2mms[22m[39m
 [32m✓[39m src/__tests__/AppShell.test.jsx[2m > [22mApp Shell[2m > [22mshows home screen when authenticated[33m 508[2mms[22m[39m
 [32m✓[39m src/__tests__/AuthScreen.test.jsx[2m > [22mAuthScreen[2m > [22mshows error message on signup failure[32m 166[2mms[22m[39m
 [32m✓[39m src/__tests__/AppShell.test.jsx[2m > [22mApp Shell[2m > [22mshows onboarding when profile.onboarding_complete is false[32m 108[2mms[22m[39m
 [32m✓[39m src/__tests__/AppShell.test.jsx[2m > [22mApp Shell[2m > [22msigns out and deletes profile if no profile found[32m 92[2mms[22m[39m
 [32m✓[39m src/__tests__/HomeScreen.test.jsx[2m > [22mHomeScreen[2m > [22mshows time-based greeting[33m 791[2mms[22m[39m
 [32m✓[39m src/__tests__/HistoryAndStats.test.jsx[2m > [22mHistoryScreen[2m > [22mshows empty state when no workouts[33m 938[2mms[22m[39m
 [32m✓[39m src/__tests__/AuthScreen.test.jsx[2m > [22mAuthScreen[2m > [22mcalls signIn with correct parameters[32m 136[2mms[22m[39m
 [32m✓[39m src/__tests__/HomeScreen.test.jsx[2m > [22mHomeScreen[2m > [22mdisplays Start Workout button[33m 339[2mms[22m[39m
 [32m✓[39m src/__tests__/AuthScreen.test.jsx[2m > [22mAuthScreen[2m > [22mcalls signUp with name, email, and password[32m 98[2mms[22m[39m
 [32m✓[39m src/__tests__/AuthScreen.test.jsx[2m > [22mAuthScreen[2m > [22mdisables inputs while loading[32m 96[2mms[22m[39m
 [32m✓[39m src/__tests__/OnboardingScreen.test.jsx[2m > [22mOnboardingScreen[2m > [22mprogresses to step 2 (age)[33m 311[2mms[22m[39m
 [32m✓[39m src/__tests__/WorkoutFlow.test.jsx[2m > [22mWorkout Flow[2m > [22mTemplate Picker[2m > [22mshows template picker with defaults when no DB templates[33m 1131[2mms[22m[39m
 [32m✓[39m src/__tests__/AICoachScreen.test.jsx[2m > [22mAICoachScreen[2m > [22mshows AI Coach header[33m 1091[2mms[22m[39m
 [32m✓[39m src/__tests__/HistoryAndStats.test.jsx[2m > [22mHistoryScreen[2m > [22mshows workout history entries[32m 250[2mms[22m[39m
 [32m✓[39m src/__tests__/AuthScreen.test.jsx[2m > [22mAuthScreen[2m > [22mclears error when switching modes[32m 85[2mms[22m[39m
 [32m✓[39m src/__tests__/AuthScreen.test.jsx[2m > [22mAuthScreen[2m > [22mshows subtitle text[32m 48[2mms[22m[39m
 [32m✓[39m src/__tests__/HomeScreen.test.jsx[2m > [22mHomeScreen[2m > [22mdisplays Ask AI Coach button[32m 135[2mms[22m[39m
 [32m✓[39m src/__tests__/ProfileModal.test.jsx[2m > [22mProfileModal[2m > [22mopens when avatar is clicked[33m 1204[2mms[22m[39m
 [32m✓[39m src/__tests__/OnboardingScreen.test.jsx[2m > [22mOnboardingScreen[2m > [22mshows age quick-select buttons[32m 161[2mms[22m[39m
 [32m✓[39m src/__tests__/HomeScreen.test.jsx[2m > [22mHomeScreen[2m > [22mshows user initial in avatar[32m 142[2mms[22m[39m
 [32m✓[39m src/__tests__/HistoryAndStats.test.jsx[2m > [22mHistoryScreen[2m > [22mshows duration and volume for each workout[32m 219[2mms[22m[39m
 [32m✓[39m src/__tests__/WorkoutFlow.test.jsx[2m > [22mWorkout Flow[2m > [22mTemplate Picker[2m > [22mshows back button[32m 223[2mms[22m[39m
 [32m✓[39m src/__tests__/AICoachScreen.test.jsx[2m > [22mAICoachScreen[2m > [22mshows plan badge[33m 336[2mms[22m[39m
 [32m✓[39m src/__tests__/ProfileModal.test.jsx[2m > [22mProfileModal[2m > [22mshows account type[32m 295[2mms[22m[39m
 [32m✓[39m src/__tests__/HomeScreen.test.jsx[2m > [22mHomeScreen[2m > [22mdisplays weekly calendar[32m 129[2mms[22m[39m
 [32m✓[39m src/__tests__/HistoryAndStats.test.jsx[2m > [22mHistoryScreen[2m > [22mshows header[32m 168[2mms[22m[39m
 [32m✓[39m src/__tests__/OnboardingScreen.test.jsx[2m > [22mOnboardingScreen[2m > [22mprogresses to step 3 (body metrics)[32m 293[2mms[22m[39m
 [32m✓[39m src/__tests__/HomeScreen.test.jsx[2m > [22mHomeScreen[2m > [22mshows stats cards[32m 115[2mms[22m[39m
 [32m✓[39m src/__tests__/AICoachScreen.test.jsx[2m > [22mAICoachScreen[2m > [22mshows quota display[32m 267[2mms[22m[39m
 [32m✓[39m src/__tests__/WorkoutFlow.test.jsx[2m > [22mWorkout Flow[2m > [22mTemplate Picker[2m > [22mnavigates back to home when back is clicked[33m 362[2mms[22m[39m
 [32m✓[39m src/__tests__/ProfileModal.test.jsx[2m > [22mProfileModal[2m > [22mshows member duration[32m 229[2mms[22m[39m
 [32m✓[39m src/__tests__/OnboardingScreen.test.jsx[2m > [22mOnboardingScreen[2m > [22mshows metric/imperial toggle[32m 184[2mms[22m[39m
 [32m✓[39m src/__tests__/HomeScreen.test.jsx[2m > [22mHomeScreen[2m > [22mshows zero stats when no workouts[32m 153[2mms[22m[39m
 [32m✓[39m src/__tests__/WorkoutFeedbackFlow.test.jsx[2m > [22mWorkout completion flow[2m > [22mcomplete workout → navigate home[2m > [22mreturns to dashboard after finishing a free-flow workout with no sets[33m 1838[2mms[22m[39m
 [32m✓[39m src/__tests__/WorkoutFlow.test.jsx[2m > [22mWorkout Flow[2m > [22mTemplate Picker[2m > [22mshows exercise count per template[32m 168[2mms[22m[39m
 [32m✓[39m src/__tests__/OnboardingScreen.test.jsx[2m > [22mOnboardingScreen[2m > [22mshows weight input[32m 188[2mms[22m[39m
 [32m✓[39m src/__tests__/AICoachScreen.test.jsx[2m > [22mAICoachScreen[2m > [22mdisplays prompt categories[32m 245[2mms[22m[39m
 [32m✓[39m src/__tests__/HistoryAndStats.test.jsx[2m > [22mStatsScreen[2m > [22mshows stats header[32m 192[2mms[22m[39m
 [32m✓[39m src/__tests__/HomeScreen.test.jsx[2m > [22mHomeScreen[2m > [22mshows AI Coach button[32m 128[2mms[22m[39m
 [32m✓[39m src/__tests__/ProfileModal.test.jsx[2m > [22mProfileModal[2m > [22mshows plan details[32m 253[2mms[22m[39m
 [32m✓[39m src/__tests__/PricingScreen.test.jsx[2m > [22mPricingScreen[2m > [22mshows all three plans[33m 2027[2mms[22m[39m
 [32m✓[39m src/__tests__/HomeScreen.test.jsx[2m > [22mHomeScreen[2m > [22mshows Personal Records section[32m 160[2mms[22m[39m
 [32m✓[39m src/__tests__/WorkoutFlow.test.jsx[2m > [22mWorkout Flow[2m > [22mTemplate Picker[2m > [22mloads templates from DB when available[32m 212[2mms[22m[39m
 [32m✓[39m src/__tests__/AICoachScreen.test.jsx[2m > [22mAICoachScreen[2m > [22mshows prompts for Analyze category by default[32m 215[2mms[22m[39m
 [32m✓[39m src/__tests__/OnboardingScreen.test.jsx[2m > [22mOnboardingScreen[2m > [22mprogresses to step 4 (goals)[32m 240[2mms[22m[39m
 [32m✓[39m src/__tests__/HomeScreen.test.jsx[2m > [22mHomeScreen[2m > [22mdisplays PRs when available[32m 134[2mms[22m[39m
 [32m✓[39m src/__tests__/ProfileModal.test.jsx[2m > [22mProfileModal[2m > [22mshows free plan details for free users[32m 244[2mms[22m[39m
 [32m✓[39m src/__tests__/AICoachScreen.test.jsx[2m > [22mAICoachScreen[2m > [22mswitches category and shows different prompts[32m 212[2mms[22m[39m
 [32m✓[39m src/__tests__/OnboardingScreen.test.jsx[2m > [22mOnboardingScreen[2m > [22mshows training goals[32m 272[2mms[22m[39m
 [32m✓[39m src/__tests__/HomeScreen.test.jsx[2m > [22mHomeScreen[2m > [22mshows PRO badge for pro users[32m 124[2mms[22m[39m
 [32m✓[39m src/__tests__/HomeScreen.test.jsx[2m > [22mHomeScreen[2m > [22mdoes not show badge for free users[32m 94[2mms[22m[39m
 [32m✓[39m src/__tests__/ProfileModal.test.jsx[2m > [22mProfileModal[2m > [22mshows unlimited plan details[32m 248[2mms[22m[39m
 [32m✓[39m src/__tests__/WorkoutFeedbackFlow.test.jsx[2m > [22mWorkout completion flow[2m > [22mcomplete workout → navigate home[2m > [22mreturns to dashboard after finishing with completed sets[33m 740[2mms[22m[39m
 [31m×[39m src/__tests__/WorkoutFlow.test.jsx[2m > [22mWorkout Flow[2m > [22mWorkout Screen[2m > [22mshows workout timer[33m 541[2mms[22m[39m
[31m   → Found multiple elements with the text: 00:00

Here are the matching elements:

Ignored nodes: comments, script, style
[36m<div[31m
  [33mstyle[31m=[32m"font-size: 22px; font-weight: 700; color: rgba(255, 255, 255, 0.55); font-family: \"Outfit\", sans-serif; letter-spacing: -1px; line-height: 1; margin: 2px 0px 10px;"[31m
[36m>[31m
  [0m00:00[0m
[36m</div>[31m

Ignored nodes: comments, script, style
[36m<div[31m
  [33mstyle[31m=[32m"font-size: 32px; font-weight: 800; color: rgb(255, 255, 255); font-family: \"Outfit\", sans-serif; letter-spacing: -1px;"[31m
[36m>[31m
  [0m00:00[0m
[36m</div>[31m

(If this is intentional, then use the `*AllBy*` variant of the query (like `queryAllByText`, `getAllByText`, or `findAllByText`)).

Ignored nodes: comments, script, style
[36m<body>[31m
  [36m<div>[31m
    [36m<div[31m
      [33mclass[31m=[32m"app-shell"[31m
      [33mstyle[31m=[32m"background: rgb(14, 15, 20); overflow: hidden; font-family: \"Outfit\", sans-serif; display: flex; position: relative; flex-direction: column;"[31m
    [36m>[31m
      [36m<link[31m
        [33mhref[31m=[32m"https://fonts.googleapis.com/css2?family=Outfit:wght@400;500;600;700;800&family=JetBrains+Mono:wght@400;500;600;700&display=swap"[31m
        [33mrel[31m=[32m"stylesheet"[31m
      [36m/>[31m
      [36m<div[31m
        [33mstyle[31m=[32m"flex: 1 1 0%; overflow-y: auto; overflow-x: hidden; display: flex; flex-direction: column;"[31m
      [36m>[31m
        [36m<div[31m
          [33mstyle[31m=[32m"padding: 0px 20px 110px;"[31m
        [36m>[31m
          [36m<div[31m
            [33mstyle[31m=[32m"display: flex; justify-content: space-between; align-items: center; padding: 14px 0px 6px;"[31m
          [36m>[31m
            [36m<button[31m
              [33mstyle[31m=[32m"background: rgb(26, 28, 36); border: 1px solid rgba(255, 255, 255, 0.08); color: rgb(255, 255, 255); border-radius: 12px; padding: 8px 14px; font-size: 13px; cursor: pointer; opacity: 1;"[31m
            [36m>[31m
              [0m✕[0m
            [36m</button>[31m
            [36m<button[31m
              [33mstyle[31m=[32m"background: linear-gradient(135deg, rgb(223, 255, 60), rgba(223, 255, 60, 0.8)); border: medium; color: rgb(14, 15, 20); border-radius: 12px; padding: 8px 18px; font-size: 13px; font-weight: 800; cursor: pointer; opacity: 1;"[31m
            [36m>[31m
              [0mFinish [0m
              [0m✓[0m
            [36m</button>[31m
          [36m</div>[31m
          [36m<div[31m
            [33mstyle[31m=[32m"text-align: center; padding: 10px 0px 16px;"[31m
          [36m>[31m
            [36m<div[31m
              [33mstyle[31m=[32m"font-size: 10px; color: rgb(161, 161, 170); font-family: \"JetBrains Mono\", monospace; letter-spacing: 2px; text-transform: uppercase;"[31m
            [36m>[31m
              [0mPush[0m
              [0m Day[0m
            [36m</div>[31m
            [36m<div[31m
              [33mstyle[31m=[32m"font-size: 11px; color: rgb(161, 161, 170); font-family: \"JetBrains Mono\", monospace; letter-spacing: 1px; text-transform: uppercase; margin-top: 8px;"[31m
            [36m>[31m
              [0mWorkout Duration[0m
            [36m</div>[31m
            [36m<div[31m
              [33mstyle[31m=[32m"font-size: 22px; font-weight: 700; color: rgba(255, 255, 255, 0.55); font-family: \"Outfit\", sans-serif; letter-spacing: -1px; line-height: 1; margin: 2px 0px 10px;"[31m
            [36m>[31m
              [0m00:00[0m
            [36m</div>[31m
            [36m<div[31m
              [33mstyle[31m=[32m"display: flex; justify-content: center; align-items: center; gap: 10px;"[31m
            [36m>[31m
              [36m<div[31m
                [33mstyle[31m=[32m"width: 140px; height: 4px; border-radius: 2px; background: rgba(255, 255, 255, 0.06); overflow: hidden;"[31m
              [36m>[31m
                [36m<div[31m
                  [33mstyle[31m=[32m"height: 100%; border-radius: 2px; background: rgb(223, 255, 60); width: 0%; transition: width .4s ease;"[31m
                [36m/>[31m
              [36m</div>[31m
              [36m<span[31m
                [33mstyle[31m=[32m"font-size: 12px; color: rgb(161, 161, 170); font-family: \"JetBrains Mono\", monospace;"[31m
              [36m>[31m
                [0m0[0m
                [0m/[0m
                [0m16[0m
              [36m</span>[31m
            [36m</div>[31m
          [36m</div>[31m
          [36m<div[31m
            [33mstyle[31m=[32m"background: rgb(26, 28, 36); border: 1px solid rgba(255, 255, 255, 0.08); border-radius: 16px; padding: 14px 18px; margin-bottom: 16px; display: flex; align-items: center; justify-content: space-between;"[31m
          [36m>[31m
            [36m<div>[31m
              [36m<div[31m
                [33mstyle[31m=[32m"font-size: 10px; color: rgb(161, 161, 170); font-family: \"JetBrains Mono\", monospace; letter-spacing: 1.5px; text-transform: uppercase;"[31m
              [36m>[31m
                [0mStopwatch[0m
              [36m</div>[31m
              [36m<div[31m
                [33mstyle[31m=[32m"font-size: 32px; font-weight: 800; color: rgb(255, 255, 255); font-family: \"Outfit\", sans-serif; letter-spacing: -1px;"[31m
              [36m>[31m
                [0m00:00[0m
              [36m</div>[31m
            [36m</div>[31m
            [36m<div[31m
              [33mstyle[31m=[32m"display: flex; gap: 8px; align-items: center;"[31m
            [36m>[31m
              [36m<button[31m
                [33mstyle[31m=[32m"background: rgb(223, 255, 60); border: medium; color: rgb(14, 15, 20); border-radius: 12px; padding: 9px 16px; font-size: 13px; font-weight: 700; cursor: pointer; font-family: \"JetBrains Mono\", monospace;"[31m
              [36m>[31m
                [0mStart[0m
              [36m</button>[31m
              [36m<button[31m
                [33mstyle[31m=[32m"background: rgba(255, 255, 255, 0.06); border: medium; color: rgba(255, 255, 255, 0.4); border-radius: 12px; padding: 9px 14px; font-size: 13px; cursor: pointer; font-family: \"JetBrains Mono\", monospace;"[31m
              [36m>[31m
                [0mReset[0m
              [36m</button>[31m
            [36m</div>[31m
          [36m</div>[31m
          [36m<div[31m
            [33mstyle[31m=[32m"background: rgb(26, 28, 36); border-radius: 20px; border: 1px solid rgba(255, 255, 255, 0.08); margin-bottom: 14px; overflow: hidden;"[31m
          [36m>[31m
            [36m<div[31m
              [33mstyle[31m=[32m"padding: 14px 16px 10px; display: flex; justify-content: space-between; align-items: center;"[31m
            [36m>[31m
              [36m<div[31m
                [33mstyle[31m=[32m"display: flex; align-items: center; gap: 10px;"[31m
              [36m>[31m
                [36m<div[31m
                  [33mstyle[31m=[32m"display: flex; align-items: center; gap: 8px;"[31m
                [36m>[31m
                  [36m<div>[31m
                    [36m<div[31m
                      [33mstyle[31m=[32m"font-size: 16px; font-weight: 700; color: rgb(255, 255, 255);"[31m
                    [36m>[31m
                      [0mBench Press[0m
                    [36m</div>[31m
                    [36m<div[31m
                      [33mstyle[31m=[32m"font-size: 11px; color: rgb(161, 161, 170); font-family: \"JetBrains Mono\", monospace; margin-top: 2px;"[31m
                    [36m>[31m
                      [0mBarbell[0m
                    [36m</div>[31m
                  [36m</div>[31m
...[39m
 [32m✓[39m src/__tests__/AICoachScreen.test.jsx[2m > [22mAICoachScreen[2m > [22msends a query and displays response[32m 298[2mms[22m[39m
 [32m✓[39m src/__tests__/OnboardingScreen.test.jsx[2m > [22mOnboardingScreen[2m > [22mshows experience levels[32m 224[2mms[22m[39m
 [32m✓[39m src/__tests__/ProfileModal.test.jsx[2m > [22mProfileModal[2m > [22mhas logout button[32m 208[2mms[22m[39m
 [32m✓[39m src/__tests__/HomeScreen.test.jsx[2m > [22mHomeScreen[2m > [22mnavigates to template picker when Start Workout clicked[32m 238[2mms[22m[39m
 [32m✓[39m src/__tests__/HomeScreen.test.jsx[2m > [22mHomeScreen[2m > [22mnavigates to AI Coach when Ask AI Coach clicked[32m 201[2mms[22m[39m
 [32m✓[39m src/__tests__/AICoachScreen.test.jsx[2m > [22mAICoachScreen[2m > [22mshows error message when API call fails[32m 271[2mms[22m[39m
 [32m✓[39m src/__tests__/ProfileModal.test.jsx[2m > [22mProfileModal[2m > [22mlogs out and shows auth screen[32m 270[2mms[22m[39m
 [32m✓[39m src/__tests__/PricingScreen.test.jsx[2m > [22mPricingScreen[2m > [22mshows plan features[33m 911[2mms[22m[39m
 [32m✓[39m src/__tests__/HomeScreen.test.jsx[2m > [22mHomeScreen[2m > [22mshows bottom nav tabs[32m 128[2mms[22m[39m
 [31m×[39m src/__tests__/WorkoutFeedbackFlow.test.jsx[2m > [22mWorkout completion flow[2m > [22mprogram workout incomplete sets → reduce-sets prompt → reduceSetsFutureWorkouts[2m > [22mfull path: incomplete → prompt → confirm → calls reduceSetsFutureWorkouts[33m 426[2mms[22m[39m
[31m   → expected "vi.fn()" to be called with arguments: [ 'sw-42' ][90m

Received:

[1m  1st vi.fn() call:

[22m[2m  [[22m
[2m    "sw-42",[22m
[31m+   [[90m
[31m+     "Back Squat",[90m
[31m+   ],[90m
[2m  ][22m
[31m[90m

Number of calls: [1m1[22m
[31m[39m
 [31m×[39m src/__tests__/HistoryAndStats.test.jsx[2m > [22mStatsScreen[2m > [22mshows stats cards[33m 1239[2mms[22m[39m
[31m   → Unable to find an element with the text: Workouts. This could be because the text is broken up by multiple elements. In this case, you can provide a function for your text matcher to make your matcher more flexible.

Ignored nodes: comments, script, style
[36m<body>[31m
  [36m<div>[31m
    [36m<div[31m
      [33mclass[31m=[32m"app-shell"[31m
      [33mstyle[31m=[32m"background: rgb(14, 15, 20); overflow: hidden; font-family: \"Outfit\", sans-serif; display: flex; position: relative; flex-direction: column;"[31m
    [36m>[31m
      [36m<link[31m
        [33mhref[31m=[32m"https://fonts.googleapis.com/css2?family=Outfit:wght@400;500;600;700;800&family=JetBrains+Mono:wght@400;500;600;700&display=swap"[31m
        [33mrel[31m=[32m"stylesheet"[31m
      [36m/>[31m
      [36m<div[31m
        [33mstyle[31m=[32m"flex: 1 1 0%; overflow-y: auto; overflow-x: hidden; display: flex; flex-direction: column;"[31m
      [36m>[31m
        [36m<div[31m
          [33mstyle[31m=[32m"padding: 0px 20px 110px; opacity: 1; transition: opacity .4s;"[31m
        [36m>[31m
          [36m<div[31m
            [33mstyle[31m=[32m"padding: 14px 0px 16px;"[31m
          [36m>[31m
            [36m<div[31m
              [33mstyle[31m=[32m"font-size: 12px; color: rgb(161, 161, 170); font-family: \"JetBrains Mono\", monospace; letter-spacing: 1.5px; text-transform: uppercase;"[31m
            [36m>[31m
              [0mAnalytics[0m
            [36m</div>[31m
            [36m<div[31m
              [33mstyle[31m=[32m"font-size: 26px; font-weight: 800; color: rgb(255, 255, 255); font-family: \"Outfit\", sans-serif; margin-top: 2px;"[31m
            [36m>[31m
              [0mProgress[0m
            [36m</div>[31m
          [36m</div>[31m
          [36m<div[31m
            [33mstyle[31m=[32m"display: flex; gap: 8px; margin-bottom: 20px;"[31m
          [36m>[31m
            [36m<button[31m
              [33mstyle[31m=[32m"padding: 8px 16px; border-radius: 12px; border: 1.5px solid rgb(167, 139, 250); background: rgba(167, 139, 250, 0.082); color: rgb(167, 139, 250); font-size: 13px; font-weight: 600; font-family: \"Outfit\", sans-serif; cursor: pointer; white-space: nowrap; transition: all 0.2s ease;"[31m
            [36m>[31m
              [0m4W[0m
            [36m</button>[31m
            [36m<button[31m
              [33mstyle[31m=[32m"padding: 8px 16px; border-radius: 12px; border: 1px solid rgba(255, 255, 255, 0.08); background: rgb(26, 28, 36); color: rgba(255, 255, 255, 0.55); font-size: 13px; font-weight: 600; font-family: \"Outfit\", sans-serif; cursor: pointer; white-space: nowrap; transition: all 0.2s ease;"[31m
            [36m>[31m
              [0m3M[0m
            [36m</button>[31m
            [36m<button[31m
              [33mstyle[31m=[32m"padding: 8px 16px; border-radius: 12px; border: 1px solid rgba(255, 255, 255, 0.08); background: rgb(26, 28, 36); color: rgba(255, 255, 255, 0.55); font-size: 13px; font-weight: 600; font-family: \"Outfit\", sans-serif; cursor: pointer; white-space: nowrap; transition: all 0.2s ease;"[31m
            [36m>[31m
              [0mAll[0m
            [36m</button>[31m
          [36m</div>[31m
          [36m<div[31m
            [33mstyle[31m=[32m"background: rgb(26, 28, 36); border-radius: 18px; padding: 18px; border: 1px solid rgba(167, 139, 250, 0.157); margin-bottom: 16px;"[31m
          [36m>[31m
            [36m<div[31m
              [33mstyle[31m=[32m"font-size: 10px; color: rgb(161, 161, 170); font-family: \"JetBrains Mono\", monospace; letter-spacing: 1.5px; text-transform: uppercase; margin-bottom: 12px;"[31m
            [36m>[31m
              [0mStrength Trends[0m
            [36m</div>[31m
            [36m<div[31m
              [33mstyle[31m=[32m"display: flex; align-items: center; justify-content: space-between; margin-bottom: 12px;"[31m
            [36m>[31m
              [36m<span[31m
                [33mstyle[31m=[32m"font-size: 14px; font-weight: 600; color: rgb(255, 255, 255); min-width: 100px;"[31m
              [36m>[31m
                [0mBench Press[0m
              [36m</span>[31m
              [36m<span[31m
                [33mstyle[31m=[32m"font-size: 12px; color: rgb(161, 161, 170);"[31m
              [36m>[31m
                [0mNo data yet[0m
              [36m</span>[31m
            [36m</div>[31m
            [36m<div[31m
              [33mstyle[31m=[32m"display: flex; align-items: center; justify-content: space-between; margin-bottom: 12px;"[31m
            [36m>[31m
              [36m<span[31m
                [33mstyle[31m=[32m"font-size: 14px; font-weight: 600; color: rgb(255, 255, 255); min-width: 100px;"[31m
              [36m>[31m
                [0mBack Squat[0m
              [36m</span>[31m
              [36m<span[31m
                [33mstyle[31m=[32m"font-size: 12px; color: rgb(161, 161, 170);"[31m
              [36m>[31m
                [0mNo data yet[0m
              [36m</span>[31m
            [36m</div>[31m
            [36m<div[31m
              [33mstyle[31m=[32m"display: flex; align-items: center; justify-content: space-between; margin-bottom: 12px;"[31m
            [36m>[31m
              [36m<span[31m
                [33mstyle[31m=[32m"font-size: 14px; font-weight: 600; color: rgb(255, 255, 255); min-width: 100px;"[31m
              [36m>[31m
                [0mDeadlift[0m
              [36m</span>[31m
              [36m<span[31m
                [33mstyle[31m=[32m"font-size: 12px; color: rgb(161, 161, 170);"[31m
              [36m>[31m
                [0mNo data yet[0m
              [36m</span>[31m
            [36m</div>[31m
            [36m<button[31m
              [33mstyle[31m=[32m"margin-top: 4px; width: 100%; padding: 10px; border-radius: 12px; border: 1px solid rgba(167, 139, 250, 0.25); background: rgba(167, 139, 250, 0.063); color: rgb(167, 139, 250); font-size: 13px; font-weight: 600; cursor: pointer; font-family: \"Outfit\", sans-serif;"[31m
            [36m>[31m
              [0mView trends →[0m
            [36m</button>[31m
          [36m</div>[31m
          [36m<div[31m
            [33mstyle[31m=[32m"background: rgb(26, 28, 36); border-radius: 18px; padding: 18px; border: 1px solid rgba(255, 255, 255, 0.08); margin-bottom: 16px;"[31m
          [36m>[31m
            [36m<div[31m
              [33mstyle[31m=[32m"font-size: 10px; color: rgb(161, 161, 170); font-family: \"JetBrains Mono\", monospace; letter-spacing: 1.5px; text-transform: uppercase; margin-bottom: 12px;"[31m
            [36m>[31m
              [0mConsistency[0m
            [36m</div>[31m
            [36m<div[31m
              [33mstyle[31m=[32m"display: flex; justify-content: space-between; margin-bottom: 14px;"[31m
            [36m>[31m
              [36m<div>[31m
                [36m<div[31m
                  [33mstyle[31m=[32m"font-size: 28px; font-weight: 800; color: rgb(255, 255, 255); line-height: 1;"[31m
                [36m>[31m
                  [0m0[0m
                [36m</div>[31m
    ...

Ignored nodes: comments, script, style
[36m<html>[31m
  [36m<head />[31m
  [36m<body>[31m
    [36m<div>[31m
      [36m<div[31m
        [33mclass[31m=[32m"app-shell"[31m
        [33mstyle[31m=[32m"background: rgb(14, 15, 20); overflow: hidden; font-family: \"Outfit\", sans-serif; display: flex; position: relative; flex-direction: column;"[31m
      [36m>[31m
        [36m<link[31m
          [33mhref[31m=[32m"https://fonts.googleapis.com/css2?family=Outfit:wght@400;500;600;700;800&family=JetBrains+Mono:wght@400;500;600;700&display=swap"[31m
          [33mrel[31m=[32m"stylesheet"[31m
        [36m/>[31m
        [36m<div[31m
          [33mstyle[31m=[32m"flex: 1 1 0%; overflow-y: auto; overflow-x: hidden; display: flex; flex-direction: column;"[31m
        [36m>[31m
          [36m<div[31m
            [33mstyle[31m=[32m"padding: 0px 20px 110px; opacity: 1; transition: opacity .4s;"[31m
          [36m>[31m
            [36m<div[31m
              [33mstyle[31m=[32m"padding: 14px 0px 16px;"[31m
            [36m>[31m
              [36m<div[31m
                [33mstyle[31m=[32m"font-size: 12px; color: rgb(161, 161, 170); font-family: \"JetBrains Mono\", monospace; letter-spacing: 1.5px; text-transform: uppercase;"[31m
              [36m>[31m
                [0mAnalytics[0m
              [36m</div>[31m
              [36m<div[31m
                [33mstyle[31m=[32m"font-size: 26px; font-weight: 800; color: rgb(255, 255, 255); font-family: \"Outfit\", sans-serif; margin-top: 2px;"[31m
              [36m>[31m
                [0mProgress[0m
              [36m</div>[31m
            [36m</div>[31m
            [36m<div[31m
              [33mstyle[31m=[32m"display: flex; gap: 8px; margin-bottom: 20px;"[31m
            [36m>[31m
              [36m<button[31m
                [33mstyle[31m=[32m"padding: 8px 16px; border-radius: 12px; border: 1.5px solid rgb(167, 139, 250); background: rgba(167, 139, 250, 0.082); color: rgb(167, 139, 250); font-size: 13px; font-weight: 600; font-family: \"Outfit\", sans-serif; cursor: pointer; white-space: nowrap; transition: all 0.2s ease;"[31m
              [36m>[31m
                [0m4W[0m
              [36m</button>[31m
              [36m<button[31m
                [33mstyle[31m=[32m"padding: 8px 16px; border-radius: 12px; border: 1px solid rgba(255, 255, 255, 0.08); background: rgb(26, 28, 36); color: rgba(255, 255, 255, 0.55); font-size: 13px; font-weight: 600; font-family: \"Outfit\", sans-serif; cursor: pointer; white-space: nowrap; transition: all 0.2s ease;"[31m
              [36m>[31m
                [0m3M[0m
              [36m</button>[31m
              [36m<button[31m
                [33mstyle[31m=[32m"padding: 8px 16px; border-radius: 12px; border: 1px solid rgba(255, 255, 255, 0.08); background: rgb(26, 28, 36); color: rgba(255, 255, 255, 0.55); font-size: 13px; font-weight: 600; font-family: \"Outfit\", sans-serif; cursor: pointer; white-space: nowrap; transition: all 0.2s ease;"[31m
              [36m>[31m
                [0mAll[0m
              [36m</button>[31m
            [36m</div>[31m
            [36m<div[31m
              [33mstyle[31m=[32m"background: rgb(26, 28, 36); border-radius: 18px; padding: 18px; border: 1px solid rgba(167, 139, 250, 0.157); margin-bottom: 16px;"[31m
            [36m>[31m
              [36m<div[31m
                [33mstyle[31m=[32m"font-size: 10px; color: rgb(161, 161, 170); font-family: \"JetBrains Mono\", monospace; letter-spacing: 1.5px; text-transform: uppercase; margin-bottom: 12px;"[31m
              [36m>[31m
                [0mStrength Trends[0m
              [36m</div>[31m
              [36m<div[31m
                [33mstyle[31m=[32m"display: flex; align-items: center; justify-content: space-between; margin-bottom: 12px;"[31m
              [36m>[31m
                [36m<span[31m
                  [33mstyle[31m=[32m"font-size: 14px; font-weight: 600; color: rgb(255, 255, 255); min-width: 100px;"[31m
                [36m>[31m
                  [0mBench Press[0m
                [36m</span>[31m
                [36m<span[31m
                  [33mstyle[31m=[32m"font-size: 12px; color: rgb(161, 161, 170);"[31m
                [36m>[31m
                  [0mNo data yet[0m
                [36m</span>[31m
              [36m</div>[31m
              [36m<div[31m
                [33mstyle[31m=[32m"display: flex; align-items: center; justify-content: space-between; margin-bottom: 12px;"[31m
              [36m>[31m
                [36m<span[31m
                  [33mstyle[31m=[32m"font-size: 14px; font-weight: 600; color: rgb(255, 255, 255); min-width: 100px;"[31m
                [36m>[31m
                  [0mBack Squat[0m
                [36m</span>[31m
                [36m<span[31m
                  [33mstyle[31m=[32m"font-size: 12px; color: rgb(161, 161, 170);"[31m
                [36m>[31m
                  [0mNo data yet[0m
                [36m</span>[31m
              [36m</div>[31m
              [36m<div[31m
                [33mstyle[31m=[32m"display: flex; align-items: center; justify-content: space-between; margin-bottom: 12px;"[31m
              [36m>[31m
                [36m<span[31m
                  [33mstyle[31m=[32m"font-size: 14px; font-weight: 600; color: rgb(255, 255, 255); min-width: 100px;"[31m
                [36m>[31m
                  [0mDeadlift[0m
                [36m</span>[31m
                [36m<span[31m
                  [33mstyle[31m=[32m"font-size: 12px; color: rgb(161, 161, 170);"[31m
                [36m>[31m
                  [0mNo data yet[0m
                [36m</span>[31m
              [36m</div>[31m
              [36m<button[31m
                [33mstyle[31m=[32m"margin-top: 4px; width: 100%; padding: 10px; border-radius: 12px; border: 1px solid rgba(167, 139, 250, 0.25); background: rgba(167, 139, 250, 0.063); color: rgb(167, 139, 250); font-size: 13px; font-weight: 600; cursor: pointer; font-family: \"Outfit\", sans-serif;"[31m
              [36m>[31m
                [0mView trends →[0m
              [36m</button>[31m
            [36m</div>[31m
            [36m<div[31m
              [33mstyle[31m=[32m"background: rgb(26, 28, 36); border-radius: 18px; padding: 18px; border: 1px solid rgba(255, 255, 255, 0.08); margin-bottom: 16px;"[31m
            [36m>[31m
              [36m<div[31m
                [33mstyle[31m=[32m"font-size: 10px; color: rgb(161, 161, 170); font-family: \"JetBrains Mono\", monospace; letter-spacing: 1.5px; text-transform: uppercase; margin-bottom: 12px;"[31m
              [36m>[31m
                [0mConsistency[0m
              [36m</div>[31m
              [36m<div[31m
                [33mstyle[31m=[32m"display: flex; justify-content: space-between; margin-bottom: 14px;"[31m
              [36m>[31m
        ...[39m
 [32m✓[39m src/__tests__/HomeScreen.test.jsx[2m > [22mHomeScreen[2m > [22mnavigates to History tab[32m 115[2mms[22m[39m
 [32m✓[39m src/__tests__/WorkoutFlow.test.jsx[2m > [22mWorkout Flow[2m > [22mWorkout Screen[2m > [22mshows exercise list[33m 505[2mms[22m[39m
 [32m✓[39m src/__tests__/ProfileModal.test.jsx[2m > [22mProfileModal[2m > [22mshows user initial in large avatar[32m 205[2mms[22m[39m
 [32m✓[39m src/__tests__/AICoachScreen.test.jsx[2m > [22mAICoachScreen[2m > [22mshows fallback error message when error has no message[32m 269[2mms[22m[39m
 [32m✓[39m src/__tests__/HomeScreen.test.jsx[2m > [22mHomeScreen[2m > [22mnavigates to Stats tab[32m 143[2mms[22m[39m
 [32m✓[39m src/__tests__/ProfileModal.test.jsx[2m > [22mProfileModal[2m > [22muses email prefix as name when no name set[32m 241[2mms[22m[39m
 [32m✓[39m src/__tests__/HomeScreen.test.jsx[2m > [22mHomeScreen[2m > [22mcalculates workouts this week correctly[32m 129[2mms[22m[39m
 [32m✓[39m src/__tests__/OnboardingScreen.test.jsx[2m > [22mOnboardingScreen[2m > [22mcalls updateProfile on finish with correct data[33m 619[2mms[22m[39m
 [32m✓[39m src/__tests__/OnboardingScreen.test.jsx[2m > [22mOnboardingScreen[2m > [22mshows back button on steps after first[32m 95[2mms[22m[39m
 [32m✓[39m src/__tests__/WorkoutFeedbackFlow.test.jsx[2m > [22mWorkout completion flow[2m > [22mprogram workout incomplete sets → reduce-sets prompt → reduceSetsFutureWorkouts[2m > [22mfull path: incomplete → prompt → decline → does NOT call reduceSetsFutureWorkouts[33m 386[2mms[22m[39m
 [32m✓[39m src/__tests__/AICoachScreen.test.jsx[2m > [22mAICoachScreen[2m > [22mdecrements quota after successful query[32m 190[2mms[22m[39m
 [32m✓[39m src/__tests__/OnboardingScreen.test.jsx[2m > [22mOnboardingScreen[2m > [22mcan navigate back to previous step[32m 142[2mms[22m[39m
 [32m✓[39m src/__tests__/AICoachScreen.test.jsx[2m > [22mAICoachScreen[2m > [22mshows action panel after response (no enrollment shows create program button)[32m 194[2mms[22m[39m
 [32m✓[39m src/__tests__/WorkoutFlow.test.jsx[2m > [22mWorkout Flow[2m > [22mWorkout Screen[2m > [22mshows set/rep table for each exercise[33m 488[2mms[22m[39m
 [32m✓[39m src/__tests__/PricingScreen.test.jsx[2m > [22mPricingScreen[2m > [22mmarks Pro as POPULAR[33m 738[2mms[22m[39m
 [32m✓[39m src/__tests__/WorkoutFeedbackFlow.test.jsx[2m > [22mWorkout completion flow[2m > [22mprogram workout incomplete sets → reduce-sets prompt → reduceSetsFutureWorkouts[2m > [22mfully completed workout skips the incomplete-sets modal entirely[32m 291[2mms[22m[39m
 [32m✓[39m src/__tests__/OnboardingScreen.test.jsx[2m > [22mOnboardingScreen[2m > [22mconverts imperial weight to metric[33m 373[2mms[22m[39m
 [32m✓[39m src/__tests__/AICoachScreen.test.jsx[2m > [22mAICoachScreen[2m > [22mshows follow-up buttons when no pending action (after error response)[32m 215[2mms[22m[39m
 [32m✓[39m src/__tests__/WorkoutFeedbackFlow.test.jsx[2m > [22mWorkout completion flow[2m > [22mnavigation guards[2m > [22mback button from template picker returns to home[32m 189[2mms[22m[39m
 [32m✓[39m src/__tests__/AICoachScreen.test.jsx[2m > [22mAICoachScreen[2m > [22mshows "New" button after sending a message[32m 186[2mms[22m[39m
 [32m✓[39m src/__tests__/WorkoutFlow.test.jsx[2m > [22mWorkout Flow[2m > [22mWorkout Screen[2m > [22mshows progress bar[33m 397[2mms[22m[39m
 [31m×[39m src/__tests__/HistoryAndStats.test.jsx[2m > [22mStatsScreen[2m > [22mshows 8-Week Volume chart section[33m 1169[2mms[22m[39m
[31m   → Unable to find an element with the text: 8-Week Volume. This could be because the text is broken up by multiple elements. In this case, you can provide a function for your text matcher to make your matcher more flexible.

Ignored nodes: comments, script, style
[36m<body>[31m
  [36m<div>[31m
    [36m<div[31m
      [33mclass[31m=[32m"app-shell"[31m
      [33mstyle[31m=[32m"background: rgb(14, 15, 20); overflow: hidden; font-family: \"Outfit\", sans-serif; display: flex; position: relative; flex-direction: column;"[31m
    [36m>[31m
      [36m<link[31m
        [33mhref[31m=[32m"https://fonts.googleapis.com/css2?family=Outfit:wght@400;500;600;700;800&family=JetBrains+Mono:wght@400;500;600;700&display=swap"[31m
        [33mrel[31m=[32m"stylesheet"[31m
      [36m/>[31m
      [36m<div[31m
        [33mstyle[31m=[32m"flex: 1 1 0%; overflow-y: auto; overflow-x: hidden; display: flex; flex-direction: column;"[31m
      [36m>[31m
        [36m<div[31m
          [33mstyle[31m=[32m"padding: 0px 20px 110px; opacity: 1; transition: opacity .4s;"[31m
        [36m>[31m
          [36m<div[31m
            [33mstyle[31m=[32m"padding: 14px 0px 16px;"[31m
          [36m>[31m
            [36m<div[31m
              [33mstyle[31m=[32m"font-size: 12px; color: rgb(161, 161, 170); font-family: \"JetBrains Mono\", monospace; letter-spacing: 1.5px; text-transform: uppercase;"[31m
            [36m>[31m
              [0mAnalytics[0m
            [36m</div>[31m
            [36m<div[31m
              [33mstyle[31m=[32m"font-size: 26px; font-weight: 800; color: rgb(255, 255, 255); font-family: \"Outfit\", sans-serif; margin-top: 2px;"[31m
            [36m>[31m
              [0mProgress[0m
            [36m</div>[31m
          [36m</div>[31m
          [36m<div[31m
            [33mstyle[31m=[32m"display: flex; gap: 8px; margin-bottom: 20px;"[31m
          [36m>[31m
            [36m<button[31m
              [33mstyle[31m=[32m"padding: 8px 16px; border-radius: 12px; border: 1.5px solid rgb(167, 139, 250); background: rgba(167, 139, 250, 0.082); color: rgb(167, 139, 250); font-size: 13px; font-weight: 600; font-family: \"Outfit\", sans-serif; cursor: pointer; white-space: nowrap; transition: all 0.2s ease;"[31m
            [36m>[31m
              [0m4W[0m
            [36m</button>[31m
            [36m<button[31m
              [33mstyle[31m=[32m"padding: 8px 16px; border-radius: 12px; border: 1px solid rgba(255, 255, 255, 0.08); background: rgb(26, 28, 36); color: rgba(255, 255, 255, 0.55); font-size: 13px; font-weight: 600; font-family: \"Outfit\", sans-serif; cursor: pointer; white-space: nowrap; transition: all 0.2s ease;"[31m
            [36m>[31m
              [0m3M[0m
            [36m</button>[31m
            [36m<button[31m
              [33mstyle[31m=[32m"padding: 8px 16px; border-radius: 12px; border: 1px solid rgba(255, 255, 255, 0.08); background: rgb(26, 28, 36); color: rgba(255, 255, 255, 0.55); font-size: 13px; font-weight: 600; font-family: \"Outfit\", sans-serif; cursor: pointer; white-space: nowrap; transition: all 0.2s ease;"[31m
            [36m>[31m
              [0mAll[0m
            [36m</button>[31m
          [36m</div>[31m
          [36m<div[31m
            [33mstyle[31m=[32m"text-align: center; padding-top: 80px;"[31m
          [36m>[31m
            [36m<div[31m
              [33mstyle[31m=[32m"font-size: 40px; margin-bottom: 16px;"[31m
            [36m>[31m
              [0m📊[0m
            [36m</div>[31m
            [36m<div[31m
              [33mstyle[31m=[32m"font-size: 20px; font-weight: 800; color: rgb(255, 255, 255);"[31m
            [36m>[31m
              [0mNo data yet[0m
            [36m</div>[31m
            [36m<div[31m
              [33mstyle[31m=[32m"font-size: 14px; color: rgb(161, 161, 170); margin-top: 8px;"[31m
            [36m>[31m
              [0mComplete your first workout to see insights[0m
            [36m</div>[31m
          [36m</div>[31m
        [36m</div>[31m
      [36m</div>[31m
      [36m<div[31m
        [33mstyle[31m=[32m"position: absolute; bottom: 0px; left: 0px; right: 0px; height: calc(72px + env(0px * , * safe-area-inset-bottom)); background: linear-gradient(to top, rgb(14, 15, 20) 70%, transparent); display: flex; justify-content: space-around; align-items: flex-start; padding-top: 10px;"[31m
      [36m>[31m
        [36m<button[31m
          [33mstyle[31m=[32m"background: none; border: medium; cursor: pointer; display: flex; flex-direction: column; align-items: center; gap: 3px; color: rgba(255, 255, 255, 0.2); transition: color .2s ease; padding: 4px 12px;"[31m
        [36m>[31m
          [36m<span[31m
            [33mstyle[31m=[32m"font-size: 18px; line-height: 1;"[31m
          [36m>[31m
            [0m⌂[0m
          [36m</span>[31m
          [36m<span[31m
            [33mstyle[31m=[32m"font-size: 9px; font-weight: 600; font-family: \"JetBrains Mono\", monospace; letter-spacing: 0.5px;"[31m
          [36m>[31m
            [0mHome[0m
          [36m</span>[31m
        [36m</button>[31m
        [36m<button[31m
          [33mstyle[31m=[32m"background: none; border: medium; cursor: pointer; display: flex; flex-direction: column; align-items: center; gap: 3px; color: rgba(255, 255, 255, 0.2); transition: color .2s ease; padding: 4px 12px;"[31m
        [36m>[31m
          [36m<span[31m
            [33mstyle[31m=[32m"font-size: 18px; line-height: 1;"[31m
          [36m>[31m
            [0m📋[0m
          [36m</span>[31m
          [36m<span[31m
            [33mstyle[31m=[32m"font-size: 9px; font-weight: 600; font-family: \"JetBrains Mono\", monospace; letter-spacing: 0.5px;"[31m
          [36m>[31m
            [0mProgram[0m
          [36m</span>[31m
        [36m</button>[31m
        [36m<button[31m
          [33mstyle[31m=[32m"background: none; border: medium; cursor: pointer; display: flex; flex-direction: column; align-items: center; gap: 3px; color: rgba(255, 255, 255, 0.2); transition: color .2s ease; padding: 4px 12px;"[31m
        [36m>[31m
          [36m<span[31m
            [33mstyle[31m=[32m"font-size: 18px; line-height: 1;"[31m
          [36m>[31m
            [0m🧠[0m
          [36m</span>[31m
          [36m<span[31m
            [33mstyle[31m=[32m"font-size: 9px; font-weight: 600; font-family: \"JetBrains Mono\", monospace; letter-spacing: 0.5px;"[31m
          [36m>[31m
            [0mCoach[0m
          [36m</span>[31m
        [36m</button>[31m
        [36m<button[31m
          [33mstyle[31m=[32m"background: none; border: medium; cursor: pointer; display: flex; flex-direction: column; align-items: center; gap: 3px; color: rgba(255, 255, 255, 0.2); transition: color .2s ease; padding: 4px 12px;"[31m
        [36m>[31m
          [36m<span[31m
            [33mstyle[31m=[32m"font-size: 18px; line-height: 1;"[31m
          [36m>[31m
            [0m☰[0m
          [36m</span>[31m
          [36m<span[31m
            [33mstyle[31m=[32m"font-size: 9px; font-weight: 600; font-family: \"JetBrains Mono\", monospace; letter-spacing: 0.5px;"[31m
          [36m>[31m
            [0mHistory[0m
          [36m</span>[31m
        [36m</button>[31m
        [36m<button[31m
          [33mstyle[31m=[32m"background: none; border: medium; cursor: pointer; display: flex; flex-direction: column; align-items: center; gap: 3px; color: rgb(167, 139, 250); transition: color .2s ease; padding: 4px 12px;"[31m
        [36m>[31m
          [36m<span[31m
            [33mstyle[31m=[32m"font-size: 18px; line-height: 1;"[31m
          [36m>[31m
            [0m◈[0m
          [36m</span>[31m
          [36m<span[31m
            [33mstyle[31m=[32m"font-size: 9px; font-weight: 600; font-family: \"JetBrains Mono\", monospace; letter-spacing: 0.5px;"[31m
          [36m>[31m
            [0mStats[0m
          [36m</span>[31m
        [36m</button>[31m
      [36m</div>[31m
      [36m<div[31m
        [33mstyle[31m=[32m"position: absolute; bottom: calc(6px + env(0px * , * safe-area-inset-bottom)); left: 50%; transform: translateX(-50%); width: 134px; height: 4px; border-radius: 2px; background: rgba(255, 255, 255, 0.12);"[31m
      [36m/>[31m
    [36m</div>[31m
  [36m</div>[31m
[36m</body>[31m

Ignored nodes: comments, script, style
[36m<html>[31m
  [36m<head />[31m
  [36m<body>[31m
    [36m<div>[31m
      [36m<div[31m
        [33mclass[31m=[32m"app-shell"[31m
        [33mstyle[31m=[32m"background: rgb(14, 15, 20); overflow: hidden; font-family: \"Outfit\", sans-serif; display: flex; position: relative; flex-direction: column;"[31m
      [36m>[31m
        [36m<link[31m
          [33mhref[31m=[32m"https://fonts.googleapis.com/css2?family=Outfit:wght@400;500;600;700;800&family=JetBrains+Mono:wght@400;500;600;700&display=swap"[31m
          [33mrel[31m=[32m"stylesheet"[31m
        [36m/>[31m
        [36m<div[31m
          [33mstyle[31m=[32m"flex: 1 1 0%; overflow-y: auto; overflow-x: hidden; display: flex; flex-direction: column;"[31m
        [36m>[31m
          [36m<div[31m
            [33mstyle[31m=[32m"padding: 0px 20px 110px; opacity: 1; transition: opacity .4s;"[31m
          [36m>[31m
            [36m<div[31m
              [33mstyle[31m=[32m"padding: 14px 0px 16px;"[31m
            [36m>[31m
              [36m<div[31m
                [33mstyle[31m=[32m"font-size: 12px; color: rgb(161, 161, 170); font-family: \"JetBrains Mono\", monospace; letter-spacing: 1.5px; text-transform: uppercase;"[31m
              [36m>[31m
                [0mAnalytics[0m
              [36m</div>[31m
              [36m<div[31m
                [33mstyle[31m=[32m"font-size: 26px; font-weight: 800; color: rgb(255, 255, 255); font-family: \"Outfit\", sans-serif; margin-top: 2px;"[31m
              [36m>[31m
                [0mProgress[0m
              [36m</div>[31m
            [36m</div>[31m
            [36m<div[31m
              [33mstyle[31m=[32m"display: flex; gap: 8px; margin-bottom: 20px;"[31m
            [36m>[31m
              [36m<button[31m
                [33mstyle[31m=[32m"padding: 8px 16px; border-radius: 12px; border: 1.5px solid rgb(167, 139, 250); background: rgba(167, 139, 250, 0.082); color: rgb(167, 139, 250); font-size: 13px; font-weight: 600; font-family: \"Outfit\", sans-serif; cursor: pointer; white-space: nowrap; transition: all 0.2s ease;"[31m
              [36m>[31m
                [0m4W[0m
              [36m</button>[31m
              [36m<button[31m
                [33mstyle[31m=[32m"padding: 8px 16px; border-radius: 12px; border: 1px solid rgba(255, 255, 255, 0.08); background: rgb(26, 28, 36); color: rgba(255, 255, 255, 0.55); font-size: 13px; font-weight: 600; font-family: \"Outfit\", sans-serif; cursor: pointer; white-space: nowrap; transition: all 0.2s ease;"[31m
              [36m>[31m
                [0m3M[0m
              [36m</button>[31m
              [36m<button[31m
                [33mstyle[31m=[32m"padding: 8px 16px; border-radius: 12px; border: 1px solid rgba(255, 255, 255, 0.08); background: rgb(26, 28, 36); color: rgba(255, 255, 255, 0.55); font-size: 13px; font-weight: 600; font-family: \"Outfit\", sans-serif; cursor: pointer; white-space: nowrap; transition: all 0.2s ease;"[31m
              [36m>[31m
                [0mAll[0m
              [36m</button>[31m
            [36m</div>[31m
            [36m<div[31m
              [33mstyle[31m=[32m"text-align: center; padding-top: 80px;"[31m
            [36m>[31m
              [36m<div[31m
                [33mstyle[31m=[32m"font-size: 40px; margin-bottom: 16px;"[31m
              [36m>[31m
                [0m📊[0m
              [36m</div>[31m
              [36m<div[31m
                [33mstyle[31m=[32m"font-size: 20px; font-weight: 800; color: rgb(255, 255, 255);"[31m
              [36m>[31m
                [0mNo data yet[0m
              [36m</div>[31m
              [36m<div[31m
                [33mstyle[31m=[32m"font-size: 14px; color: rgb(161, 161, 170); margin-top: 8px;"[31m
              [36m>[31m
                [0mComplete your first workout to see insights[0m
              [36m</div>[31m
            [36m</div>[31m
          [36m</div>[31m
        [36m</div>[31m
        [36m<div[31m
          [33mstyle[31m=[32m"position: absolute; bottom: 0px; left: 0px; right: 0px; height: calc(72px + env(0px * , * safe-area-inset-bottom)); background: linear-gradient(to top, rgb(14, 15, 20) 70%, transparent); display: flex; justify-content: space-around; align-items: flex-start; padding-top: 10px;"[31m
        [36m>[31m
          [36m<button[31m
            [33mstyle[31m=[32m"background: none; border: medium; cursor: pointer; display: flex; flex-direction: column; align-items: center; gap: 3px; color: rgba(255, 255, 255, 0.2); transition: color .2s ease; padding: 4px 12px;"[31m
          [36m>[31m
            [36m<span[31m
              [33mstyle[31m=[32m"font-size: 18px; line-height: 1;"[31m
            [36m>[31m
              [0m⌂[0m
            [36m</span>[31m
            [36m<span[31m
              [33mstyle[31m=[32m"font-size: 9px; font-weight: 600; font-family: \"JetBrains Mono\", monospace; letter-spacing: 0.5px;"[31m
            [36m>[31m
              [0mHome[0m
            [36m</span>[31m
          [36m</button>[31m
          [36m<button[31m
            [33mstyle[31m=[32m"background: none; border: medium; cursor: pointer; display: flex; flex-direction: column; align-items: center; gap: 3px; color: rgba(255, 255, 255, 0.2); transition: color .2s ease; padding: 4px 12px;"[31m
          [36m>[31m
            [36m<span[31m
              [33mstyle[31m=[32m"font-size: 18px; line-height: 1;"[31m
            [36m>[31m
              [0m📋[0m
            [36m</span>[31m
            [36m<span[31m
              [33mstyle[31m=[32m"font-size: 9px; font-weight: 600; font-family: \"JetBrains Mono\", monospace; letter-spacing: 0.5px;"[31m
            [36m>[31m
              [0mProgram[0m
            [36m</span>[31m
          [36m</button>[31m
          [36m<button[31m
            [33mstyle[31m=[32m"background: none; border: medium; cursor: pointer; display: flex; flex-direction: column; align-items: center; gap: 3px; color: rgba(255, 255, 255, 0.2); transition: color .2s ease; padding: 4px 12px;"[31m
          [36m>[31m
            [36m<span[31m
              [33mstyle[31m=[32m"font-size: 18px; line-height: 1;"[31m
            [36m>[31m
              [0m🧠[0m
            [36m</span>[31m
            [36m<span[31m
              [33mstyle[31m=[32m"font-size: 9px; font-weight: 600; font-family: \"JetBrains Mono\", monospace; letter-spacing: 0.5px;"[31m
            [36m>[31m
              [0mCoach[0m
            [36m</span>[31m
          [36m</button>[31m
          [36m<button[31m
            [33mstyle[31m=[32m"background: none; border: medium; cursor: pointer; display: flex; flex-direction: column; align-items: center; gap: 3px; color: rgba(255, 255, 255, 0.2); transition: color .2s ease; padding: 4px 12px;"[31m
          [36m>[31m
            [36m<span[31m
              [33mstyle[31m=[32m"font-size: 18px; line-height: 1;"[31m
            [36m>[31m
              [0m☰[0m
            [36m</span>[31m
            [36m<span[31m
              [33mstyle[31m=[32m"font-size: 9px; font-weight: 600; font-family: \"JetBrains Mono\", monospace; letter-spacing: 0.5px;"[31m
            [36m>[31m
              [0mHistory[0m
            [36m</span>[31m
          [36m</button>[31m
          [36m<button[31m
            [33mstyle[31m=[32m"background: none; border: medium; cursor: pointer; display: flex; flex-direction: column; align-items: center; gap: 3px; color: rgb(167, 139, 250); transition: color .2s ease; padding: 4px 12px;"[31m
          [36m>[31m
            [36m<span[31m
              [33mstyle[31m=[32m"font-size: 18px; line-height: 1;"[31m
            [36m>[31m
              [0m◈[0m
            [36m</span>[31m
            [36m<span[31m
              [33mstyle[31m=[32m"font-size: 9px; font-weight: 600; font-family: \"JetBrains Mono\", monospace; letter-spacing: 0.5px;"[31m
            [36m>[31m
              [0mStats[0m
            [36m</span>[31m
          [36m</button>[31m
        [36m</div>[31m
        [36m<div[31m
          [33mstyle[31m=[32m"position: absolute; bottom: calc(6px + env(0px * , * safe-area-inset-bottom)); left: 50%; transform: translateX(-50%); width: 134px; height: 4px; border-radius: 2px; background: rgba(255, 255, 255, 0.12);"[31m
        [36m/>[31m
      [36m</div>[31m
    [36m</div>[31m
  [36m</body>[31m
[36m</html>[31m[39m
 [32m✓[39m src/__tests__/AICoachScreen.test.jsx[2m > [22mAICoachScreen[2m > [22mresets conversation when New is clicked[32m 233[2mms[22m[39m
 [32m✓[39m src/__tests__/WorkoutFeedbackFlow.test.jsx[2m > [22mWorkout completion flow[2m > [22mnavigation guards[2m > [22mclose button from active workout returns to home[33m 508[2mms[22m[39m
 [32m✓[39m src/__tests__/WorkoutFeedbackFlow.test.jsx[2m > [22mError boundaries and resilience[2m > [22msession expiry[2m > [22mshows auth screen when getSession returns null on mount[32m 44[2mms[22m[39m
 [32m✓[39m src/__tests__/WorkoutFeedbackFlow.test.jsx[2m > [22mError boundaries and resilience[2m > [22msession expiry[2m > [22mshows auth screen when getProfile returns null (profile fetch fails)[32m 30[2mms[22m[39m
 [32m✓[39m src/__tests__/PricingScreen.test.jsx[2m > [22mPricingScreen[2m > [22mmarks current plan as CURRENT[33m 730[2mms[22m[39m
 [32m✓[39m src/__tests__/WorkoutFlow.test.jsx[2m > [22mWorkout Flow[2m > [22mWorkout Screen[2m > [22mshows Finish button[33m 494[2mms[22m[39m
 [32m✓[39m src/__tests__/AICoachScreen.test.jsx[2m > [22mAICoachScreen[2m > [22mRate limiting per subscription tier[2m > [22mfree plan: blocks after 5 queries[33m 713[2mms[22m[39m
 [32m✓[39m src/__tests__/WorkoutFlow.test.jsx[2m > [22mWorkout Flow[2m > [22mWorkout Screen[2m > [22mshows close (back) button[33m 450[2mms[22m[39m
 [32m✓[39m src/__tests__/PricingScreen.test.jsx[2m > [22mPricingScreen[2m > [22mshows upgrade button when selecting a different plan[33m 724[2mms[22m[39m
 [32m✓[39m src/__tests__/WorkoutFeedbackFlow.test.jsx[2m > [22mError boundaries and resilience[2m > [22mAI coach quota exceeded[2m > [22mshows daily limit message after exhausting free quota[33m 744[2mms[22m[39m
 [32m✓[39m src/__tests__/PricingScreen.test.jsx[2m > [22mPricingScreen[2m > [22mshows downgrade button when selecting free[32m 106[2mms[22m[39m
 [31m×[39m src/__tests__/HistoryAndStats.test.jsx[2m > [22mStatsScreen[2m > [22mshows Muscle Split section[33m 1148[2mms[22m[39m
[31m   → Unable to find an element with the text: Muscle Split. This could be because the text is broken up by multiple elements. In this case, you can provide a function for your text matcher to make your matcher more flexible.

Ignored nodes: comments, script, style
[36m<body>[31m
  [36m<div>[31m
    [36m<div[31m
      [33mclass[31m=[32m"app-shell"[31m
      [33mstyle[31m=[32m"background: rgb(14, 15, 20); overflow: hidden; font-family: \"Outfit\", sans-serif; display: flex; position: relative; flex-direction: column;"[31m
    [36m>[31m
      [36m<link[31m
        [33mhref[31m=[32m"https://fonts.googleapis.com/css2?family=Outfit:wght@400;500;600;700;800&family=JetBrains+Mono:wght@400;500;600;700&display=swap"[31m
        [33mrel[31m=[32m"stylesheet"[31m
      [36m/>[31m
      [36m<div[31m
        [33mstyle[31m=[32m"flex: 1 1 0%; overflow-y: auto; overflow-x: hidden; display: flex; flex-direction: column;"[31m
      [36m>[31m
        [36m<div[31m
          [33mstyle[31m=[32m"padding: 0px 20px 110px; opacity: 1; transition: opacity .4s;"[31m
        [36m>[31m
          [36m<div[31m
            [33mstyle[31m=[32m"padding: 14px 0px 16px;"[31m
          [36m>[31m
            [36m<div[31m
              [33mstyle[31m=[32m"font-size: 12px; color: rgb(161, 161, 170); font-family: \"JetBrains Mono\", monospace; letter-spacing: 1.5px; text-transform: uppercase;"[31m
            [36m>[31m
              [0mAnalytics[0m
            [36m</div>[31m
            [36m<div[31m
              [33mstyle[31m=[32m"font-size: 26px; font-weight: 800; color: rgb(255, 255, 255); font-family: \"Outfit\", sans-serif; margin-top: 2px;"[31m
            [36m>[31m
              [0mProgress[0m
            [36m</div>[31m
          [36m</div>[31m
          [36m<div[31m
            [33mstyle[31m=[32m"display: flex; gap: 8px; margin-bottom: 20px;"[31m
          [36m>[31m
            [36m<button[31m
              [33mstyle[31m=[32m"padding: 8px 16px; border-radius: 12px; border: 1.5px solid rgb(167, 139, 250); background: rgba(167, 139, 250, 0.082); color: rgb(167, 139, 250); font-size: 13px; font-weight: 600; font-family: \"Outfit\", sans-serif; cursor: pointer; white-space: nowrap; transition: all 0.2s ease;"[31m
            [36m>[31m
              [0m4W[0m
            [36m</button>[31m
            [36m<button[31m
              [33mstyle[31m=[32m"padding: 8px 16px; border-radius: 12px; border: 1px solid rgba(255, 255, 255, 0.08); background: rgb(26, 28, 36); color: rgba(255, 255, 255, 0.55); font-size: 13px; font-weight: 600; font-family: \"Outfit\", sans-serif; cursor: pointer; white-space: nowrap; transition: all 0.2s ease;"[31m
            [36m>[31m
              [0m3M[0m
            [36m</button>[31m
            [36m<button[31m
              [33mstyle[31m=[32m"padding: 8px 16px; border-radius: 12px; border: 1px solid rgba(255, 255, 255, 0.08); background: rgb(26, 28, 36); color: rgba(255, 255, 255, 0.55); font-size: 13px; font-weight: 600; font-family: \"Outfit\", sans-serif; cursor: pointer; white-space: nowrap; transition: all 0.2s ease;"[31m
            [36m>[31m
              [0mAll[0m
            [36m</button>[31m
          [36m</div>[31m
          [36m<div[31m
            [33mstyle[31m=[32m"text-align: center; padding-top: 80px;"[31m
          [36m>[31m
            [36m<div[31m
              [33mstyle[31m=[32m"font-size: 40px; margin-bottom: 16px;"[31m
            [36m>[31m
              [0m📊[0m
            [36m</div>[31m
            [36m<div[31m
              [33mstyle[31m=[32m"font-size: 20px; font-weight: 800; color: rgb(255, 255, 255);"[31m
            [36m>[31m
              [0mNo data yet[0m
            [36m</div>[31m
            [36m<div[31m
              [33mstyle[31m=[32m"font-size: 14px; color: rgb(161, 161, 170); margin-top: 8px;"[31m
            [36m>[31m
              [0mComplete your first workout to see insights[0m
            [36m</div>[31m
          [36m</div>[31m
        [36m</div>[31m
      [36m</div>[31m
      [36m<div[31m
        [33mstyle[31m=[32m"position: absolute; bottom: 0px; left: 0px; right: 0px; height: calc(72px + env(0px * , * safe-area-inset-bottom)); background: linear-gradient(to top, rgb(14, 15, 20) 70%, transparent); display: flex; justify-content: space-around; align-items: flex-start; padding-top: 10px;"[31m
      [36m>[31m
        [36m<button[31m
          [33mstyle[31m=[32m"background: none; border: medium; cursor: pointer; display: flex; flex-direction: column; align-items: center; gap: 3px; color: rgba(255, 255, 255, 0.2); transition: color .2s ease; padding: 4px 12px;"[31m
        [36m>[31m
          [36m<span[31m
            [33mstyle[31m=[32m"font-size: 18px; line-height: 1;"[31m
          [36m>[31m
            [0m⌂[0m
          [36m</span>[31m
          [36m<span[31m
            [33mstyle[31m=[32m"font-size: 9px; font-weight: 600; font-family: \"JetBrains Mono\", monospace; letter-spacing: 0.5px;"[31m
          [36m>[31m
            [0mHome[0m
          [36m</span>[31m
        [36m</button>[31m
        [36m<button[31m
          [33mstyle[31m=[32m"background: none; border: medium; cursor: pointer; display: flex; flex-direction: column; align-items: center; gap: 3px; color: rgba(255, 255, 255, 0.2); transition: color .2s ease; padding: 4px 12px;"[31m
        [36m>[31m
          [36m<span[31m
            [33mstyle[31m=[32m"font-size: 18px; line-height: 1;"[31m
          [36m>[31m
            [0m📋[0m
          [36m</span>[31m
          [36m<span[31m
            [33mstyle[31m=[32m"font-size: 9px; font-weight: 600; font-family: \"JetBrains Mono\", monospace; letter-spacing: 0.5px;"[31m
          [36m>[31m
            [0mProgram[0m
          [36m</span>[31m
        [36m</button>[31m
        [36m<button[31m
          [33mstyle[31m=[32m"background: none; border: medium; cursor: pointer; display: flex; flex-direction: column; align-items: center; gap: 3px; color: rgba(255, 255, 255, 0.2); transition: color .2s ease; padding: 4px 12px;"[31m
        [36m>[31m
          [36m<span[31m
            [33mstyle[31m=[32m"font-size: 18px; line-height: 1;"[31m
          [36m>[31m
            [0m🧠[0m
          [36m</span>[31m
          [36m<span[31m
            [33mstyle[31m=[32m"font-size: 9px; font-weight: 600; font-family: \"JetBrains Mono\", monospace; letter-spacing: 0.5px;"[31m
          [36m>[31m
            [0mCoach[0m
          [36m</span>[31m
        [36m</button>[31m
        [36m<button[31m
          [33mstyle[31m=[32m"background: none; border: medium; cursor: pointer; display: flex; flex-direction: column; align-items: center; gap: 3px; color: rgba(255, 255, 255, 0.2); transition: color .2s ease; padding: 4px 12px;"[31m
        [36m>[31m
          [36m<span[31m
            [33mstyle[31m=[32m"font-size: 18px; line-height: 1;"[31m
          [36m>[31m
            [0m☰[0m
          [36m</span>[31m
          [36m<span[31m
            [33mstyle[31m=[32m"font-size: 9px; font-weight: 600; font-family: \"JetBrains Mono\", monospace; letter-spacing: 0.5px;"[31m
          [36m>[31m
            [0mHistory[0m
          [36m</span>[31m
        [36m</button>[31m
        [36m<button[31m
          [33mstyle[31m=[32m"background: none; border: medium; cursor: pointer; display: flex; flex-direction: column; align-items: center; gap: 3px; color: rgb(167, 139, 250); transition: color .2s ease; padding: 4px 12px;"[31m
        [36m>[31m
          [36m<span[31m
            [33mstyle[31m=[32m"font-size: 18px; line-height: 1;"[31m
          [36m>[31m
            [0m◈[0m
          [36m</span>[31m
          [36m<span[31m
            [33mstyle[31m=[32m"font-size: 9px; font-weight: 600; font-family: \"JetBrains Mono\", monospace; letter-spacing: 0.5px;"[31m
          [36m>[31m
            [0mStats[0m
          [36m</span>[31m
        [36m</button>[31m
      [36m</div>[31m
      [36m<div[31m
        [33mstyle[31m=[32m"position: absolute; bottom: calc(6px + env(0px * , * safe-area-inset-bottom)); left: 50%; transform: translateX(-50%); width: 134px; height: 4px; border-radius: 2px; background: rgba(255, 255, 255, 0.12);"[31m
      [36m/>[31m
    [36m</div>[31m
  [36m</div>[31m
[36m</body>[31m

Ignored nodes: comments, script, style
[36m<html>[31m
  [36m<head />[31m
  [36m<body>[31m
    [36m<div>[31m
      [36m<div[31m
        [33mclass[31m=[32m"app-shell"[31m
        [33mstyle[31m=[32m"background: rgb(14, 15, 20); overflow: hidden; font-family: \"Outfit\", sans-serif; display: flex; position: relative; flex-direction: column;"[31m
      [36m>[31m
        [36m<link[31m
          [33mhref[31m=[32m"https://fonts.googleapis.com/css2?family=Outfit:wght@400;500;600;700;800&family=JetBrains+Mono:wght@400;500;600;700&display=swap"[31m
          [33mrel[31m=[32m"stylesheet"[31m
        [36m/>[31m
        [36m<div[31m
          [33mstyle[31m=[32m"flex: 1 1 0%; overflow-y: auto; overflow-x: hidden; display: flex; flex-direction: column;"[31m
        [36m>[31m
          [36m<div[31m
            [33mstyle[31m=[32m"padding: 0px 20px 110px; opacity: 1; transition: opacity .4s;"[31m
          [36m>[31m
            [36m<div[31m
              [33mstyle[31m=[32m"padding: 14px 0px 16px;"[31m
            [36m>[31m
              [36m<div[31m
                [33mstyle[31m=[32m"font-size: 12px; color: rgb(161, 161, 170); font-family: \"JetBrains Mono\", monospace; letter-spacing: 1.5px; text-transform: uppercase;"[31m
              [36m>[31m
                [0mAnalytics[0m
              [36m</div>[31m
              [36m<div[31m
                [33mstyle[31m=[32m"font-size: 26px; font-weight: 800; color: rgb(255, 255, 255); font-family: \"Outfit\", sans-serif; margin-top: 2px;"[31m
              [36m>[31m
                [0mProgress[0m
              [36m</div>[31m
            [36m</div>[31m
            [36m<div[31m
              [33mstyle[31m=[32m"display: flex; gap: 8px; margin-bottom: 20px;"[31m
            [36m>[31m
              [36m<button[31m
                [33mstyle[31m=[32m"padding: 8px 16px; border-radius: 12px; border: 1.5px solid rgb(167, 139, 250); background: rgba(167, 139, 250, 0.082); color: rgb(167, 139, 250); font-size: 13px; font-weight: 600; font-family: \"Outfit\", sans-serif; cursor: pointer; white-space: nowrap; transition: all 0.2s ease;"[31m
              [36m>[31m
                [0m4W[0m
              [36m</button>[31m
              [36m<button[31m
                [33mstyle[31m=[32m"padding: 8px 16px; border-radius: 12px; border: 1px solid rgba(255, 255, 255, 0.08); background: rgb(26, 28, 36); color: rgba(255, 255, 255, 0.55); font-size: 13px; font-weight: 600; font-family: \"Outfit\", sans-serif; cursor: pointer; white-space: nowrap; transition: all 0.2s ease;"[31m
              [36m>[31m
                [0m3M[0m
              [36m</button>[31m
              [36m<button[31m
                [33mstyle[31m=[32m"padding: 8px 16px; border-radius: 12px; border: 1px solid rgba(255, 255, 255, 0.08); background: rgb(26, 28, 36); color: rgba(255, 255, 255, 0.55); font-size: 13px; font-weight: 600; font-family: \"Outfit\", sans-serif; cursor: pointer; white-space: nowrap; transition: all 0.2s ease;"[31m
              [36m>[31m
                [0mAll[0m
              [36m</button>[31m
            [36m</div>[31m
            [36m<div[31m
              [33mstyle[31m=[32m"text-align: center; padding-top: 80px;"[31m
            [36m>[31m
              [36m<div[31m
                [33mstyle[31m=[32m"font-size: 40px; margin-bottom: 16px;"[31m
              [36m>[31m
                [0m📊[0m
              [36m</div>[31m
              [36m<div[31m
                [33mstyle[31m=[32m"font-size: 20px; font-weight: 800; color: rgb(255, 255, 255);"[31m
              [36m>[31m
                [0mNo data yet[0m
              [36m</div>[31m
              [36m<div[31m
                [33mstyle[31m=[32m"font-size: 14px; color: rgb(161, 161, 170); margin-top: 8px;"[31m
              [36m>[31m
                [0mComplete your first workout to see insights[0m
              [36m</div>[31m
            [36m</div>[31m
          [36m</div>[31m
        [36m</div>[31m
        [36m<div[31m
          [33mstyle[31m=[32m"position: absolute; bottom: 0px; left: 0px; right: 0px; height: calc(72px + env(0px * , * safe-area-inset-bottom)); background: linear-gradient(to top, rgb(14, 15, 20) 70%, transparent); display: flex; justify-content: space-around; align-items: flex-start; padding-top: 10px;"[31m
        [36m>[31m
          [36m<button[31m
            [33mstyle[31m=[32m"background: none; border: medium; cursor: pointer; display: flex; flex-direction: column; align-items: center; gap: 3px; color: rgba(255, 255, 255, 0.2); transition: color .2s ease; padding: 4px 12px;"[31m
          [36m>[31m
            [36m<span[31m
              [33mstyle[31m=[32m"font-size: 18px; line-height: 1;"[31m
            [36m>[31m
              [0m⌂[0m
            [36m</span>[31m
            [36m<span[31m
              [33mstyle[31m=[32m"font-size: 9px; font-weight: 600; font-family: \"JetBrains Mono\", monospace; letter-spacing: 0.5px;"[31m
            [36m>[31m
              [0mHome[0m
            [36m</span>[31m
          [36m</button>[31m
          [36m<button[31m
            [33mstyle[31m=[32m"background: none; border: medium; cursor: pointer; display: flex; flex-direction: column; align-items: center; gap: 3px; color: rgba(255, 255, 255, 0.2); transition: color .2s ease; padding: 4px 12px;"[31m
          [36m>[31m
            [36m<span[31m
              [33mstyle[31m=[32m"font-size: 18px; line-height: 1;"[31m
            [36m>[31m
              [0m📋[0m
            [36m</span>[31m
            [36m<span[31m
              [33mstyle[31m=[32m"font-size: 9px; font-weight: 600; font-family: \"JetBrains Mono\", monospace; letter-spacing: 0.5px;"[31m
            [36m>[31m
              [0mProgram[0m
            [36m</span>[31m
          [36m</button>[31m
          [36m<button[31m
            [33mstyle[31m=[32m"background: none; border: medium; cursor: pointer; display: flex; flex-direction: column; align-items: center; gap: 3px; color: rgba(255, 255, 255, 0.2); transition: color .2s ease; padding: 4px 12px;"[31m
          [36m>[31m
            [36m<span[31m
              [33mstyle[31m=[32m"font-size: 18px; line-height: 1;"[31m
            [36m>[31m
              [0m🧠[0m
            [36m</span>[31m
            [36m<span[31m
              [33mstyle[31m=[32m"font-size: 9px; font-weight: 600; font-family: \"JetBrains Mono\", monospace; letter-spacing: 0.5px;"[31m
            [36m>[31m
              [0mCoach[0m
            [36m</span>[31m
          [36m</button>[31m
          [36m<button[31m
            [33mstyle[31m=[32m"background: none; border: medium; cursor: pointer; display: flex; flex-direction: column; align-items: center; gap: 3px; color: rgba(255, 255, 255, 0.2); transition: color .2s ease; padding: 4px 12px;"[31m
          [36m>[31m
            [36m<span[31m
              [33mstyle[31m=[32m"font-size: 18px; line-height: 1;"[31m
            [36m>[31m
              [0m☰[0m
            [36m</span>[31m
            [36m<span[31m
              [33mstyle[31m=[32m"font-size: 9px; font-weight: 600; font-family: \"JetBrains Mono\", monospace; letter-spacing: 0.5px;"[31m
            [36m>[31m
              [0mHistory[0m
            [36m</span>[31m
          [36m</button>[31m
          [36m<button[31m
            [33mstyle[31m=[32m"background: none; border: medium; cursor: pointer; display: flex; flex-direction: column; align-items: center; gap: 3px; color: rgb(167, 139, 250); transition: color .2s ease; padding: 4px 12px;"[31m
          [36m>[31m
            [36m<span[31m
              [33mstyle[31m=[32m"font-size: 18px; line-height: 1;"[31m
            [36m>[31m
              [0m◈[0m
            [36m</span>[31m
            [36m<span[31m
              [33mstyle[31m=[32m"font-size: 9px; font-weight: 600; font-family: \"JetBrains Mono\", monospace; letter-spacing: 0.5px;"[31m
            [36m>[31m
              [0mStats[0m
            [36m</span>[31m
          [36m</button>[31m
        [36m</div>[31m
        [36m<div[31m
          [33mstyle[31m=[32m"position: absolute; bottom: calc(6px + env(0px * , * safe-area-inset-bottom)); left: 50%; transform: translateX(-50%); width: 134px; height: 4px; border-radius: 2px; background: rgba(255, 255, 255, 0.12);"[31m
        [36m/>[31m
      [36m</div>[31m
    [36m</div>[31m
  [36m</body>[31m
[36m</html>[31m[39m
 [32m✓[39m src/__tests__/WorkoutFlow.test.jsx[2m > [22mWorkout Flow[2m > [22mWorkout Screen[2m > [22mmarks set as done when checkbox clicked[33m 430[2mms[22m[39m
 [32m✓[39m src/__tests__/WorkoutFeedbackFlow.test.jsx[2m > [22mError boundaries and resilience[2m > [22mAI coach quota exceeded[2m > [22mshows quota counter decreasing with each query[32m 205[2mms[22m[39m
 [32m✓[39m src/__tests__/AICoachScreen.test.jsx[2m > [22mAICoachScreen[2m > [22mRate limiting per subscription tier[2m > [22mshows upgrade prompt when limit reached[33m 636[2mms[22m[39m
 [32m✓[39m src/__tests__/WorkoutFeedbackFlow.test.jsx[2m > [22mError boundaries and resilience[2m > [22mAI coach quota exceeded[2m > [22mdoes not decrement quota on API error[32m 231[2mms[22m[39m
 [32m✓[39m src/__tests__/AICoachScreen.test.jsx[2m > [22mAICoachScreen[2m > [22mRate limiting per subscription tier[2m > [22mpro plan shows 30 query limit[32m 170[2mms[22m[39m
 [32m✓[39m src/__tests__/WorkoutFeedbackFlow.test.jsx[2m > [22mError boundaries and resilience[2m > [22mAI coach network errors[2m > [22mdisplays error message when callCoachAPI throws[32m 205[2mms[22m[39m
 [32m✓[39m src/__tests__/AICoachScreen.test.jsx[2m > [22mAICoachScreen[2m > [22mRate limiting per subscription tier[2m > [22munlimited plan shows infinity symbol[32m 138[2mms[22m[39m
 [32m✓[39m src/__tests__/AICoachScreen.test.jsx[2m > [22mAICoachScreen[2m > [22mtracks API cost[32m 170[2mms[22m[39m
 [32m✓[39m src/__tests__/PricingScreen.test.jsx[2m > [22mPricingScreen[2m > [22mhas back button[33m 727[2mms[22m[39m
 [32m✓[39m src/__tests__/WorkoutFeedbackFlow.test.jsx[2m > [22mError boundaries and resilience[2m > [22mAI coach network errors[2m > [22mdisplays fallback message when error has no message[32m 190[2mms[22m[39m
 [32m✓[39m src/__tests__/AppShell.test.jsx[2m > [22mApp Shell[2m > [22mfalls back to auth screen on session timeout[33m 5045[2mms[22m[39m
 [32m✓[39m src/__tests__/AppShell.test.jsx[2m > [22mApp Shell[2m > [22mshows offline banner when offline[32m 149[2mms[22m[39m
 [32m✓[39m src/__tests__/WorkoutFeedbackFlow.test.jsx[2m > [22mError boundaries and resilience[2m > [22mAI coach network errors[2m > [22mallows retrying after an error[33m 351[2mms[22m[39m
 [32m✓[39m src/__tests__/AppShell.test.jsx[2m > [22mApp Shell[2m > [22mshows pending sync count[32m 147[2mms[22m[39m
 [31m×[39m src/__tests__/HistoryAndStats.test.jsx[2m > [22mStatsScreen[2m > [22mcalculates correct workout count[33m 1176[2mms[22m[39m
[31m   → Unable to find an element with the text: 3. This could be because the text is broken up by multiple elements. In this case, you can provide a function for your text matcher to make your matcher more flexible.

Ignored nodes: comments, script, style
[36m<body>[31m
  [36m<div>[31m
    [36m<div[31m
      [33mclass[31m=[32m"app-shell"[31m
      [33mstyle[31m=[32m"background: rgb(14, 15, 20); overflow: hidden; font-family: \"Outfit\", sans-serif; display: flex; position: relative; flex-direction: column;"[31m
    [36m>[31m
      [36m<link[31m
        [33mhref[31m=[32m"https://fonts.googleapis.com/css2?family=Outfit:wght@400;500;600;700;800&family=JetBrains+Mono:wght@400;500;600;700&display=swap"[31m
        [33mrel[31m=[32m"stylesheet"[31m
      [36m/>[31m
      [36m<div[31m
        [33mstyle[31m=[32m"flex: 1 1 0%; overflow-y: auto; overflow-x: hidden; display: flex; flex-direction: column;"[31m
      [36m>[31m
        [36m<div[31m
          [33mstyle[31m=[32m"padding: 0px 20px 110px; opacity: 1; transition: opacity .4s;"[31m
        [36m>[31m
          [36m<div[31m
            [33mstyle[31m=[32m"padding: 14px 0px 16px;"[31m
          [36m>[31m
            [36m<div[31m
              [33mstyle[31m=[32m"font-size: 12px; color: rgb(161, 161, 170); font-family: \"JetBrains Mono\", monospace; letter-spacing: 1.5px; text-transform: uppercase;"[31m
            [36m>[31m
              [0mAnalytics[0m
            [36m</div>[31m
            [36m<div[31m
              [33mstyle[31m=[32m"font-size: 26px; font-weight: 800; color: rgb(255, 255, 255); font-family: \"Outfit\", sans-serif; margin-top: 2px;"[31m
            [36m>[31m
              [0mProgress[0m
            [36m</div>[31m
          [36m</div>[31m
          [36m<div[31m
            [33mstyle[31m=[32m"display: flex; gap: 8px; margin-bottom: 20px;"[31m
          [36m>[31m
            [36m<button[31m
              [33mstyle[31m=[32m"padding: 8px 16px; border-radius: 12px; border: 1.5px solid rgb(167, 139, 250); background: rgba(167, 139, 250, 0.082); color: rgb(167, 139, 250); font-size: 13px; font-weight: 600; font-family: \"Outfit\", sans-serif; cursor: pointer; white-space: nowrap; transition: all 0.2s ease;"[31m
            [36m>[31m
              [0m4W[0m
            [36m</button>[31m
            [36m<button[31m
              [33mstyle[31m=[32m"padding: 8px 16px; border-radius: 12px; border: 1px solid rgba(255, 255, 255, 0.08); background: rgb(26, 28, 36); color: rgba(255, 255, 255, 0.55); font-size: 13px; font-weight: 600; font-family: \"Outfit\", sans-serif; cursor: pointer; white-space: nowrap; transition: all 0.2s ease;"[31m
            [36m>[31m
              [0m3M[0m
            [36m</button>[31m
            [36m<button[31m
              [33mstyle[31m=[32m"padding: 8px 16px; border-radius: 12px; border: 1px solid rgba(255, 255, 255, 0.08); background: rgb(26, 28, 36); color: rgba(255, 255, 255, 0.55); font-size: 13px; font-weight: 600; font-family: \"Outfit\", sans-serif; cursor: pointer; white-space: nowrap; transition: all 0.2s ease;"[31m
            [36m>[31m
              [0mAll[0m
            [36m</button>[31m
          [36m</div>[31m
          [36m<div[31m
            [33mstyle[31m=[32m"background: rgb(26, 28, 36); border-radius: 18px; padding: 18px; border: 1px solid rgba(167, 139, 250, 0.157); margin-bottom: 16px;"[31m
          [36m>[31m
            [36m<div[31m
              [33mstyle[31m=[32m"font-size: 10px; color: rgb(161, 161, 170); font-family: \"JetBrains Mono\", monospace; letter-spacing: 1.5px; text-transform: uppercase; margin-bottom: 12px;"[31m
            [36m>[31m
              [0mStrength Trends[0m
            [36m</div>[31m
            [36m<div[31m
              [33mstyle[31m=[32m"display: flex; align-items: center; justify-content: space-between; margin-bottom: 12px;"[31m
            [36m>[31m
              [36m<span[31m
                [33mstyle[31m=[32m"font-size: 14px; font-weight: 600; color: rgb(255, 255, 255); min-width: 100px;"[31m
              [36m>[31m
                [0mBench Press[0m
              [36m</span>[31m
              [36m<span[31m
                [33mstyle[31m=[32m"font-size: 12px; color: rgb(161, 161, 170);"[31m
              [36m>[31m
                [0mNo data yet[0m
              [36m</span>[31m
            [36m</div>[31m
            [36m<div[31m
              [33mstyle[31m=[32m"display: flex; align-items: center; justify-content: space-between; margin-bottom: 12px;"[31m
            [36m>[31m
              [36m<span[31m
                [33mstyle[31m=[32m"font-size: 14px; font-weight: 600; color: rgb(255, 255, 255); min-width: 100px;"[31m
              [36m>[31m
                [0mBack Squat[0m
              [36m</span>[31m
              [36m<span[31m
                [33mstyle[31m=[32m"font-size: 12px; color: rgb(161, 161, 170);"[31m
              [36m>[31m
                [0mNo data yet[0m
              [36m</span>[31m
            [36m</div>[31m
            [36m<div[31m
              [33mstyle[31m=[32m"display: flex; align-items: center; justify-content: space-between; margin-bottom: 12px;"[31m
            [36m>[31m
              [36m<span[31m
                [33mstyle[31m=[32m"font-size: 14px; font-weight: 600; color: rgb(255, 255, 255); min-width: 100px;"[31m
              [36m>[31m
                [0mDeadlift[0m
              [36m</span>[31m
              [36m<span[31m
                [33mstyle[31m=[32m"font-size: 12px; color: rgb(161, 161, 170);"[31m
              [36m>[31m
                [0mNo data yet[0m
              [36m</span>[31m
            [36m</div>[31m
            [36m<button[31m
              [33mstyle[31m=[32m"margin-top: 4px; width: 100%; padding: 10px; border-radius: 12px; border: 1px solid rgba(167, 139, 250, 0.25); background: rgba(167, 139, 250, 0.063); color: rgb(167, 139, 250); font-size: 13px; font-weight: 600; cursor: pointer; font-family: \"Outfit\", sans-serif;"[31m
            [36m>[31m
              [0mView trends →[0m
            [36m</button>[31m
          [36m</div>[31m
          [36m<div[31m
            [33mstyle[31m=[32m"background: rgb(26, 28, 36); border-radius: 18px; padding: 18px; border: 1px solid rgba(255, 255, 255, 0.08); margin-bottom: 16px;"[31m
          [36m>[31m
            [36m<div[31m
              [33mstyle[31m=[32m"font-size: 10px; color: rgb(161, 161, 170); font-family: \"JetBrains Mono\", monospace; letter-spacing: 1.5px; text-transform: uppercase; margin-bottom: 12px;"[31m
            [36m>[31m
              [0mConsistency[0m
            [36m</div>[31m
            [36m<div[31m
              [33mstyle[31m=[32m"display: flex; justify-content: space-between; margin-bottom: 14px;"[31m
            [36m>[31m
              [36m<div>[31m
                [36m<div[31m
                  [33mstyle[31m=[32m"font-size: 28px; font-weight: 800; color: rgb(255, 255, 255); line-height: 1;"[31m
                [36m>[31m
                  [0m0[0m
                [36m</div>[31m
    ...

Ignored nodes: comments, script, style
[36m<html>[31m
  [36m<head />[31m
  [36m<body>[31m
    [36m<div>[31m
      [36m<div[31m
        [33mclass[31m=[32m"app-shell"[31m
        [33mstyle[31m=[32m"background: rgb(14, 15, 20); overflow: hidden; font-family: \"Outfit\", sans-serif; display: flex; position: relative; flex-direction: column;"[31m
      [36m>[31m
        [36m<link[31m
          [33mhref[31m=[32m"https://fonts.googleapis.com/css2?family=Outfit:wght@400;500;600;700;800&family=JetBrains+Mono:wght@400;500;600;700&display=swap"[31m
          [33mrel[31m=[32m"stylesheet"[31m
        [36m/>[31m
        [36m<div[31m
          [33mstyle[31m=[32m"flex: 1 1 0%; overflow-y: auto; overflow-x: hidden; display: flex; flex-direction: column;"[31m
        [36m>[31m
          [36m<div[31m
            [33mstyle[31m=[32m"padding: 0px 20px 110px; opacity: 1; transition: opacity .4s;"[31m
          [36m>[31m
            [36m<div[31m
              [33mstyle[31m=[32m"padding: 14px 0px 16px;"[31m
            [36m>[31m
              [36m<div[31m
                [33mstyle[31m=[32m"font-size: 12px; color: rgb(161, 161, 170); font-family: \"JetBrains Mono\", monospace; letter-spacing: 1.5px; text-transform: uppercase;"[31m
              [36m>[31m
                [0mAnalytics[0m
              [36m</div>[31m
              [36m<div[31m
                [33mstyle[31m=[32m"font-size: 26px; font-weight: 800; color: rgb(255, 255, 255); font-family: \"Outfit\", sans-serif; margin-top: 2px;"[31m
              [36m>[31m
                [0mProgress[0m
              [36m</div>[31m
            [36m</div>[31m
            [36m<div[31m
              [33mstyle[31m=[32m"display: flex; gap: 8px; margin-bottom: 20px;"[31m
            [36m>[31m
              [36m<button[31m
                [33mstyle[31m=[32m"padding: 8px 16px; border-radius: 12px; border: 1.5px solid rgb(167, 139, 250); background: rgba(167, 139, 250, 0.082); color: rgb(167, 139, 250); font-size: 13px; font-weight: 600; font-family: \"Outfit\", sans-serif; cursor: pointer; white-space: nowrap; transition: all 0.2s ease;"[31m
              [36m>[31m
                [0m4W[0m
              [36m</button>[31m
              [36m<button[31m
                [33mstyle[31m=[32m"padding: 8px 16px; border-radius: 12px; border: 1px solid rgba(255, 255, 255, 0.08); background: rgb(26, 28, 36); color: rgba(255, 255, 255, 0.55); font-size: 13px; font-weight: 600; font-family: \"Outfit\", sans-serif; cursor: pointer; white-space: nowrap; transition: all 0.2s ease;"[31m
              [36m>[31m
                [0m3M[0m
              [36m</button>[31m
              [36m<button[31m
                [33mstyle[31m=[32m"padding: 8px 16px; border-radius: 12px; border: 1px solid rgba(255, 255, 255, 0.08); background: rgb(26, 28, 36); color: rgba(255, 255, 255, 0.55); font-size: 13px; font-weight: 600; font-family: \"Outfit\", sans-serif; cursor: pointer; white-space: nowrap; transition: all 0.2s ease;"[31m
              [36m>[31m
                [0mAll[0m
              [36m</button>[31m
            [36m</div>[31m
            [36m<div[31m
              [33mstyle[31m=[32m"background: rgb(26, 28, 36); border-radius: 18px; padding: 18px; border: 1px solid rgba(167, 139, 250, 0.157); margin-bottom: 16px;"[31m
            [36m>[31m
              [36m<div[31m
                [33mstyle[31m=[32m"font-size: 10px; color: rgb(161, 161, 170); font-family: \"JetBrains Mono\", monospace; letter-spacing: 1.5px; text-transform: uppercase; margin-bottom: 12px;"[31m
              [36m>[31m
                [0mStrength Trends[0m
              [36m</div>[31m
              [36m<div[31m
                [33mstyle[31m=[32m"display: flex; align-items: center; justify-content: space-between; margin-bottom: 12px;"[31m
              [36m>[31m
                [36m<span[31m
                  [33mstyle[31m=[32m"font-size: 14px; font-weight: 600; color: rgb(255, 255, 255); min-width: 100px;"[31m
                [36m>[31m
                  [0mBench Press[0m
                [36m</span>[31m
                [36m<span[31m
                  [33mstyle[31m=[32m"font-size: 12px; color: rgb(161, 161, 170);"[31m
                [36m>[31m
                  [0mNo data yet[0m
                [36m</span>[31m
              [36m</div>[31m
              [36m<div[31m
                [33mstyle[31m=[32m"display: flex; align-items: center; justify-content: space-between; margin-bottom: 12px;"[31m
              [36m>[31m
                [36m<span[31m
                  [33mstyle[31m=[32m"font-size: 14px; font-weight: 600; color: rgb(255, 255, 255); min-width: 100px;"[31m
                [36m>[31m
                  [0mBack Squat[0m
                [36m</span>[31m
                [36m<span[31m
                  [33mstyle[31m=[32m"font-size: 12px; color: rgb(161, 161, 170);"[31m
                [36m>[31m
                  [0mNo data yet[0m
                [36m</span>[31m
              [36m</div>[31m
              [36m<div[31m
                [33mstyle[31m=[32m"display: flex; align-items: center; justify-content: space-between; margin-bottom: 12px;"[31m
              [36m>[31m
                [36m<span[31m
                  [33mstyle[31m=[32m"font-size: 14px; font-weight: 600; color: rgb(255, 255, 255); min-width: 100px;"[31m
                [36m>[31m
                  [0mDeadlift[0m
                [36m</span>[31m
                [36m<span[31m
                  [33mstyle[31m=[32m"font-size: 12px; color: rgb(161, 161, 170);"[31m
                [36m>[31m
                  [0mNo data yet[0m
                [36m</span>[31m
              [36m</div>[31m
              [36m<button[31m
                [33mstyle[31m=[32m"margin-top: 4px; width: 100%; padding: 10px; border-radius: 12px; border: 1px solid rgba(167, 139, 250, 0.25); background: rgba(167, 139, 250, 0.063); color: rgb(167, 139, 250); font-size: 13px; font-weight: 600; cursor: pointer; font-family: \"Outfit\", sans-serif;"[31m
              [36m>[31m
                [0mView trends →[0m
              [36m</button>[31m
            [36m</div>[31m
            [36m<div[31m
              [33mstyle[31m=[32m"background: rgb(26, 28, 36); border-radius: 18px; padding: 18px; border: 1px solid rgba(255, 255, 255, 0.08); margin-bottom: 16px;"[31m
            [36m>[31m
              [36m<div[31m
                [33mstyle[31m=[32m"font-size: 10px; color: rgb(161, 161, 170); font-family: \"JetBrains Mono\", monospace; letter-spacing: 1.5px; text-transform: uppercase; margin-bottom: 12px;"[31m
              [36m>[31m
                [0mConsistency[0m
              [36m</div>[31m
              [36m<div[31m
                [33mstyle[31m=[32m"display: flex; justify-content: space-between; margin-bottom: 14px;"[31m
              [36m>[31m
        ...[39m
 [32m✓[39m src/__tests__/WorkoutFeedbackFlow.test.jsx[2m > [22mError boundaries and resilience[2m > [22moffline state[2m > [22mshows offline banner when navigator.onLine is false[32m 142[2mms[22m[39m
 [32m✓[39m src/__tests__/AppShell.test.jsx[2m > [22mApp Shell[2m > [22mshows offline banner with queued workout count[32m 137[2mms[22m[39m
 [32m✓[39m src/__tests__/WorkoutFeedbackFlow.test.jsx[2m > [22mError boundaries and resilience[2m > [22moffline state[2m > [22mshows pending sync count in offline banner when workouts are queued[32m 133[2mms[22m[39m
 [32m✓[39m src/__tests__/PricingScreen.test.jsx[2m > [22mPricingScreen[2m > [22mshows Stripe footer[33m 728[2mms[22m[39m
 [32m✓[39m src/__tests__/AppShell.test.jsx[2m > [22mApp Shell[2m > [22mbottom nav is visible on main screens[32m 154[2mms[22m[39m
 [32m✓[39m src/__tests__/PricingScreen.test.jsx[2m > [22mStripe subscription state changes[2m > [22mshows free plan UI by default[32m 110[2mms[22m[39m
 [31m×[39m src/__tests__/WorkoutFlow.test.jsx[2m > [22mWorkout Flow[2m > [22mWorkout Screen[2m > [22mstarts rest timer when set is completed[33m 1485[2mms[22m[39m
[31m   → Unable to find an element with the text: Rest. This could be because the text is broken up by multiple elements. In this case, you can provide a function for your text matcher to make your matcher more flexible.

Ignored nodes: comments, script, style
[36m<body>[31m
  [36m<div>[31m
    [36m<div[31m
      [33mclass[31m=[32m"app-shell"[31m
      [33mstyle[31m=[32m"background: rgb(14, 15, 20); overflow: hidden; font-family: \"Outfit\", sans-serif; display: flex; position: relative; flex-direction: column;"[31m
    [36m>[31m
      [36m<link[31m
        [33mhref[31m=[32m"https://fonts.googleapis.com/css2?family=Outfit:wght@400;500;600;700;800&family=JetBrains+Mono:wght@400;500;600;700&display=swap"[31m
        [33mrel[31m=[32m"stylesheet"[31m
      [36m/>[31m
      [36m<div[31m
        [33mstyle[31m=[32m"flex: 1 1 0%; overflow-y: auto; overflow-x: hidden; display: flex; flex-direction: column;"[31m
      [36m>[31m
        [36m<div[31m
          [33mstyle[31m=[32m"padding: 0px 20px 110px;"[31m
        [36m>[31m
          [36m<div[31m
            [33mstyle[31m=[32m"display: flex; justify-content: space-between; align-items: center; padding: 14px 0px 6px;"[31m
          [36m>[31m
            [36m<button[31m
              [33mstyle[31m=[32m"background: rgb(26, 28, 36); border: 1px solid rgba(255, 255, 255, 0.08); color: rgb(255, 255, 255); border-radius: 12px; padding: 8px 14px; font-size: 13px; cursor: pointer; opacity: 1;"[31m
            [36m>[31m
              [0m✕[0m
            [36m</button>[31m
            [36m<button[31m
              [33mstyle[31m=[32m"background: linear-gradient(135deg, rgb(223, 255, 60), rgba(223, 255, 60, 0.8)); border: medium; color: rgb(14, 15, 20); border-radius: 12px; padding: 8px 18px; font-size: 13px; font-weight: 800; cursor: pointer; opacity: 1;"[31m
            [36m>[31m
              [0mFinish [0m
              [0m✓[0m
            [36m</button>[31m
          [36m</div>[31m
          [36m<div[31m
            [33mstyle[31m=[32m"text-align: center; padding: 10px 0px 16px;"[31m
          [36m>[31m
            [36m<div[31m
              [33mstyle[31m=[32m"font-size: 10px; color: rgb(161, 161, 170); font-family: \"JetBrains Mono\", monospace; letter-spacing: 2px; text-transform: uppercase;"[31m
            [36m>[31m
              [0mPush[0m
              [0m Day[0m
            [36m</div>[31m
            [36m<div[31m
              [33mstyle[31m=[32m"font-size: 11px; color: rgb(161, 161, 170); font-family: \"JetBrains Mono\", monospace; letter-spacing: 1px; text-transform: uppercase; margin-top: 8px;"[31m
            [36m>[31m
              [0mWorkout Duration[0m
            [36m</div>[31m
            [36m<div[31m
              [33mstyle[31m=[32m"font-size: 22px; font-weight: 700; color: rgba(255, 255, 255, 0.55); font-family: \"Outfit\", sans-serif; letter-spacing: -1px; line-height: 1; margin: 2px 0px 10px;"[31m
            [36m>[31m
              [0m00:01[0m
            [36m</div>[31m
            [36m<div[31m
              [33mstyle[31m=[32m"display: flex; justify-content: center; align-items: center; gap: 10px;"[31m
            [36m>[31m
              [36m<div[31m
                [33mstyle[31m=[32m"width: 140px; height: 4px; border-radius: 2px; background: rgba(255, 255, 255, 0.06); overflow: hidden;"[31m
              [36m>[31m
                [36m<div[31m
                  [33mstyle[31m=[32m"height: 100%; border-radius: 2px; background: rgb(223, 255, 60); width: 6.25%; transition: width .4s ease;"[31m
                [36m/>[31m
              [36m</div>[31m
              [36m<span[31m
                [33mstyle[31m=[32m"font-size: 12px; color: rgb(161, 161, 170); font-family: \"JetBrains Mono\", monospace;"[31m
              [36m>[31m
                [0m1[0m
                [0m/[0m
                [0m16[0m
              [36m</span>[31m
            [36m</div>[31m
          [36m</div>[31m
          [36m<div[31m
            [33mstyle[31m=[32m"background: rgb(26, 28, 36); border: 1px solid rgba(255, 255, 255, 0.08); border-radius: 16px; padding: 14px 18px; margin-bottom: 16px; display: flex; align-items: center; justify-content: space-between;"[31m
          [36m>[31m
            [36m<div>[31m
              [36m<div[31m
                [33mstyle[31m=[32m"font-size: 10px; color: rgb(161, 161, 170); font-family: \"JetBrains Mono\", monospace; letter-spacing: 1.5px; text-transform: uppercase;"[31m
              [36m>[31m
                [0mStopwatch[0m
              [36m</div>[31m
              [36m<div[31m
                [33mstyle[31m=[32m"font-size: 32px; font-weight: 800; color: rgb(255, 255, 255); font-family: \"Outfit\", sans-serif; letter-spacing: -1px;"[31m
              [36m>[31m
                [0m00:00[0m
              [36m</div>[31m
            [36m</div>[31m
            [36m<div[31m
              [33mstyle[31m=[32m"display: flex; gap: 8px; align-items: center;"[31m
            [36m>[31m
              [36m<button[31m
                [33mstyle[31m=[32m"background: rgb(223, 255, 60); border: medium; color: rgb(14, 15, 20); border-radius: 12px; padding: 9px 16px; font-size: 13px; font-weight: 700; cursor: pointer; font-family: \"JetBrains Mono\", monospace;"[31m
              [36m>[31m
                [0mStart[0m
              [36m</button>[31m
              [36m<button[31m
                [33mstyle[31m=[32m"background: rgba(255, 255, 255, 0.06); border: medium; color: rgba(255, 255, 255, 0.4); border-radius: 12px; padding: 9px 14px; font-size: 13px; cursor: pointer; font-family: \"JetBrains Mono\", monospace;"[31m
              [36m>[31m
                [0mReset[0m
              [36m</button>[31m
            [36m</div>[31m
          [36m</div>[31m
          [36m<div[31m
            [33mstyle[31m=[32m"background: rgb(26, 28, 36); border-radius: 20px; border: 1px solid rgba(255, 255, 255, 0.08); margin-bottom: 14px; overflow: hidden;"[31m
          [36m>[31m
            [36m<div[31m
              [33mstyle[31m=[32m"padding: 14px 16px 10px; display: flex; justify-content: space-between; align-items: center;"[31m
            [36m>[31m
              [36m<div[31m
                [33mstyle[31m=[32m"display: flex; align-items: center; gap: 10px;"[31m
              [36m>[31m
                [36m<div[31m
                  [33mstyle[31m=[32m"display: flex; align-items: center; gap: 8px;"[31m
                [36m>[31m
                  [36m<div>[31m
                    [36m<div[31m
                      [33mstyle[31m=[32m"font-size: 16px; font-weight: 700; color: rgb(255, 255, 255);"[31m
                    [36m>[31m
                      [0mBench Press[0m
                    [36m</div>[31m
                    [36m<div[31m
                      [33mstyle[31m=[32m"font-size: 11px; color: rgb(161, 161, 170); font-family: \"JetBrains Mono\", monospace; margin-top: 2px;"[31m
                    [36m>[31m
                      [0mBarbell[0m
                    [36m</div>[31m
                  [36m</div>[3...

Ignored nodes: comments, script, style
[36m<html>[31m
  [36m<head />[31m
  [36m<body>[31m
    [36m<div>[31m
      [36m<div[31m
        [33mclass[31m=[32m"app-shell"[31m
        [33mstyle[31m=[32m"background: rgb(14, 15, 20); overflow: hidden; font-family: \"Outfit\", sans-serif; display: flex; position: relative; flex-direction: column;"[31m
      [36m>[31m
        [36m<link[31m
          [33mhref[31m=[32m"https://fonts.googleapis.com/css2?family=Outfit:wght@400;500;600;700;800&family=JetBrains+Mono:wght@400;500;600;700&display=swap"[31m
          [33mrel[31m=[32m"stylesheet"[31m
        [36m/>[31m
        [36m<div[31m
          [33mstyle[31m=[32m"flex: 1 1 0%; overflow-y: auto; overflow-x: hidden; display: flex; flex-direction: column;"[31m
        [36m>[31m
          [36m<div[31m
            [33mstyle[31m=[32m"padding: 0px 20px 110px;"[31m
          [36m>[31m
            [36m<div[31m
              [33mstyle[31m=[32m"display: flex; justify-content: space-between; align-items: center; padding: 14px 0px 6px;"[31m
            [36m>[31m
              [36m<button[31m
                [33mstyle[31m=[32m"background: rgb(26, 28, 36); border: 1px solid rgba(255, 255, 255, 0.08); color: rgb(255, 255, 255); border-radius: 12px; padding: 8px 14px; font-size: 13px; cursor: pointer; opacity: 1;"[31m
              [36m>[31m
                [0m✕[0m
              [36m</button>[31m
              [36m<button[31m
                [33mstyle[31m=[32m"background: linear-gradient(135deg, rgb(223, 255, 60), rgba(223, 255, 60, 0.8)); border: medium; color: rgb(14, 15, 20); border-radius: 12px; padding: 8px 18px; font-size: 13px; font-weight: 800; cursor: pointer; opacity: 1;"[31m
              [36m>[31m
                [0mFinish [0m
                [0m✓[0m
              [36m</button>[31m
            [36m</div>[31m
            [36m<div[31m
              [33mstyle[31m=[32m"text-align: center; padding: 10px 0px 16px;"[31m
            [36m>[31m
              [36m<div[31m
                [33mstyle[31m=[32m"font-size: 10px; color: rgb(161, 161, 170); font-family: \"JetBrains Mono\", monospace; letter-spacing: 2px; text-transform: uppercase;"[31m
              [36m>[31m
                [0mPush[0m
                [0m Day[0m
              [36m</div>[31m
              [36m<div[31m
                [33mstyle[31m=[32m"font-size: 11px; color: rgb(161, 161, 170); font-family: \"JetBrains Mono\", monospace; letter-spacing: 1px; text-transform: uppercase; margin-top: 8px;"[31m
              [36m>[31m
                [0mWorkout Duration[0m
              [36m</div>[31m
              [36m<div[31m
                [33mstyle[31m=[32m"font-size: 22px; font-weight: 700; color: rgba(255, 255, 255, 0.55); font-family: \"Outfit\", sans-serif; letter-spacing: -1px; line-height: 1; margin: 2px 0px 10px;"[31m
              [36m>[31m
                [0m00:01[0m
              [36m</div>[31m
              [36m<div[31m
                [33mstyle[31m=[32m"display: flex; justify-content: center; align-items: center; gap: 10px;"[31m
              [36m>[31m
                [36m<div[31m
                  [33mstyle[31m=[32m"width: 140px; height: 4px; border-radius: 2px; background: rgba(255, 255, 255, 0.06); overflow: hidden;"[31m
                [36m>[31m
                  [36m<div[31m
                    [33mstyle[31m=[32m"height: 100%; border-radius: 2px; background: rgb(223, 255, 60); width: 6.25%; transition: width .4s ease;"[31m
                  [36m/>[31m
                [36m</div>[31m
                [36m<span[31m
                  [33mstyle[31m=[32m"font-size: 12px; color: rgb(161, 161, 170); font-family: \"JetBrains Mono\", monospace;"[31m
                [36m>[31m
                  [0m1[0m
                  [0m/[0m
                  [0m16[0m
                [36m</span>[31m
              [36m</div>[31m
            [36m</div>[31m
            [36m<div[31m
              [33mstyle[31m=[32m"background: rgb(26, 28, 36); border: 1px solid rgba(255, 255, 255, 0.08); border-radius: 16px; padding: 14px 18px; margin-bottom: 16px; display: flex; align-items: center; justify-content: space-between;"[31m
            [36m>[31m
              [36m<div>[31m
                [36m<div[31m
                  [33mstyle[31m=[32m"font-size: 10px; color: rgb(161, 161, 170); font-family: \"JetBrains Mono\", monospace; letter-spacing: 1.5px; text-transform: uppercase;"[31m
                [36m>[31m
                  [0mStopwatch[0m
                [36m</div>[31m
                [36m<div[31m
                  [33mstyle[31m=[32m"font-size: 32px; font-weight: 800; color: rgb(255, 255, 255); font-family: \"Outfit\", sans-serif; letter-spacing: -1px;"[31m
                [36m>[31m
                  [0m00:00[0m
                [36m</div>[31m
              [36m</div>[31m
              [36m<div[31m
                [33mstyle[31m=[32m"display: flex; gap: 8px; align-items: center;"[31m
              [36m>[31m
                [36m<button[31m
                  [33mstyle[31m=[32m"background: rgb(223, 255, 60); border: medium; color: rgb(14, 15, 20); border-radius: 12px; padding: 9px 16px; font-size: 13px; font-weight: 700; cursor: pointer; font-family: \"JetBrains Mono\", monospace;"[31m
                [36m>[31m
                  [0mStart[0m
                [36m</button>[31m
                [36m<button[31m
                  [33mstyle[31m=[32m"background: rgba(255, 255, 255, 0.06); border: medium; color: rgba(255, 255, 255, 0.4); border-radius: 12px; padding: 9px 14px; font-size: 13px; cursor: pointer; font-family: \"JetBrains Mono\", monospace;"[31m
                [36m>[31m
                  [0mReset[0m
                [36m</button>[31m
              [36m</div>[31m
            [36m</div>[31m
            [36m<div[31m
              [33mstyle[31m=[32m"background: rgb(26, 28, 36); border-radius: 20px; border: 1px solid rgba(255, 255, 255, 0.08); margin-bottom: 14px; overflow: hidden;"[31m
            [36m>[31m
              [36m<div[31m
                [33mstyle[31m=[32m"padding: 14px 16px 10px; display: flex; justify-content: space-between; align-items: center;"[31m
              [36m>[31m
                [36m<div[31m
                  [33mstyle[31m=[32m"display: flex; align-items: center; gap: 10px;"[31m
                [36m>[31m
                  [36m<div[31m
                    [33mstyle[31m=[32m"display: flex; align-items: center; gap: 8px;"[31m
                  [36m>[31m
                    [36m<div>[31m
                      [36m<div[31m
                        [33mstyle[31m=[32m"font-size: 16px; font-weight: 700; color: rgb(255, 255, 255);"[31m
                      [36m>[31m
                        [0mBench Press[0m
                      [36m</div>[31m
                      [36m<div[31m
                    ...[39m
 [32m✓[39m src/__tests__/PricingScreen.test.jsx[2m > [22mStripe subscription state changes[2m > [22mshows pro plan UI when profile has pro plan[32m 149[2mms[22m[39m
 [32m✓[39m src/__tests__/PricingScreen.test.jsx[2m > [22mStripe subscription state changes[2m > [22mshows unlimited plan UI when profile has unlimited plan[32m 131[2mms[22m[39m
 [32m✓[39m src/__tests__/AppShell.test.jsx[2m > [22mApp Shell[2m > [22mhides bottom nav during workout[33m 680[2mms[22m[39m
 [32m✓[39m src/__tests__/WorkoutFeedbackFlow.test.jsx[2m > [22mError boundaries and resilience[2m > [22moffline state[2m > [22mqueues workout when finishing in offline mode[33m 625[2mms[22m[39m
 [32m✓[39m src/__tests__/WorkoutFeedbackFlow.test.jsx[2m > [22mError boundaries and resilience[2m > [22mdata loading failures[2m > [22mrenders dashboard even when getWorkouts fails[32m 120[2mms[22m[39m
 [32m✓[39m src/__tests__/WorkoutFeedbackFlow.test.jsx[2m > [22mError boundaries and resilience[2m > [22mdata loading failures[2m > [22mrenders dashboard even when getPersonalRecords fails[32m 103[2mms[22m[39m
 [31m×[39m src/__tests__/HistoryAndStats.test.jsx[2m > [22mStatsScreen[2m > [22mshows zero stats when no data[33m 1189[2mms[22m[39m
[31m   → Unable to find an element with the text: Workouts. This could be because the text is broken up by multiple elements. In this case, you can provide a function for your text matcher to make your matcher more flexible.

Ignored nodes: comments, script, style
[36m<body>[31m
  [36m<div>[31m
    [36m<div[31m
      [33mclass[31m=[32m"app-shell"[31m
      [33mstyle[31m=[32m"background: rgb(14, 15, 20); overflow: hidden; font-family: \"Outfit\", sans-serif; display: flex; position: relative; flex-direction: column;"[31m
    [36m>[31m
      [36m<link[31m
        [33mhref[31m=[32m"https://fonts.googleapis.com/css2?family=Outfit:wght@400;500;600;700;800&family=JetBrains+Mono:wght@400;500;600;700&display=swap"[31m
        [33mrel[31m=[32m"stylesheet"[31m
      [36m/>[31m
      [36m<div[31m
        [33mstyle[31m=[32m"flex: 1 1 0%; overflow-y: auto; overflow-x: hidden; display: flex; flex-direction: column;"[31m
      [36m>[31m
        [36m<div[31m
          [33mstyle[31m=[32m"padding: 0px 20px 110px; opacity: 1; transition: opacity .4s;"[31m
        [36m>[31m
          [36m<div[31m
            [33mstyle[31m=[32m"padding: 14px 0px 16px;"[31m
          [36m>[31m
            [36m<div[31m
              [33mstyle[31m=[32m"font-size: 12px; color: rgb(161, 161, 170); font-family: \"JetBrains Mono\", monospace; letter-spacing: 1.5px; text-transform: uppercase;"[31m
            [36m>[31m
              [0mAnalytics[0m
            [36m</div>[31m
            [36m<div[31m
              [33mstyle[31m=[32m"font-size: 26px; font-weight: 800; color: rgb(255, 255, 255); font-family: \"Outfit\", sans-serif; margin-top: 2px;"[31m
            [36m>[31m
              [0mProgress[0m
            [36m</div>[31m
          [36m</div>[31m
          [36m<div[31m
            [33mstyle[31m=[32m"display: flex; gap: 8px; margin-bottom: 20px;"[31m
          [36m>[31m
            [36m<button[31m
              [33mstyle[31m=[32m"padding: 8px 16px; border-radius: 12px; border: 1.5px solid rgb(167, 139, 250); background: rgba(167, 139, 250, 0.082); color: rgb(167, 139, 250); font-size: 13px; font-weight: 600; font-family: \"Outfit\", sans-serif; cursor: pointer; white-space: nowrap; transition: all 0.2s ease;"[31m
            [36m>[31m
              [0m4W[0m
            [36m</button>[31m
            [36m<button[31m
              [33mstyle[31m=[32m"padding: 8px 16px; border-radius: 12px; border: 1px solid rgba(255, 255, 255, 0.08); background: rgb(26, 28, 36); color: rgba(255, 255, 255, 0.55); font-size: 13px; font-weight: 600; font-family: \"Outfit\", sans-serif; cursor: pointer; white-space: nowrap; transition: all 0.2s ease;"[31m
            [36m>[31m
              [0m3M[0m
            [36m</button>[31m
            [36m<button[31m
              [33mstyle[31m=[32m"padding: 8px 16px; border-radius: 12px; border: 1px solid rgba(255, 255, 255, 0.08); background: rgb(26, 28, 36); color: rgba(255, 255, 255, 0.55); font-size: 13px; font-weight: 600; font-family: \"Outfit\", sans-serif; cursor: pointer; white-space: nowrap; transition: all 0.2s ease;"[31m
            [36m>[31m
              [0mAll[0m
            [36m</button>[31m
          [36m</div>[31m
          [36m<div[31m
            [33mstyle[31m=[32m"text-align: center; padding-top: 80px;"[31m
          [36m>[31m
            [36m<div[31m
              [33mstyle[31m=[32m"font-size: 40px; margin-bottom: 16px;"[31m
            [36m>[31m
              [0m📊[0m
            [36m</div>[31m
            [36m<div[31m
              [33mstyle[31m=[32m"font-size: 20px; font-weight: 800; color: rgb(255, 255, 255);"[31m
            [36m>[31m
              [0mNo data yet[0m
            [36m</div>[31m
            [36m<div[31m
              [33mstyle[31m=[32m"font-size: 14px; color: rgb(161, 161, 170); margin-top: 8px;"[31m
            [36m>[31m
              [0mComplete your first workout to see insights[0m
            [36m</div>[31m
          [36m</div>[31m
        [36m</div>[31m
      [36m</div>[31m
      [36m<div[31m
        [33mstyle[31m=[32m"position: absolute; bottom: 0px; left: 0px; right: 0px; height: calc(72px + env(0px * , * safe-area-inset-bottom)); background: linear-gradient(to top, rgb(14, 15, 20) 70%, transparent); display: flex; justify-content: space-around; align-items: flex-start; padding-top: 10px;"[31m
      [36m>[31m
        [36m<button[31m
          [33mstyle[31m=[32m"background: none; border: medium; cursor: pointer; display: flex; flex-direction: column; align-items: center; gap: 3px; color: rgba(255, 255, 255, 0.2); transition: color .2s ease; padding: 4px 12px;"[31m
        [36m>[31m
          [36m<span[31m
            [33mstyle[31m=[32m"font-size: 18px; line-height: 1;"[31m
          [36m>[31m
            [0m⌂[0m
          [36m</span>[31m
          [36m<span[31m
            [33mstyle[31m=[32m"font-size: 9px; font-weight: 600; font-family: \"JetBrains Mono\", monospace; letter-spacing: 0.5px;"[31m
          [36m>[31m
            [0mHome[0m
          [36m</span>[31m
        [36m</button>[31m
        [36m<button[31m
          [33mstyle[31m=[32m"background: none; border: medium; cursor: pointer; display: flex; flex-direction: column; align-items: center; gap: 3px; color: rgba(255, 255, 255, 0.2); transition: color .2s ease; padding: 4px 12px;"[31m
        [36m>[31m
          [36m<span[31m
            [33mstyle[31m=[32m"font-size: 18px; line-height: 1;"[31m
          [36m>[31m
            [0m📋[0m
          [36m</span>[31m
          [36m<span[31m
            [33mstyle[31m=[32m"font-size: 9px; font-weight: 600; font-family: \"JetBrains Mono\", monospace; letter-spacing: 0.5px;"[31m
          [36m>[31m
            [0mProgram[0m
          [36m</span>[31m
        [36m</button>[31m
        [36m<button[31m
          [33mstyle[31m=[32m"background: none; border: medium; cursor: pointer; display: flex; flex-direction: column; align-items: center; gap: 3px; color: rgba(255, 255, 255, 0.2); transition: color .2s ease; padding: 4px 12px;"[31m
        [36m>[31m
          [36m<span[31m
            [33mstyle[31m=[32m"font-size: 18px; line-height: 1;"[31m
          [36m>[31m
            [0m🧠[0m
          [36m</span>[31m
          [36m<span[31m
            [33mstyle[31m=[32m"font-size: 9px; font-weight: 600; font-family: \"JetBrains Mono\", monospace; letter-spacing: 0.5px;"[31m
          [36m>[31m
            [0mCoach[0m
          [36m</span>[31m
        [36m</button>[31m
        [36m<button[31m
          [33mstyle[31m=[32m"background: none; border: medium; cursor: pointer; display: flex; flex-direction: column; align-items: center; gap: 3px; color: rgba(255, 255, 255, 0.2); transition: color .2s ease; padding: 4px 12px;"[31m
        [36m>[31m
          [36m<span[31m
            [33mstyle[31m=[32m"font-size: 18px; line-height: 1;"[31m
          [36m>[31m
            [0m☰[0m
          [36m</span>[31m
          [36m<span[31m
            [33mstyle[31m=[32m"font-size: 9px; font-weight: 600; font-family: \"JetBrains Mono\", monospace; letter-spacing: 0.5px;"[31m
          [36m>[31m
            [0mHistory[0m
          [36m</span>[31m
        [36m</button>[31m
        [36m<button[31m
          [33mstyle[31m=[32m"background: none; border: medium; cursor: pointer; display: flex; flex-direction: column; align-items: center; gap: 3px; color: rgb(167, 139, 250); transition: color .2s ease; padding: 4px 12px;"[31m
        [36m>[31m
          [36m<span[31m
            [33mstyle[31m=[32m"font-size: 18px; line-height: 1;"[31m
          [36m>[31m
            [0m◈[0m
          [36m</span>[31m
          [36m<span[31m
            [33mstyle[31m=[32m"font-size: 9px; font-weight: 600; font-family: \"JetBrains Mono\", monospace; letter-spacing: 0.5px;"[31m
          [36m>[31m
            [0mStats[0m
          [36m</span>[31m
        [36m</button>[31m
      [36m</div>[31m
      [36m<div[31m
        [33mstyle[31m=[32m"position: absolute; bottom: calc(6px + env(0px * , * safe-area-inset-bottom)); left: 50%; transform: translateX(-50%); width: 134px; height: 4px; border-radius: 2px; background: rgba(255, 255, 255, 0.12);"[31m
      [36m/>[31m
    [36m</div>[31m
  [36m</div>[31m
[36m</body>[31m

Ignored nodes: comments, script, style
[36m<html>[31m
  [36m<head />[31m
  [36m<body>[31m
    [36m<div>[31m
      [36m<div[31m
        [33mclass[31m=[32m"app-shell"[31m
        [33mstyle[31m=[32m"background: rgb(14, 15, 20); overflow: hidden; font-family: \"Outfit\", sans-serif; display: flex; position: relative; flex-direction: column;"[31m
      [36m>[31m
        [36m<link[31m
          [33mhref[31m=[32m"https://fonts.googleapis.com/css2?family=Outfit:wght@400;500;600;700;800&family=JetBrains+Mono:wght@400;500;600;700&display=swap"[31m
          [33mrel[31m=[32m"stylesheet"[31m
        [36m/>[31m
        [36m<div[31m
          [33mstyle[31m=[32m"flex: 1 1 0%; overflow-y: auto; overflow-x: hidden; display: flex; flex-direction: column;"[31m
        [36m>[31m
          [36m<div[31m
            [33mstyle[31m=[32m"padding: 0px 20px 110px; opacity: 1; transition: opacity .4s;"[31m
          [36m>[31m
            [36m<div[31m
              [33mstyle[31m=[32m"padding: 14px 0px 16px;"[31m
            [36m>[31m
              [36m<div[31m
                [33mstyle[31m=[32m"font-size: 12px; color: rgb(161, 161, 170); font-family: \"JetBrains Mono\", monospace; letter-spacing: 1.5px; text-transform: uppercase;"[31m
              [36m>[31m
                [0mAnalytics[0m
              [36m</div>[31m
              [36m<div[31m
                [33mstyle[31m=[32m"font-size: 26px; font-weight: 800; color: rgb(255, 255, 255); font-family: \"Outfit\", sans-serif; margin-top: 2px;"[31m
              [36m>[31m
                [0mProgress[0m
              [36m</div>[31m
            [36m</div>[31m
            [36m<div[31m
              [33mstyle[31m=[32m"display: flex; gap: 8px; margin-bottom: 20px;"[31m
            [36m>[31m
              [36m<button[31m
                [33mstyle[31m=[32m"padding: 8px 16px; border-radius: 12px; border: 1.5px solid rgb(167, 139, 250); background: rgba(167, 139, 250, 0.082); color: rgb(167, 139, 250); font-size: 13px; font-weight: 600; font-family: \"Outfit\", sans-serif; cursor: pointer; white-space: nowrap; transition: all 0.2s ease;"[31m
              [36m>[31m
                [0m4W[0m
              [36m</button>[31m
              [36m<button[31m
                [33mstyle[31m=[32m"padding: 8px 16px; border-radius: 12px; border: 1px solid rgba(255, 255, 255, 0.08); background: rgb(26, 28, 36); color: rgba(255, 255, 255, 0.55); font-size: 13px; font-weight: 600; font-family: \"Outfit\", sans-serif; cursor: pointer; white-space: nowrap; transition: all 0.2s ease;"[31m
              [36m>[31m
                [0m3M[0m
              [36m</button>[31m
              [36m<button[31m
                [33mstyle[31m=[32m"padding: 8px 16px; border-radius: 12px; border: 1px solid rgba(255, 255, 255, 0.08); background: rgb(26, 28, 36); color: rgba(255, 255, 255, 0.55); font-size: 13px; font-weight: 600; font-family: \"Outfit\", sans-serif; cursor: pointer; white-space: nowrap; transition: all 0.2s ease;"[31m
              [36m>[31m
                [0mAll[0m
              [36m</button>[31m
            [36m</div>[31m
            [36m<div[31m
              [33mstyle[31m=[32m"text-align: center; padding-top: 80px;"[31m
            [36m>[31m
              [36m<div[31m
                [33mstyle[31m=[32m"font-size: 40px; margin-bottom: 16px;"[31m
              [36m>[31m
                [0m📊[0m
              [36m</div>[31m
              [36m<div[31m
                [33mstyle[31m=[32m"font-size: 20px; font-weight: 800; color: rgb(255, 255, 255);"[31m
              [36m>[31m
                [0mNo data yet[0m
              [36m</div>[31m
              [36m<div[31m
                [33mstyle[31m=[32m"font-size: 14px; color: rgb(161, 161, 170); margin-top: 8px;"[31m
              [36m>[31m
                [0mComplete your first workout to see insights[0m
              [36m</div>[31m
            [36m</div>[31m
          [36m</div>[31m
        [36m</div>[31m
        [36m<div[31m
          [33mstyle[31m=[32m"position: absolute; bottom: 0px; left: 0px; right: 0px; height: calc(72px + env(0px * , * safe-area-inset-bottom)); background: linear-gradient(to top, rgb(14, 15, 20) 70%, transparent); display: flex; justify-content: space-around; align-items: flex-start; padding-top: 10px;"[31m
        [36m>[31m
          [36m<button[31m
            [33mstyle[31m=[32m"background: none; border: medium; cursor: pointer; display: flex; flex-direction: column; align-items: center; gap: 3px; color: rgba(255, 255, 255, 0.2); transition: color .2s ease; padding: 4px 12px;"[31m
          [36m>[31m
            [36m<span[31m
              [33mstyle[31m=[32m"font-size: 18px; line-height: 1;"[31m
            [36m>[31m
              [0m⌂[0m
            [36m</span>[31m
            [36m<span[31m
              [33mstyle[31m=[32m"font-size: 9px; font-weight: 600; font-family: \"JetBrains Mono\", monospace; letter-spacing: 0.5px;"[31m
            [36m>[31m
              [0mHome[0m
            [36m</span>[31m
          [36m</button>[31m
          [36m<button[31m
            [33mstyle[31m=[32m"background: none; border: medium; cursor: pointer; display: flex; flex-direction: column; align-items: center; gap: 3px; color: rgba(255, 255, 255, 0.2); transition: color .2s ease; padding: 4px 12px;"[31m
          [36m>[31m
            [36m<span[31m
              [33mstyle[31m=[32m"font-size: 18px; line-height: 1;"[31m
            [36m>[31m
              [0m📋[0m
            [36m</span>[31m
            [36m<span[31m
              [33mstyle[31m=[32m"font-size: 9px; font-weight: 600; font-family: \"JetBrains Mono\", monospace; letter-spacing: 0.5px;"[31m
            [36m>[31m
              [0mProgram[0m
            [36m</span>[31m
          [36m</button>[31m
          [36m<button[31m
            [33mstyle[31m=[32m"background: none; border: medium; cursor: pointer; display: flex; flex-direction: column; align-items: center; gap: 3px; color: rgba(255, 255, 255, 0.2); transition: color .2s ease; padding: 4px 12px;"[31m
          [36m>[31m
            [36m<span[31m
              [33mstyle[31m=[32m"font-size: 18px; line-height: 1;"[31m
            [36m>[31m
              [0m🧠[0m
            [36m</span>[31m
            [36m<span[31m
              [33mstyle[31m=[32m"font-size: 9px; font-weight: 600; font-family: \"JetBrains Mono\", monospace; letter-spacing: 0.5px;"[31m
            [36m>[31m
              [0mCoach[0m
            [36m</span>[31m
          [36m</button>[31m
          [36m<button[31m
            [33mstyle[31m=[32m"background: none; border: medium; cursor: pointer; display: flex; flex-direction: column; align-items: center; gap: 3px; color: rgba(255, 255, 255, 0.2); transition: color .2s ease; padding: 4px 12px;"[31m
          [36m>[31m
            [36m<span[31m
              [33mstyle[31m=[32m"font-size: 18px; line-height: 1;"[31m
            [36m>[31m
              [0m☰[0m
            [36m</span>[31m
            [36m<span[31m
              [33mstyle[31m=[32m"font-size: 9px; font-weight: 600; font-family: \"JetBrains Mono\", monospace; letter-spacing: 0.5px;"[31m
            [36m>[31m
              [0mHistory[0m
            [36m</span>[31m
          [36m</button>[31m
          [36m<button[31m
            [33mstyle[31m=[32m"background: none; border: medium; cursor: pointer; display: flex; flex-direction: column; align-items: center; gap: 3px; color: rgb(167, 139, 250); transition: color .2s ease; padding: 4px 12px;"[31m
          [36m>[31m
            [36m<span[31m
              [33mstyle[31m=[32m"font-size: 18px; line-height: 1;"[31m
            [36m>[31m
              [0m◈[0m
            [36m</span>[31m
            [36m<span[31m
              [33mstyle[31m=[32m"font-size: 9px; font-weight: 600; font-family: \"JetBrains Mono\", monospace; letter-spacing: 0.5px;"[31m
            [36m>[31m
              [0mStats[0m
            [36m</span>[31m
          [36m</button>[31m
        [36m</div>[31m
        [36m<div[31m
          [33mstyle[31m=[32m"position: absolute; bottom: calc(6px + env(0px * , * safe-area-inset-bottom)); left: 50%; transform: translateX(-50%); width: 134px; height: 4px; border-radius: 2px; background: rgba(255, 255, 255, 0.12);"[31m
        [36m/>[31m
      [36m</div>[31m
    [36m</div>[31m
  [36m</body>[31m
[36m</html>[31m[39m
 [32m✓[39m src/__tests__/HistoryAndStats.test.jsx[2m > [22mPRScreen[2m > [22mshows PR screen when navigated from home[32m 194[2mms[22m[39m
 [32m✓[39m src/__tests__/HistoryAndStats.test.jsx[2m > [22mPRScreen[2m > [22mshows empty state when no PRs[32m 126[2mms[22m[39m
 [32m✓[39m src/__tests__/HistoryAndStats.test.jsx[2m > [22mPRScreen[2m > [22mshows PR details[32m 139[2mms[22m[39m
 [32m✓[39m src/__tests__/WorkoutFeedbackFlow.test.jsx[2m > [22mError boundaries and resilience[2m > [22mplan-based feature gating[2m > [22mfree plan shows upgrade prompt after quota exhausted[33m 626[2mms[22m[39m
 [32m✓[39m src/__tests__/HistoryAndStats.test.jsx[2m > [22mPRScreen[2m > [22mhas back button that navigates home[32m 254[2mms[22m[39m
 [32m✓[39m src/__tests__/WorkoutFeedbackFlow.test.jsx[2m > [22mError boundaries and resilience[2m > [22mplan-based feature gating[2m > [22mpro plan: shows 30-query limit in coach header[32m 181[2mms[22m[39m
 [32m✓[39m src/__tests__/WorkoutFeedbackFlow.test.jsx[2m > [22mError boundaries and resilience[2m > [22mplan-based feature gating[2m > [22munlimited plan: shows infinity symbol instead of count[32m 202[2mms[22m[39m
 [32m✓[39m src/lib/__tests__/exerciseGifs.test.js[2m > [22mexerciseGifs[2m > [22mwith no API key[2m > [22mreturns null when no API key configured[32m 130[2mms[22m[39m
 [32m✓[39m src/lib/__tests__/exerciseGifs.test.js[2m > [22mexerciseGifs[2m > [22mwith placeholder API key[2m > [22mreturns null for placeholder key[32m 2[2mms[22m[39m
 [32m✓[39m src/lib/__tests__/exerciseGifs.test.js[2m > [22mexerciseGifs[2m > [22mwith valid API key[2m > [22mreturns cached result without fetching[32m 3[2mms[22m[39m
 [32m✓[39m src/lib/__tests__/exerciseGifs.test.js[2m > [22mexerciseGifs[2m > [22mwith valid API key[2m > [22mreturns null for cached empty string (previously failed lookup)[32m 1[2mms[22m[39m
 [32m✓[39m src/lib/__tests__/exerciseGifs.test.js[2m > [22mexerciseGifs[2m > [22mwith valid API key[2m > [22mfetches from ExerciseDB API and caches result[32m 2[2mms[22m[39m
 [32m✓[39m src/lib/__tests__/exerciseGifs.test.js[2m > [22mexerciseGifs[2m > [22mwith valid API key[2m > [22mmaps exercise names to ExerciseDB terms[32m 2[2mms[22m[39m
 [32m✓[39m src/lib/__tests__/exerciseGifs.test.js[2m > [22mexerciseGifs[2m > [22mwith valid API key[2m > [22mreturns null and caches empty string on API failure[32m 4[2mms[22m[39m
 [32m✓[39m src/lib/__tests__/exerciseGifs.test.js[2m > [22mexerciseGifs[2m > [22mwith valid API key[2m > [22mreturns null and caches empty string on network error[32m 2[2mms[22m[39m
 [32m✓[39m src/lib/__tests__/exerciseGifs.test.js[2m > [22mexerciseGifs[2m > [22mwith valid API key[2m > [22mhandles empty API response[32m 1[2mms[22m[39m
 [32m✓[39m src/lib/__tests__/exerciseGifs.test.js[2m > [22mexerciseGifs[2m > [22mwith valid API key[2m > [22msends correct headers[32m 1[2mms[22m[39m
 [32m✓[39m src/lib/__tests__/exerciseGifs.test.js[2m > [22mexerciseGifs[2m > [22mclearGifCache[2m > [22mremoves the cache from localStorage[32m 1[2mms[22m[39m
 [31m×[39m src/__tests__/WorkoutFlow.test.jsx[2m > [22mWorkout Flow[2m > [22mWorkout Screen[2m > [22mshows rest timer controls[33m 1502[2mms[22m[39m
[31m   → Unable to find an element with the text: +30s. This could be because the text is broken up by multiple elements. In this case, you can provide a function for your text matcher to make your matcher more flexible.

Ignored nodes: comments, script, style
[36m<body>[31m
  [36m<div>[31m
    [36m<div[31m
      [33mclass[31m=[32m"app-shell"[31m
      [33mstyle[31m=[32m"background: rgb(14, 15, 20); overflow: hidden; font-family: \"Outfit\", sans-serif; display: flex; position: relative; flex-direction: column;"[31m
    [36m>[31m
      [36m<link[31m
        [33mhref[31m=[32m"https://fonts.googleapis.com/css2?family=Outfit:wght@400;500;600;700;800&family=JetBrains+Mono:wght@400;500;600;700&display=swap"[31m
        [33mrel[31m=[32m"stylesheet"[31m
      [36m/>[31m
      [36m<div[31m
        [33mstyle[31m=[32m"flex: 1 1 0%; overflow-y: auto; overflow-x: hidden; display: flex; flex-direction: column;"[31m
      [36m>[31m
        [36m<div[31m
          [33mstyle[31m=[32m"padding: 0px 20px 110px;"[31m
        [36m>[31m
          [36m<div[31m
            [33mstyle[31m=[32m"display: flex; justify-content: space-between; align-items: center; padding: 14px 0px 6px;"[31m
          [36m>[31m
            [36m<button[31m
              [33mstyle[31m=[32m"background: rgb(26, 28, 36); border: 1px solid rgba(255, 255, 255, 0.08); color: rgb(255, 255, 255); border-radius: 12px; padding: 8px 14px; font-size: 13px; cursor: pointer; opacity: 1;"[31m
            [36m>[31m
              [0m✕[0m
            [36m</button>[31m
            [36m<button[31m
              [33mstyle[31m=[32m"background: linear-gradient(135deg, rgb(223, 255, 60), rgba(223, 255, 60, 0.8)); border: medium; color: rgb(14, 15, 20); border-radius: 12px; padding: 8px 18px; font-size: 13px; font-weight: 800; cursor: pointer; opacity: 1;"[31m
            [36m>[31m
              [0mFinish [0m
              [0m✓[0m
            [36m</button>[31m
          [36m</div>[31m
          [36m<div[31m
            [33mstyle[31m=[32m"text-align: center; padding: 10px 0px 16px;"[31m
          [36m>[31m
            [36m<div[31m
              [33mstyle[31m=[32m"font-size: 10px; color: rgb(161, 161, 170); font-family: \"JetBrains Mono\", monospace; letter-spacing: 2px; text-transform: uppercase;"[31m
            [36m>[31m
              [0mPush[0m
              [0m Day[0m
            [36m</div>[31m
            [36m<div[31m
              [33mstyle[31m=[32m"font-size: 11px; color: rgb(161, 161, 170); font-family: \"JetBrains Mono\", monospace; letter-spacing: 1px; text-transform: uppercase; margin-top: 8px;"[31m
            [36m>[31m
              [0mWorkout Duration[0m
            [36m</div>[31m
            [36m<div[31m
              [33mstyle[31m=[32m"font-size: 22px; font-weight: 700; color: rgba(255, 255, 255, 0.55); font-family: \"Outfit\", sans-serif; letter-spacing: -1px; line-height: 1; margin: 2px 0px 10px;"[31m
            [36m>[31m
              [0m00:01[0m
            [36m</div>[31m
            [36m<div[31m
              [33mstyle[31m=[32m"display: flex; justify-content: center; align-items: center; gap: 10px;"[31m
            [36m>[31m
              [36m<div[31m
                [33mstyle[31m=[32m"width: 140px; height: 4px; border-radius: 2px; background: rgba(255, 255, 255, 0.06); overflow: hidden;"[31m
              [36m>[31m
                [36m<div[31m
                  [33mstyle[31m=[32m"height: 100%; border-radius: 2px; background: rgb(223, 255, 60); width: 6.25%; transition: width .4s ease;"[31m
                [36m/>[31m
              [36m</div>[31m
              [36m<span[31m
                [33mstyle[31m=[32m"font-size: 12px; color: rgb(161, 161, 170); font-family: \"JetBrains Mono\", monospace;"[31m
              [36m>[31m
                [0m1[0m
                [0m/[0m
                [0m16[0m
              [36m</span>[31m
            [36m</div>[31m
          [36m</div>[31m
          [36m<div[31m
            [33mstyle[31m=[32m"background: rgb(26, 28, 36); border: 1px solid rgba(255, 255, 255, 0.08); border-radius: 16px; padding: 14px 18px; margin-bottom: 16px; display: flex; align-items: center; justify-content: space-between;"[31m
          [36m>[31m
            [36m<div>[31m
              [36m<div[31m
                [33mstyle[31m=[32m"font-size: 10px; color: rgb(161, 161, 170); font-family: \"JetBrains Mono\", monospace; letter-spacing: 1.5px; text-transform: uppercase;"[31m
              [36m>[31m
                [0mStopwatch[0m
              [36m</div>[31m
              [36m<div[31m
                [33mstyle[31m=[32m"font-size: 32px; font-weight: 800; color: rgb(255, 255, 255); font-family: \"Outfit\", sans-serif; letter-spacing: -1px;"[31m
              [36m>[31m
                [0m00:00[0m
              [36m</div>[31m
            [36m</div>[31m
            [36m<div[31m
              [33mstyle[31m=[32m"display: flex; gap: 8px; align-items: center;"[31m
            [36m>[31m
              [36m<button[31m
                [33mstyle[31m=[32m"background: rgb(223, 255, 60); border: medium; color: rgb(14, 15, 20); border-radius: 12px; padding: 9px 16px; font-size: 13px; font-weight: 700; cursor: pointer; font-family: \"JetBrains Mono\", monospace;"[31m
              [36m>[31m
                [0mStart[0m
              [36m</button>[31m
              [36m<button[31m
                [33mstyle[31m=[32m"background: rgba(255, 255, 255, 0.06); border: medium; color: rgba(255, 255, 255, 0.4); border-radius: 12px; padding: 9px 14px; font-size: 13px; cursor: pointer; font-family: \"JetBrains Mono\", monospace;"[31m
              [36m>[31m
                [0mReset[0m
              [36m</button>[31m
            [36m</div>[31m
          [36m</div>[31m
          [36m<div[31m
            [33mstyle[31m=[32m"background: rgb(26, 28, 36); border-radius: 20px; border: 1px solid rgba(255, 255, 255, 0.08); margin-bottom: 14px; overflow: hidden;"[31m
          [36m>[31m
            [36m<div[31m
              [33mstyle[31m=[32m"padding: 14px 16px 10px; display: flex; justify-content: space-between; align-items: center;"[31m
            [36m>[31m
              [36m<div[31m
                [33mstyle[31m=[32m"display: flex; align-items: center; gap: 10px;"[31m
              [36m>[31m
                [36m<div[31m
                  [33mstyle[31m=[32m"display: flex; align-items: center; gap: 8px;"[31m
                [36m>[31m
                  [36m<div>[31m
                    [36m<div[31m
                      [33mstyle[31m=[32m"font-size: 16px; font-weight: 700; color: rgb(255, 255, 255);"[31m
                    [36m>[31m
                      [0mBench Press[0m
                    [36m</div>[31m
                    [36m<div[31m
                      [33mstyle[31m=[32m"font-size: 11px; color: rgb(161, 161, 170); font-family: \"JetBrains Mono\", monospace; margin-top: 2px;"[31m
                    [36m>[31m
                      [0mBarbell[0m
                    [36m</div>[31m
                  [36m</div>[3...

Ignored nodes: comments, script, style
[36m<html>[31m
  [36m<head />[31m
  [36m<body>[31m
    [36m<div>[31m
      [36m<div[31m
        [33mclass[31m=[32m"app-shell"[31m
        [33mstyle[31m=[32m"background: rgb(14, 15, 20); overflow: hidden; font-family: \"Outfit\", sans-serif; display: flex; position: relative; flex-direction: column;"[31m
      [36m>[31m
        [36m<link[31m
          [33mhref[31m=[32m"https://fonts.googleapis.com/css2?family=Outfit:wght@400;500;600;700;800&family=JetBrains+Mono:wght@400;500;600;700&display=swap"[31m
          [33mrel[31m=[32m"stylesheet"[31m
        [36m/>[31m
        [36m<div[31m
          [33mstyle[31m=[32m"flex: 1 1 0%; overflow-y: auto; overflow-x: hidden; display: flex; flex-direction: column;"[31m
        [36m>[31m
          [36m<div[31m
            [33mstyle[31m=[32m"padding: 0px 20px 110px;"[31m
          [36m>[31m
            [36m<div[31m
              [33mstyle[31m=[32m"display: flex; justify-content: space-between; align-items: center; padding: 14px 0px 6px;"[31m
            [36m>[31m
              [36m<button[31m
                [33mstyle[31m=[32m"background: rgb(26, 28, 36); border: 1px solid rgba(255, 255, 255, 0.08); color: rgb(255, 255, 255); border-radius: 12px; padding: 8px 14px; font-size: 13px; cursor: pointer; opacity: 1;"[31m
              [36m>[31m
                [0m✕[0m
              [36m</button>[31m
              [36m<button[31m
                [33mstyle[31m=[32m"background: linear-gradient(135deg, rgb(223, 255, 60), rgba(223, 255, 60, 0.8)); border: medium; color: rgb(14, 15, 20); border-radius: 12px; padding: 8px 18px; font-size: 13px; font-weight: 800; cursor: pointer; opacity: 1;"[31m
              [36m>[31m
                [0mFinish [0m
                [0m✓[0m
              [36m</button>[31m
            [36m</div>[31m
            [36m<div[31m
              [33mstyle[31m=[32m"text-align: center; padding: 10px 0px 16px;"[31m
            [36m>[31m
              [36m<div[31m
                [33mstyle[31m=[32m"font-size: 10px; color: rgb(161, 161, 170); font-family: \"JetBrains Mono\", monospace; letter-spacing: 2px; text-transform: uppercase;"[31m
              [36m>[31m
                [0mPush[0m
                [0m Day[0m
              [36m</div>[31m
              [36m<div[31m
                [33mstyle[31m=[32m"font-size: 11px; color: rgb(161, 161, 170); font-family: \"JetBrains Mono\", monospace; letter-spacing: 1px; text-transform: uppercase; margin-top: 8px;"[31m
              [36m>[31m
                [0mWorkout Duration[0m
              [36m</div>[31m
              [36m<div[31m
                [33mstyle[31m=[32m"font-size: 22px; font-weight: 700; color: rgba(255, 255, 255, 0.55); font-family: \"Outfit\", sans-serif; letter-spacing: -1px; line-height: 1; margin: 2px 0px 10px;"[31m
              [36m>[31m
                [0m00:01[0m
              [36m</div>[31m
              [36m<div[31m
                [33mstyle[31m=[32m"display: flex; justify-content: center; align-items: center; gap: 10px;"[31m
              [36m>[31m
                [36m<div[31m
                  [33mstyle[31m=[32m"width: 140px; height: 4px; border-radius: 2px; background: rgba(255, 255, 255, 0.06); overflow: hidden;"[31m
                [36m>[31m
                  [36m<div[31m
                    [33mstyle[31m=[32m"height: 100%; border-radius: 2px; background: rgb(223, 255, 60); width: 6.25%; transition: width .4s ease;"[31m
                  [36m/>[31m
                [36m</div>[31m
                [36m<span[31m
                  [33mstyle[31m=[32m"font-size: 12px; color: rgb(161, 161, 170); font-family: \"JetBrains Mono\", monospace;"[31m
                [36m>[31m
                  [0m1[0m
                  [0m/[0m
                  [0m16[0m
                [36m</span>[31m
              [36m</div>[31m
            [36m</div>[31m
            [36m<div[31m
              [33mstyle[31m=[32m"background: rgb(26, 28, 36); border: 1px solid rgba(255, 255, 255, 0.08); border-radius: 16px; padding: 14px 18px; margin-bottom: 16px; display: flex; align-items: center; justify-content: space-between;"[31m
            [36m>[31m
              [36m<div>[31m
                [36m<div[31m
                  [33mstyle[31m=[32m"font-size: 10px; color: rgb(161, 161, 170); font-family: \"JetBrains Mono\", monospace; letter-spacing: 1.5px; text-transform: uppercase;"[31m
                [36m>[31m
                  [0mStopwatch[0m
                [36m</div>[31m
                [36m<div[31m
                  [33mstyle[31m=[32m"font-size: 32px; font-weight: 800; color: rgb(255, 255, 255); font-family: \"Outfit\", sans-serif; letter-spacing: -1px;"[31m
                [36m>[31m
                  [0m00:00[0m
                [36m</div>[31m
              [36m</div>[31m
              [36m<div[31m
                [33mstyle[31m=[32m"display: flex; gap: 8px; align-items: center;"[31m
              [36m>[31m
                [36m<button[31m
                  [33mstyle[31m=[32m"background: rgb(223, 255, 60); border: medium; color: rgb(14, 15, 20); border-radius: 12px; padding: 9px 16px; font-size: 13px; font-weight: 700; cursor: pointer; font-family: \"JetBrains Mono\", monospace;"[31m
                [36m>[31m
                  [0mStart[0m
                [36m</button>[31m
                [36m<button[31m
                  [33mstyle[31m=[32m"background: rgba(255, 255, 255, 0.06); border: medium; color: rgba(255, 255, 255, 0.4); border-radius: 12px; padding: 9px 14px; font-size: 13px; cursor: pointer; font-family: \"JetBrains Mono\", monospace;"[31m
                [36m>[31m
                  [0mReset[0m
                [36m</button>[31m
              [36m</div>[31m
            [36m</div>[31m
            [36m<div[31m
              [33mstyle[31m=[32m"background: rgb(26, 28, 36); border-radius: 20px; border: 1px solid rgba(255, 255, 255, 0.08); margin-bottom: 14px; overflow: hidden;"[31m
            [36m>[31m
              [36m<div[31m
                [33mstyle[31m=[32m"padding: 14px 16px 10px; display: flex; justify-content: space-between; align-items: center;"[31m
              [36m>[31m
                [36m<div[31m
                  [33mstyle[31m=[32m"display: flex; align-items: center; gap: 10px;"[31m
                [36m>[31m
                  [36m<div[31m
                    [33mstyle[31m=[32m"display: flex; align-items: center; gap: 8px;"[31m
                  [36m>[31m
                    [36m<div>[31m
                      [36m<div[31m
                        [33mstyle[31m=[32m"font-size: 16px; font-weight: 700; color: rgb(255, 255, 255);"[31m
                      [36m>[31m
                        [0mBench Press[0m
                      [36m</div>[31m
                      [36m<div[31m
                    ...[39m
 [32m✓[39m src/lib/__tests__/supabase.test.js[2m > [22msupabase.js[2m > [22mAuth helpers[2m > [22msignUp calls supabase.auth.signUp with correct params[32m 7[2mms[22m[39m
 [32m✓[39m src/lib/__tests__/supabase.test.js[2m > [22msupabase.js[2m > [22mAuth helpers[2m > [22msignUp returns error on failure[32m 1[2mms[22m[39m
 [32m✓[39m src/lib/__tests__/supabase.test.js[2m > [22msupabase.js[2m > [22mAuth helpers[2m > [22msignIn calls signInWithPassword[32m 1[2mms[22m[39m
 [32m✓[39m src/lib/__tests__/supabase.test.js[2m > [22msupabase.js[2m > [22mAuth helpers[2m > [22msignIn returns error for bad credentials[32m 1[2mms[22m[39m
 [32m✓[39m src/lib/__tests__/supabase.test.js[2m > [22msupabase.js[2m > [22mAuth helpers[2m > [22msignOut calls supabase.auth.signOut[32m 1[2mms[22m[39m
 [32m✓[39m src/lib/__tests__/supabase.test.js[2m > [22msupabase.js[2m > [22mAuth helpers[2m > [22mgetSession returns session[32m 1[2mms[22m[39m
 [32m✓[39m src/lib/__tests__/supabase.test.js[2m > [22msupabase.js[2m > [22mAuth helpers[2m > [22mgetSession returns null when no session[32m 1[2mms[22m[39m
 [32m✓[39m src/lib/__tests__/supabase.test.js[2m > [22msupabase.js[2m > [22mAuth helpers[2m > [22mgetUser returns user[32m 1[2mms[22m[39m
 [32m✓[39m src/lib/__tests__/supabase.test.js[2m > [22msupabase.js[2m > [22mAuth helpers[2m > [22msignInWithGoogle calls signInWithOAuth[32m 3[2mms[22m[39m
 [32m✓[39m src/lib/__tests__/supabase.test.js[2m > [22msupabase.js[2m > [22mData helpers[2m > [22mgetProfile returns null when no session[32m 1[2mms[22m[39m
 [32m✓[39m src/lib/__tests__/supabase.test.js[2m > [22msupabase.js[2m > [22mData helpers[2m > [22mgetProfile queries profiles table for current user[32m 1[2mms[22m[39m
 [32m✓[39m src/lib/__tests__/supabase.test.js[2m > [22msupabase.js[2m > [22mData helpers[2m > [22mupdateProfile returns null when no session[32m 1[2mms[22m[39m
 [32m✓[39m src/lib/__tests__/supabase.test.js[2m > [22msupabase.js[2m > [22mData helpers[2m > [22mupdateProfile updates the profile[32m 1[2mms[22m[39m
 [32m✓[39m src/lib/__tests__/supabase.test.js[2m > [22msupabase.js[2m > [22mData helpers[2m > [22mgetWorkouts returns data ordered by date[32m 2[2mms[22m[39m
 [32m✓[39m src/lib/__tests__/supabase.test.js[2m > [22msupabase.js[2m > [22mData helpers[2m > [22mgetWorkouts defaults to limit 10[32m 1[2mms[22m[39m
 [32m✓[39m src/lib/__tests__/supabase.test.js[2m > [22msupabase.js[2m > [22mData helpers[2m > [22mgetWorkouts returns empty array on error[32m 3[2mms[22m[39m
 [32m✓[39m src/lib/__tests__/supabase.test.js[2m > [22msupabase.js[2m > [22mData helpers[2m > [22mgetPersonalRecords queries and orders by 1RM[32m 1[2mms[22m[39m
 [32m✓[39m src/lib/__tests__/supabase.test.js[2m > [22msupabase.js[2m > [22mData helpers[2m > [22mgetWeeklyStats returns null without session[32m 0[2mms[22m[39m
 [32m✓[39m src/lib/__tests__/supabase.test.js[2m > [22msupabase.js[2m > [22mData helpers[2m > [22mgetWeeklyStats calls RPC[32m 0[2mms[22m[39m
 [32m✓[39m src/lib/__tests__/supabase.test.js[2m > [22msupabase.js[2m > [22mData helpers[2m > [22mgetVolumeTrend calls RPC[32m 1[2mms[22m[39m
 [32m✓[39m src/lib/__tests__/supabase.test.js[2m > [22msupabase.js[2m > [22mData helpers[2m > [22mcheckAIQuota calls RPC[32m 1[2mms[22m[39m
 [32m✓[39m src/lib/__tests__/supabase.test.js[2m > [22msupabase.js[2m > [22mData helpers[2m > [22mgetTemplates returns data directly when available[32m 1[2mms[22m[39m
 [32m✓[39m src/lib/__tests__/supabase.test.js[2m > [22msupabase.js[2m > [22mData helpers[2m > [22mgetTemplates retries with RPC seed when empty[32m 1[2mms[22m[39m
 [32m✓[39m src/lib/__tests__/supabase.test.js[2m > [22msupabase.js[2m > [22mcallCoachAPI[2m > [22mthrows when not authenticated[32m 3[2mms[22m[39m
 [32m✓[39m src/lib/__tests__/supabase.test.js[2m > [22msupabase.js[2m > [22mcallCoachAPI[2m > [22msends POST request to coach edge function[32m 3[2mms[22m[39m
 [32m✓[39m src/lib/__tests__/supabase.test.js[2m > [22msupabase.js[2m > [22mcallCoachAPI[2m > [22mthrows error on non-ok response[32m 1[2mms[22m[39m
 [32m✓[39m src/lib/__tests__/supabase.test.js[2m > [22msupabase.js[2m > [22mcallCoachAPI[2m > [22mthrows generic error when no error field[32m 1[2mms[22m[39m
 [32m✓[39m src/lib/__tests__/supabase.test.js[2m > [22msupabase.js[2m > [22mseedDummyData[2m > [22mdoes nothing when no session[32m 0[2mms[22m[39m
 [32m✓[39m src/lib/__tests__/supabase.test.js[2m > [22msupabase.js[2m > [22mseedDummyData[2m > [22mskips seeding when user already has workouts[32m 0[2mms[22m[39m
 [32m✓[39m src/lib/__tests__/supabase.test.js[2m > [22msupabase.js[2m > [22mreduceSetsFutureWorkouts[2m > [22mthrows when not authenticated[32m 1[2mms[22m[39m
 [32m✓[39m src/lib/__tests__/supabase.test.js[2m > [22msupabase.js[2m > [22mreduceSetsFutureWorkouts[2m > [22mreturns silently when current workout fetch errors[32m 1[2mms[22m[39m
 [32m✓[39m src/lib/__tests__/supabase.test.js[2m > [22msupabase.js[2m > [22mreduceSetsFutureWorkouts[2m > [22mreturns silently when current workout data is null[32m 0[2mms[22m[39m
 [32m✓[39m src/lib/__tests__/supabase.test.js[2m > [22msupabase.js[2m > [22mreduceSetsFutureWorkouts[2m > [22mreturns silently when no future workouts exist[32m 0[2mms[22m[39m
 [32m✓[39m src/lib/__tests__/supabase.test.js[2m > [22msupabase.js[2m > [22mreduceSetsFutureWorkouts[2m > [22mreturns silently when future workout fetch errors[32m 0[2mms[22m[39m
 [32m✓[39m src/lib/__tests__/supabase.test.js[2m > [22msupabase.js[2m > [22mreduceSetsFutureWorkouts[2m > [22mdecrements sets by 1 for each exercise in future workouts[32m 1[2mms[22m[39m
 [32m✓[39m src/lib/__tests__/supabase.test.js[2m > [22msupabase.js[2m > [22mreduceSetsFutureWorkouts[2m > [22mdoes not reduce sets below 1[32m 0[2mms[22m[39m
 [32m✓[39m src/lib/__tests__/supabase.test.js[2m > [22msupabase.js[2m > [22mreduceSetsFutureWorkouts[2m > [22mdefaults to 3 sets when sets field is missing, reducing to 2[32m 0[2mms[22m[39m
 [32m✓[39m src/lib/__tests__/supabase.test.js[2m > [22msupabase.js[2m > [22mreduceSetsFutureWorkouts[2m > [22mqueries future workouts with correct filters[32m 0[2mms[22m[39m
 [32m✓[39m src/lib/__tests__/supabase.test.js[2m > [22msupabase.js[2m > [22mreduceSetsFutureWorkouts[2m > [22mlooks up current workout by scheduledWorkoutId[32m 0[2mms[22m[39m
 [32m✓[39m supabase/functions/stripe-webhook/index.test.ts[2m > [22mgetPlanFromSubscription[2m > [22mmaps price_pro_monthly to "pro"[32m 5[2mms[22m[39m
 [32m✓[39m supabase/functions/stripe-webhook/index.test.ts[2m > [22mgetPlanFromSubscription[2m > [22mmaps price_unlimited_monthly to "unlimited"[32m 1[2mms[22m[39m
 [32m✓[39m supabase/functions/stripe-webhook/index.test.ts[2m > [22mgetPlanFromSubscription[2m > [22mfalls back to "free" for unknown price IDs[32m 0[2mms[22m[39m
 [32m✓[39m supabase/functions/stripe-webhook/index.test.ts[2m > [22mgetPlanFromSubscription[2m > [22mfalls back to "free" when items array is empty[32m 0[2mms[22m[39m
 [32m✓[39m supabase/functions/stripe-webhook/index.test.ts[2m > [22mstripe-webhook handler[2m > [22msignature validation[2m > [22mreturns 400 when stripe-signature header is missing[32m 11[2mms[22m[39m
 [32m✓[39m supabase/functions/stripe-webhook/index.test.ts[2m > [22mstripe-webhook handler[2m > [22msignature validation[2m > [22mreturns 400 when signature verification fails[32m 2[2mms[22m[39m
 [32m✓[39m supabase/functions/stripe-webhook/index.test.ts[2m > [22mstripe-webhook handler[2m > [22msignature validation[2m > [22mpasses body and signature to verifyWebhook[32m 4[2mms[22m[39m
 [32m✓[39m supabase/functions/stripe-webhook/index.test.ts[2m > [22mstripe-webhook handler[2m > [22mcustomer.subscription.created[2m > [22mupdates profile with pro plan on pro price ID[32m 4[2mms[22m[39m
 [32m✓[39m supabase/functions/stripe-webhook/index.test.ts[2m > [22mstripe-webhook handler[2m > [22mcustomer.subscription.created[2m > [22mupdates profile with unlimited plan on unlimited price ID[32m 5[2mms[22m[39m
 [32m✓[39m supabase/functions/stripe-webhook/index.test.ts[2m > [22mstripe-webhook handler[2m > [22mcustomer.subscription.created[2m > [22msets plan to free for unknown price ID[32m 2[2mms[22m[39m
 [32m✓[39m supabase/functions/stripe-webhook/index.test.ts[2m > [22mstripe-webhook handler[2m > [22mcustomer.subscription.created[2m > [22mconverts current_period_end Unix timestamp to ISO string[32m 1[2mms[22m[39m
 [32m✓[39m supabase/functions/stripe-webhook/index.test.ts[2m > [22mstripe-webhook handler[2m > [22mcustomer.subscription.created[2m > [22mreturns 200 with received: true on success[32m 1[2mms[22m[39m
 [32m✓[39m supabase/functions/stripe-webhook/index.test.ts[2m > [22mstripe-webhook handler[2m > [22mcustomer.subscription.updated[2m > [22mhandles subscription.updated the same as subscription.created[32m 2[2mms[22m[39m
 [32m✓[39m supabase/functions/stripe-webhook/index.test.ts[2m > [22mstripe-webhook handler[2m > [22mcustomer.subscription.deleted[2m > [22mdowngrades user to free plan and clears subscription[32m 1[2mms[22m[39m
 [32m✓[39m supabase/functions/stripe-webhook/index.test.ts[2m > [22mstripe-webhook handler[2m > [22mcustomer.subscription.deleted[2m > [22mreturns 200 even when profile update fails[32m 3[2mms[22m[39m
 [32m✓[39m supabase/functions/stripe-webhook/index.test.ts[2m > [22mstripe-webhook handler[2m > [22minvoice.payment_failed[2m > [22macknowledges the event without calling updateProfile[32m 1[2mms[22m[39m
 [32m✓[39m supabase/functions/stripe-webhook/index.test.ts[2m > [22mstripe-webhook handler[2m > [22munhandled event types[2m > [22macknowledges unknown events without error[32m 1[2mms[22m[39m
 [32m✓[39m supabase/functions/stripe-webhook/index.test.ts[2m > [22mstripe-webhook handler[2m > [22merror handling[2m > [22mreturns 500 on unexpected thrown error[32m 1[2mms[22m[39m
 [32m✓[39m supabase/functions/coach/index.test.ts[2m > [22mgetPlanFromSubscription[2m > [22mreturns "pro" for pro price ID[32m 8[2mms[22m[39m
 [32m✓[39m supabase/functions/coach/index.test.ts[2m > [22mgetPlanFromSubscription[2m > [22mreturns "unlimited" for unlimited price ID[32m 1[2mms[22m[39m
 [32m✓[39m supabase/functions/coach/index.test.ts[2m > [22mgetPlanFromSubscription[2m > [22mreturns "free" for unknown price ID[32m 0[2mms[22m[39m
 [32m✓[39m supabase/functions/coach/index.test.ts[2m > [22mgetPlanFromSubscription[2m > [22mreturns "free" when items array is empty[32m 1[2mms[22m[39m
 [32m✓[39m supabase/functions/coach/index.test.ts[2m > [22mcoach handler[2m > [22mCORS preflight[2m > [22mreturns 200 ok for OPTIONS request[32m 17[2mms[22m[39m
 [32m✓[39m supabase/functions/coach/index.test.ts[2m > [22mcoach handler[2m > [22mCORS preflight[2m > [22mincludes CORS headers on OPTIONS response[32m 3[2mms[22m[39m
 [32m✓[39m supabase/functions/coach/index.test.ts[2m > [22mcoach handler[2m > [22mauthentication[2m > [22mreturns 401 when Authorization header is missing[32m 2[2mms[22m[39m
 [32m✓[39m supabase/functions/coach/index.test.ts[2m > [22mcoach handler[2m > [22mauthentication[2m > [22mreturns 401 when user is not found[32m 2[2mms[22m[39m
 [32m✓[39m supabase/functions/coach/index.test.ts[2m > [22mcoach handler[2m > [22mauthentication[2m > [22mreturns 401 when getUser returns null user with no error[32m 2[2mms[22m[39m
 [32m✓[39m supabase/functions/coach/index.test.ts[2m > [22mcoach handler[2m > [22mrequest validation[2m > [22mreturns 400 when prompt is missing[32m 2[2mms[22m[39m
 [32m✓[39m supabase/functions/coach/index.test.ts[2m > [22mcoach handler[2m > [22mrequest validation[2m > [22mreturns 400 when prompt is empty string[32m 4[2mms[22m[39m
 [32m✓[39m supabase/functions/coach/index.test.ts[2m > [22mcoach handler[2m > [22mquota enforcement[2m > [22mreturns 500 when quota check fails[32m 2[2mms[22m[39m
 [32m✓[39m supabase/functions/coach/index.test.ts[2m > [22mcoach handler[2m > [22mquota enforcement[2m > [22mreturns 429 when daily limit is reached[32m 2[2mms[22m[39m
 [32m✓[39m supabase/functions/coach/index.test.ts[2m > [22mcoach handler[2m > [22mquota enforcement[2m > [22mdoes not call Anthropic when quota is exhausted[32m 2[2mms[22m[39m
 [32m✓[39m supabase/functions/coach/index.test.ts[2m > [22mcoach handler[2m > [22msuccessful request[2m > [22mreturns AI response text[32m 2[2mms[22m[39m
 [32m✓[39m supabase/functions/coach/index.test.ts[2m > [22mcoach handler[2m > [22msuccessful request[2m > [22mincludes conversationId in response[32m 1[2mms[22m[39m
 [32m✓[39m supabase/functions/coach/index.test.ts[2m > [22mcoach handler[2m > [22msuccessful request[2m > [22muses existing conversationId when provided[32m 1[2mms[22m[39m
 [32m✓[39m supabase/functions/coach/index.test.ts[2m > [22mcoach handler[2m > [22msuccessful request[2m > [22mloads conversation history when conversationId provided[32m 5[2mms[22m[39m
 [32m✓[39m supabase/functions/coach/index.test.ts[2m > [22mcoach handler[2m > [22msuccessful request[2m > [22mdoes not load history when no conversationId[32m 3[2mms[22m[39m
 [32m✓[39m supabase/functions/coach/index.test.ts[2m > [22mcoach handler[2m > [22msuccessful request[2m > [22msaves user and assistant messages after successful response[32m 6[2mms[22m[39m
 [32m✓[39m supabase/functions/coach/index.test.ts[2m > [22mcoach handler[2m > [22msuccessful request[2m > [22mincrements quota counter after successful response[32m 1[2mms[22m[39m
 [32m✓[39m supabase/functions/coach/index.test.ts[2m > [22mcoach handler[2m > [22msuccessful request[2m > [22mreturns remaining quota as quota.remaining - 1[32m 1[2mms[22m[39m
 [32m✓[39m supabase/functions/coach/index.test.ts[2m > [22mcoach handler[2m > [22msuccessful request[2m > [22mincludes usage stats in response[32m 1[2mms[22m[39m
 [32m✓[39m supabase/functions/coach/index.test.ts[2m > [22mcoach handler[2m > [22mcost calculation[2m > [22mcalculates cost correctly with no cache hits[32m 2[2mms[22m[39m
 [32m✓[39m supabase/functions/coach/index.test.ts[2m > [22mcoach handler[2m > [22mcost calculation[2m > [22mapplies 90% discount for cache hits[32m 2[2mms[22m[39m
 [32m✓[39m supabase/functions/coach/index.test.ts[2m > [22mcoach handler[2m > [22mAnthropic API errors[2m > [22mreturns 502 when Anthropic API call fails[32m 1[2mms[22m[39m
 [32m✓[39m supabase/functions/coach/index.test.ts[2m > [22mcoach handler[2m > [22mAnthropic API errors[2m > [22mreturns 500 on unexpected thrown error[32m 1[2mms[22m[39m
 [32m✓[39m supabase/functions/coach/index.test.ts[2m > [22mcoach handler[2m > [22mfallback response[2m > [22muses fallback text when Anthropic returns empty content[32m 1[2mms[22m[39m
 [32m✓[39m src/lib/__tests__/offlineStorage.test.js[2m > [22mofflineStorage[2m > [22mgetQueue[2m > [22mreturns empty array when nothing in storage[32m 5[2mms[22m[39m
 [32m✓[39m src/lib/__tests__/offlineStorage.test.js[2m > [22mofflineStorage[2m > [22mgetQueue[2m > [22mreturns parsed queue from localStorage[32m 1[2mms[22m[39m
 [32m✓[39m src/lib/__tests__/offlineStorage.test.js[2m > [22mofflineStorage[2m > [22mgetQueue[2m > [22mreturns empty array on malformed JSON[32m 1[2mms[22m[39m
 [32m✓[39m src/lib/__tests__/offlineStorage.test.js[2m > [22mofflineStorage[2m > [22mqueueWorkout[2m > [22madds a workout entry to the queue[32m 2[2mms[22m[39m
 [32m✓[39m src/lib/__tests__/offlineStorage.test.js[2m > [22mofflineStorage[2m > [22mqueueWorkout[2m > [22mappends to existing queue[32m 1[2mms[22m[39m
 [32m✓[39m src/lib/__tests__/offlineStorage.test.js[2m > [22mofflineStorage[2m > [22mqueueWorkout[2m > [22mgenerates unique IDs[32m 0[2mms[22m[39m
 [32m✓[39m src/lib/__tests__/offlineStorage.test.js[2m > [22mofflineStorage[2m > [22mgetPendingCount[2m > [22mreturns 0 when queue is empty[32m 0[2mms[22m[39m
 [32m✓[39m src/lib/__tests__/offlineStorage.test.js[2m > [22mofflineStorage[2m > [22mgetPendingCount[2m > [22mreturns correct count[32m 0[2mms[22m[39m
 [32m✓[39m src/lib/__tests__/offlineStorage.test.js[2m > [22mofflineStorage[2m > [22msyncPendingWorkouts[2m > [22mreturns { synced: 0, failed: 0 } when queue is empty[32m 1[2mms[22m[39m
 [32m✓[39m src/lib/__tests__/offlineStorage.test.js[2m > [22mofflineStorage[2m > [22msyncPendingWorkouts[2m > [22mreturns { synced: 0, failed: 0 } when user is not authenticated[32m 1[2mms[22m[39m
 [32m✓[39m src/lib/__tests__/offlineStorage.test.js[2m > [22mofflineStorage[2m > [22msyncPendingWorkouts[2m > [22msyncs workouts and removes from queue on success[32m 1[2mms[22m[39m
 [32m✓[39m src/lib/__tests__/offlineStorage.test.js[2m > [22mofflineStorage[2m > [22msyncPendingWorkouts[2m > [22msyncs workout without sets[32m 0[2mms[22m[39m
 [32m✓[39m src/lib/__tests__/offlineStorage.test.js[2m > [22mofflineStorage[2m > [22msyncPendingWorkouts[2m > [22mincrements failed count on workout insert error[32m 7[2mms[22m[39m
 [32m✓[39m src/lib/__tests__/offlineStorage.test.js[2m > [22mofflineStorage[2m > [22msyncPendingWorkouts[2m > [22mincrements failed count on sets insert error[32m 1[2mms[22m[39m
 [32m✓[39m src/lib/__tests__/offlineStorage.test.js[2m > [22mofflineStorage[2m > [22msyncPendingWorkouts[2m > [22msyncs multiple workouts independently[32m 2[2mms[22m[39m
 [32m✓[39m src/lib/__tests__/offlineStorage.test.js[2m > [22mofflineStorage[2m > [22msyncPendingWorkouts[2m > [22madds user_id to workout on sync[32m 0[2mms[22m[39m
 [32m✓[39m src/lib/__tests__/offlineStorage.test.js[2m > [22mofflineStorage[2m > [22msyncPendingWorkouts[2m > [22msets workout_id on sets when syncing[32m 1[2mms[22m[39m
 [31m×[39m src/__tests__/WorkoutFlow.test.jsx[2m > [22mWorkout Flow[2m > [22mWorkout Screen[2m > [22mskips rest timer[33m 1428[2mms[22m[39m
[31m   → Unable to find an element with the text: Skip. This could be because the text is broken up by multiple elements. In this case, you can provide a function for your text matcher to make your matcher more flexible.

Ignored nodes: comments, script, style
[36m<body>[31m
  [36m<div>[31m
    [36m<div[31m
      [33mclass[31m=[32m"app-shell"[31m
      [33mstyle[31m=[32m"background: rgb(14, 15, 20); overflow: hidden; font-family: \"Outfit\", sans-serif; display: flex; position: relative; flex-direction: column;"[31m
    [36m>[31m
      [36m<link[31m
        [33mhref[31m=[32m"https://fonts.googleapis.com/css2?family=Outfit:wght@400;500;600;700;800&family=JetBrains+Mono:wght@400;500;600;700&display=swap"[31m
        [33mrel[31m=[32m"stylesheet"[31m
      [36m/>[31m
      [36m<div[31m
        [33mstyle[31m=[32m"flex: 1 1 0%; overflow-y: auto; overflow-x: hidden; display: flex; flex-direction: column;"[31m
      [36m>[31m
        [36m<div[31m
          [33mstyle[31m=[32m"padding: 0px 20px 110px;"[31m
        [36m>[31m
          [36m<div[31m
            [33mstyle[31m=[32m"display: flex; justify-content: space-between; align-items: center; padding: 14px 0px 6px;"[31m
          [36m>[31m
            [36m<button[31m
              [33mstyle[31m=[32m"background: rgb(26, 28, 36); border: 1px solid rgba(255, 255, 255, 0.08); color: rgb(255, 255, 255); border-radius: 12px; padding: 8px 14px; font-size: 13px; cursor: pointer; opacity: 1;"[31m
            [36m>[31m
              [0m✕[0m
            [36m</button>[31m
            [36m<button[31m
              [33mstyle[31m=[32m"background: linear-gradient(135deg, rgb(223, 255, 60), rgba(223, 255, 60, 0.8)); border: medium; color: rgb(14, 15, 20); border-radius: 12px; padding: 8px 18px; font-size: 13px; font-weight: 800; cursor: pointer; opacity: 1;"[31m
            [36m>[31m
              [0mFinish [0m
              [0m✓[0m
            [36m</button>[31m
          [36m</div>[31m
          [36m<div[31m
            [33mstyle[31m=[32m"text-align: center; padding: 10px 0px 16px;"[31m
          [36m>[31m
            [36m<div[31m
              [33mstyle[31m=[32m"font-size: 10px; color: rgb(161, 161, 170); font-family: \"JetBrains Mono\", monospace; letter-spacing: 2px; text-transform: uppercase;"[31m
            [36m>[31m
              [0mPush[0m
              [0m Day[0m
            [36m</div>[31m
            [36m<div[31m
              [33mstyle[31m=[32m"font-size: 11px; color: rgb(161, 161, 170); font-family: \"JetBrains Mono\", monospace; letter-spacing: 1px; text-transform: uppercase; margin-top: 8px;"[31m
            [36m>[31m
              [0mWorkout Duration[0m
            [36m</div>[31m
            [36m<div[31m
              [33mstyle[31m=[32m"font-size: 22px; font-weight: 700; color: rgba(255, 255, 255, 0.55); font-family: \"Outfit\", sans-serif; letter-spacing: -1px; line-height: 1; margin: 2px 0px 10px;"[31m
            [36m>[31m
              [0m00:01[0m
            [36m</div>[31m
            [36m<div[31m
              [33mstyle[31m=[32m"display: flex; justify-content: center; align-items: center; gap: 10px;"[31m
            [36m>[31m
              [36m<div[31m
                [33mstyle[31m=[32m"width: 140px; height: 4px; border-radius: 2px; background: rgba(255, 255, 255, 0.06); overflow: hidden;"[31m
              [36m>[31m
                [36m<div[31m
                  [33mstyle[31m=[32m"height: 100%; border-radius: 2px; background: rgb(223, 255, 60); width: 6.25%; transition: width .4s ease;"[31m
                [36m/>[31m
              [36m</div>[31m
              [36m<span[31m
                [33mstyle[31m=[32m"font-size: 12px; color: rgb(161, 161, 170); font-family: \"JetBrains Mono\", monospace;"[31m
              [36m>[31m
                [0m1[0m
                [0m/[0m
                [0m16[0m
              [36m</span>[31m
            [36m</div>[31m
          [36m</div>[31m
          [36m<div[31m
            [33mstyle[31m=[32m"background: rgb(26, 28, 36); border: 1px solid rgba(255, 255, 255, 0.08); border-radius: 16px; padding: 14px 18px; margin-bottom: 16px; display: flex; align-items: center; justify-content: space-between;"[31m
          [36m>[31m
            [36m<div>[31m
              [36m<div[31m
                [33mstyle[31m=[32m"font-size: 10px; color: rgb(161, 161, 170); font-family: \"JetBrains Mono\", monospace; letter-spacing: 1.5px; text-transform: uppercase;"[31m
              [36m>[31m
                [0mStopwatch[0m
              [36m</div>[31m
              [36m<div[31m
                [33mstyle[31m=[32m"font-size: 32px; font-weight: 800; color: rgb(255, 255, 255); font-family: \"Outfit\", sans-serif; letter-spacing: -1px;"[31m
              [36m>[31m
                [0m00:00[0m
              [36m</div>[31m
            [36m</div>[31m
            [36m<div[31m
              [33mstyle[31m=[32m"display: flex; gap: 8px; align-items: center;"[31m
            [36m>[31m
              [36m<button[31m
                [33mstyle[31m=[32m"background: rgb(223, 255, 60); border: medium; color: rgb(14, 15, 20); border-radius: 12px; padding: 9px 16px; font-size: 13px; font-weight: 700; cursor: pointer; font-family: \"JetBrains Mono\", monospace;"[31m
              [36m>[31m
                [0mStart[0m
              [36m</button>[31m
              [36m<button[31m
                [33mstyle[31m=[32m"background: rgba(255, 255, 255, 0.06); border: medium; color: rgba(255, 255, 255, 0.4); border-radius: 12px; padding: 9px 14px; font-size: 13px; cursor: pointer; font-family: \"JetBrains Mono\", monospace;"[31m
              [36m>[31m
                [0mReset[0m
              [36m</button>[31m
            [36m</div>[31m
          [36m</div>[31m
          [36m<div[31m
            [33mstyle[31m=[32m"background: rgb(26, 28, 36); border-radius: 20px; border: 1px solid rgba(255, 255, 255, 0.08); margin-bottom: 14px; overflow: hidden;"[31m
          [36m>[31m
            [36m<div[31m
              [33mstyle[31m=[32m"padding: 14px 16px 10px; display: flex; justify-content: space-between; align-items: center;"[31m
            [36m>[31m
              [36m<div[31m
                [33mstyle[31m=[32m"display: flex; align-items: center; gap: 10px;"[31m
              [36m>[31m
                [36m<div[31m
                  [33mstyle[31m=[32m"display: flex; align-items: center; gap: 8px;"[31m
                [36m>[31m
                  [36m<div>[31m
                    [36m<div[31m
                      [33mstyle[31m=[32m"font-size: 16px; font-weight: 700; color: rgb(255, 255, 255);"[31m
                    [36m>[31m
                      [0mBench Press[0m
                    [36m</div>[31m
                    [36m<div[31m
                      [33mstyle[31m=[32m"font-size: 11px; color: rgb(161, 161, 170); font-family: \"JetBrains Mono\", monospace; margin-top: 2px;"[31m
                    [36m>[31m
                      [0mBarbell[0m
                    [36m</div>[31m
                  [36m</div>[3...

Ignored nodes: comments, script, style
[36m<html>[31m
  [36m<head />[31m
  [36m<body>[31m
    [36m<div>[31m
      [36m<div[31m
        [33mclass[31m=[32m"app-shell"[31m
        [33mstyle[31m=[32m"background: rgb(14, 15, 20); overflow: hidden; font-family: \"Outfit\", sans-serif; display: flex; position: relative; flex-direction: column;"[31m
      [36m>[31m
        [36m<link[31m
          [33mhref[31m=[32m"https://fonts.googleapis.com/css2?family=Outfit:wght@400;500;600;700;800&family=JetBrains+Mono:wght@400;500;600;700&display=swap"[31m
          [33mrel[31m=[32m"stylesheet"[31m
        [36m/>[31m
        [36m<div[31m
          [33mstyle[31m=[32m"flex: 1 1 0%; overflow-y: auto; overflow-x: hidden; display: flex; flex-direction: column;"[31m
        [36m>[31m
          [36m<div[31m
            [33mstyle[31m=[32m"padding: 0px 20px 110px;"[31m
          [36m>[31m
            [36m<div[31m
              [33mstyle[31m=[32m"display: flex; justify-content: space-between; align-items: center; padding: 14px 0px 6px;"[31m
            [36m>[31m
              [36m<button[31m
                [33mstyle[31m=[32m"background: rgb(26, 28, 36); border: 1px solid rgba(255, 255, 255, 0.08); color: rgb(255, 255, 255); border-radius: 12px; padding: 8px 14px; font-size: 13px; cursor: pointer; opacity: 1;"[31m
              [36m>[31m
                [0m✕[0m
              [36m</button>[31m
              [36m<button[31m
                [33mstyle[31m=[32m"background: linear-gradient(135deg, rgb(223, 255, 60), rgba(223, 255, 60, 0.8)); border: medium; color: rgb(14, 15, 20); border-radius: 12px; padding: 8px 18px; font-size: 13px; font-weight: 800; cursor: pointer; opacity: 1;"[31m
              [36m>[31m
                [0mFinish [0m
                [0m✓[0m
              [36m</button>[31m
            [36m</div>[31m
            [36m<div[31m
              [33mstyle[31m=[32m"text-align: center; padding: 10px 0px 16px;"[31m
            [36m>[31m
              [36m<div[31m
                [33mstyle[31m=[32m"font-size: 10px; color: rgb(161, 161, 170); font-family: \"JetBrains Mono\", monospace; letter-spacing: 2px; text-transform: uppercase;"[31m
              [36m>[31m
                [0mPush[0m
                [0m Day[0m
              [36m</div>[31m
              [36m<div[31m
                [33mstyle[31m=[32m"font-size: 11px; color: rgb(161, 161, 170); font-family: \"JetBrains Mono\", monospace; letter-spacing: 1px; text-transform: uppercase; margin-top: 8px;"[31m
              [36m>[31m
                [0mWorkout Duration[0m
              [36m</div>[31m
              [36m<div[31m
                [33mstyle[31m=[32m"font-size: 22px; font-weight: 700; color: rgba(255, 255, 255, 0.55); font-family: \"Outfit\", sans-serif; letter-spacing: -1px; line-height: 1; margin: 2px 0px 10px;"[31m
              [36m>[31m
                [0m00:01[0m
              [36m</div>[31m
              [36m<div[31m
                [33mstyle[31m=[32m"display: flex; justify-content: center; align-items: center; gap: 10px;"[31m
              [36m>[31m
                [36m<div[31m
                  [33mstyle[31m=[32m"width: 140px; height: 4px; border-radius: 2px; background: rgba(255, 255, 255, 0.06); overflow: hidden;"[31m
                [36m>[31m
                  [36m<div[31m
                    [33mstyle[31m=[32m"height: 100%; border-radius: 2px; background: rgb(223, 255, 60); width: 6.25%; transition: width .4s ease;"[31m
                  [36m/>[31m
                [36m</div>[31m
                [36m<span[31m
                  [33mstyle[31m=[32m"font-size: 12px; color: rgb(161, 161, 170); font-family: \"JetBrains Mono\", monospace;"[31m
                [36m>[31m
                  [0m1[0m
                  [0m/[0m
                  [0m16[0m
                [36m</span>[31m
              [36m</div>[31m
            [36m</div>[31m
            [36m<div[31m
              [33mstyle[31m=[32m"background: rgb(26, 28, 36); border: 1px solid rgba(255, 255, 255, 0.08); border-radius: 16px; padding: 14px 18px; margin-bottom: 16px; display: flex; align-items: center; justify-content: space-between;"[31m
            [36m>[31m
              [36m<div>[31m
                [36m<div[31m
                  [33mstyle[31m=[32m"font-size: 10px; color: rgb(161, 161, 170); font-family: \"JetBrains Mono\", monospace; letter-spacing: 1.5px; text-transform: uppercase;"[31m
                [36m>[31m
                  [0mStopwatch[0m
                [36m</div>[31m
                [36m<div[31m
                  [33mstyle[31m=[32m"font-size: 32px; font-weight: 800; color: rgb(255, 255, 255); font-family: \"Outfit\", sans-serif; letter-spacing: -1px;"[31m
                [36m>[31m
                  [0m00:00[0m
                [36m</div>[31m
              [36m</div>[31m
              [36m<div[31m
                [33mstyle[31m=[32m"display: flex; gap: 8px; align-items: center;"[31m
              [36m>[31m
                [36m<button[31m
                  [33mstyle[31m=[32m"background: rgb(223, 255, 60); border: medium; color: rgb(14, 15, 20); border-radius: 12px; padding: 9px 16px; font-size: 13px; font-weight: 700; cursor: pointer; font-family: \"JetBrains Mono\", monospace;"[31m
                [36m>[31m
                  [0mStart[0m
                [36m</button>[31m
                [36m<button[31m
                  [33mstyle[31m=[32m"background: rgba(255, 255, 255, 0.06); border: medium; color: rgba(255, 255, 255, 0.4); border-radius: 12px; padding: 9px 14px; font-size: 13px; cursor: pointer; font-family: \"JetBrains Mono\", monospace;"[31m
                [36m>[31m
                  [0mReset[0m
                [36m</button>[31m
              [36m</div>[31m
            [36m</div>[31m
            [36m<div[31m
              [33mstyle[31m=[32m"background: rgb(26, 28, 36); border-radius: 20px; border: 1px solid rgba(255, 255, 255, 0.08); margin-bottom: 14px; overflow: hidden;"[31m
            [36m>[31m
              [36m<div[31m
                [33mstyle[31m=[32m"padding: 14px 16px 10px; display: flex; justify-content: space-between; align-items: center;"[31m
              [36m>[31m
                [36m<div[31m
                  [33mstyle[31m=[32m"display: flex; align-items: center; gap: 10px;"[31m
                [36m>[31m
                  [36m<div[31m
                    [33mstyle[31m=[32m"display: flex; align-items: center; gap: 8px;"[31m
                  [36m>[31m
                    [36m<div>[31m
                      [36m<div[31m
                        [33mstyle[31m=[32m"font-size: 16px; font-weight: 700; color: rgb(255, 255, 255);"[31m
                      [36m>[31m
                        [0mBench Press[0m
                      [36m</div>[31m
                      [36m<div[31m
                    ...[39m
 [32m✓[39m src/__tests__/WorkoutFlow.test.jsx[2m > [22mWorkout Flow[2m > [22mWorkout Screen[2m > [22mcan remove an exercise[32m 278[2mms[22m[39m
 [32m✓[39m src/__tests__/WorkoutFlow.test.jsx[2m > [22mWorkout Flow[2m > [22mWorkout Screen[2m > [22mshows add exercise button[32m 247[2mms[22m[39m
 [32m✓[39m src/__tests__/WorkoutFlow.test.jsx[2m > [22mWorkout Flow[2m > [22mWorkout Screen[2m > [22mopens add exercise modal[32m 264[2mms[22m[39m
 [32m✓[39m src/lib/__tests__/programEngine.test.js[2m > [22mprogramEngine[2m > [22mgetMuscleGroup()[2m > [22mmaps Bench Press to Chest[32m 2[2mms[22m[39m
 [32m✓[39m src/lib/__tests__/programEngine.test.js[2m > [22mprogramEngine[2m > [22mgetMuscleGroup()[2m > [22mmaps Back Squat to Quads[32m 0[2mms[22m[39m
 [32m✓[39m src/lib/__tests__/programEngine.test.js[2m > [22mprogramEngine[2m > [22mgetMuscleGroup()[2m > [22mmaps Romanian DL to Hamstrings[32m 0[2mms[22m[39m
 [32m✓[39m src/lib/__tests__/programEngine.test.js[2m > [22mprogramEngine[2m > [22mgetMuscleGroup()[2m > [22mmaps Deadlift to Back[32m 0[2mms[22m[39m
 [32m✓[39m src/lib/__tests__/programEngine.test.js[2m > [22mprogramEngine[2m > [22mgetMuscleGroup()[2m > [22mmaps Overhead Press to Shoulders[32m 0[2mms[22m[39m
 [32m✓[39m src/lib/__tests__/programEngine.test.js[2m > [22mprogramEngine[2m > [22mgetMuscleGroup()[2m > [22mmaps Barbell Curl to Biceps[32m 0[2mms[22m[39m
 [32m✓[39m src/lib/__tests__/programEngine.test.js[2m > [22mprogramEngine[2m > [22mgetMuscleGroup()[2m > [22mmaps Tricep Pushdown to Triceps[32m 0[2mms[22m[39m
 [32m✓[39m src/lib/__tests__/programEngine.test.js[2m > [22mprogramEngine[2m > [22mgetMuscleGroup()[2m > [22mreturns Other for unknown exercise[32m 0[2mms[22m[39m
 [32m✓[39m src/lib/__tests__/programEngine.test.js[2m > [22mprogramEngine[2m > [22mgetVolumeZoneLabel()[2m > [22mreturns plain language for MEV[32m 0[2mms[22m[39m
 [32m✓[39m src/lib/__tests__/programEngine.test.js[2m > [22mprogramEngine[2m > [22mgetVolumeZoneLabel()[2m > [22mreturns plain language for MAV[32m 0[2mms[22m[39m
 [32m✓[39m src/lib/__tests__/programEngine.test.js[2m > [22mprogramEngine[2m > [22mgetVolumeZoneLabel()[2m > [22mreturns plain language for MRV[32m 0[2mms[22m[39m
 [32m✓[39m src/lib/__tests__/programEngine.test.js[2m > [22mprogramEngine[2m > [22mgetVolumeZoneLabel()[2m > [22mreturns null for unknown zone[32m 0[2mms[22m[39m
 [32m✓[39m src/lib/__tests__/programEngine.test.js[2m > [22mprogramEngine[2m > [22mgetVolumeZoneColor()[2m > [22mreturns teal for MEV[32m 0[2mms[22m[39m
 [32m✓[39m src/lib/__tests__/programEngine.test.js[2m > [22mprogramEngine[2m > [22mgetVolumeZoneColor()[2m > [22mreturns yellow-green for MAV[32m 0[2mms[22m[39m
 [32m✓[39m src/lib/__tests__/programEngine.test.js[2m > [22mprogramEngine[2m > [22mgetVolumeZoneColor()[2m > [22mreturns orange-red for MRV[32m 0[2mms[22m[39m
 [32m✓[39m src/lib/__tests__/programEngine.test.js[2m > [22mprogramEngine[2m > [22mcalculatePrescription() — volume standards[2m > [22mWeek 1 sets equal mev_high when standards provided[32m 0[2mms[22m[39m
 [32m✓[39m src/lib/__tests__/programEngine.test.js[2m > [22mprogramEngine[2m > [22mcalculatePrescription() — volume standards[2m > [22mWeek 2 sets are midpoint(mev_high, mav_low)[32m 0[2mms[22m[39m
 [32m✓[39m src/lib/__tests__/programEngine.test.js[2m > [22mprogramEngine[2m > [22mcalculatePrescription() — volume standards[2m > [22mWeek 4 sets equal mav_high (best growth range peak)[32m 0[2mms[22m[39m
 [32m✓[39m src/lib/__tests__/programEngine.test.js[2m > [22mprogramEngine[2m > [22mcalculatePrescription() — volume standards[2m > [22mWeek 5 (deload) sets equal mev_low regardless of feedback[32m 0[2mms[22m[39m
 [32m✓[39m src/lib/__tests__/programEngine.test.js[2m > [22mprogramEngine[2m > [22mcalculatePrescription() — volume standards[2m > [22mhigh soreness decreases sets but never below mev_low[32m 0[2mms[22m[39m
 [32m✓[39m src/lib/__tests__/programEngine.test.js[2m > [22mprogramEngine[2m > [22mcalculatePrescription() — volume standards[2m > [22mMRV clamp: sets never exceed mrv_high[32m 0[2mms[22m[39m
 [32m✓[39m src/lib/__tests__/programEngine.test.js[2m > [22mprogramEngine[2m > [22mcalculatePrescription() — volume standards[2m > [22mjoint comfort <= 2 reduces sets by 1[32m 0[2mms[22m[39m
 [32m✓[39m src/lib/__tests__/programEngine.test.js[2m > [22mprogramEngine[2m > [22mcalculatePrescription() — volume standards[2m > [22mdreading=true reduces sets by 1[32m 0[2mms[22m[39m
 [32m✓[39m src/lib/__tests__/programEngine.test.js[2m > [22mprogramEngine[2m > [22mcalculatePrescription() — volume standards[2m > [22mreturns volumeZone field[32m 1[2mms[22m[39m
 [32m✓[39m src/lib/__tests__/programEngine.test.js[2m > [22mprogramEngine[2m > [22mcalculatePrescription() — volume standards[2m > [22mreturns volumeStd field[32m 1[2mms[22m[39m
 [32m✓[39m src/lib/__tests__/programEngine.test.js[2m > [22mprogramEngine[2m > [22mcalculatePrescription() — volume standards[2m > [22mdoes not crash when no volumeStandards provided[32m 1[2mms[22m[39m
 [32m✓[39m src/lib/__tests__/programEngine.test.js[2m > [22mprogramEngine[2m > [22mcalculatePrescription() — volume standards[2m > [22mdoes not crash when volumeStandards is undefined[32m 0[2mms[22m[39m
 [32m✓[39m src/lib/__tests__/programEngine.test.js[2m > [22mprogramEngine[2m > [22mcalculatePrescription() — volume standards[2m > [22mvolumeZone is null when no standards[32m 0[2mms[22m[39m
 [32m✓[39m src/lib/__tests__/programEngine.test.js[2m > [22mprogramEngine[2m > [22mgeneratePrescriptions()[2m > [22mreturns one prescription per exercise[32m 1[2mms[22m[39m
 [32m✓[39m src/lib/__tests__/programEngine.test.js[2m > [22mprogramEngine[2m > [22mgeneratePrescriptions()[2m > [22mpasses volumeStandards through to each prescription[32m 0[2mms[22m[39m
 [32m✓[39m src/lib/__tests__/programEngine.test.js[2m > [22mprogramEngine[2m > [22mgeneratePrescriptions()[2m > [22muses startingWeights as fallback weight[32m 0[2mms[22m[39m
 [32m✓[39m src/lib/__tests__/programEngine.test.js[2m > [22mprogramEngine[2m > [22mgeneratePrescriptions()[2m > [22mdoes not crash with empty input[32m 0[2mms[22m[39m
 [32m✓[39m src/__tests__/WorkoutFlow.test.jsx[2m > [22mWorkout Flow[2m > [22mWorkout Screen[2m > [22mshows add set button for each exercise[32m 225[2mms[22m[39m
 [32m✓[39m src/__tests__/WorkoutFlow.test.jsx[2m > [22mWorkout Flow[2m > [22mWorkout Screen[2m > [22madds a new set when + Add Set clicked[32m 255[2mms[22m[39m
 [32m✓[39m src/__tests__/WorkoutFlow.test.jsx[2m > [22mWorkout Flow[2m > [22mWorkout Screen[2m > [22msaves workout and navigates home on Finish[32m 252[2mms[22m[39m
 [32m✓[39m src/__tests__/WorkoutFlow.test.jsx[2m > [22mWorkout Flow[2m > [22mWorkout Screen[2m > [22mIncomplete sets warning (program workouts)[2m > [22mshows warning modal when finishing program workout with un-logged sets[32m 117[2mms[22m[39m
 [32m✓[39m src/__tests__/WorkoutFlow.test.jsx[2m > [22mWorkout Flow[2m > [22mWorkout Screen[2m > [22mIncomplete sets warning (program workouts)[2m > [22mmodal shows correct count of un-logged sets[32m 134[2mms[22m[39m
 [32m✓[39m src/__tests__/WorkoutFlow.test.jsx[2m > [22mWorkout Flow[2m > [22mWorkout Screen[2m > [22mIncomplete sets warning (program workouts)[2m > [22m"Finish anyway" closes modal without showing reduce-sets prompt[32m 180[2mms[22m[39m
 [32m✓[39m src/__tests__/WorkoutFlow.test.jsx[2m > [22mWorkout Flow[2m > [22mWorkout Screen[2m > [22mIncomplete sets warning (program workouts)[2m > [22m"Yes, I couldn't finish" advances to reduce-sets prompt[32m 170[2mms[22m[39m
 [31m×[39m src/__tests__/WorkoutFlow.test.jsx[2m > [22mWorkout Flow[2m > [22mWorkout Screen[2m > [22mIncomplete sets warning (program workouts)[2m > [22m"Yes, reduce sets" closes modal and calls reduceSetsFutureWorkouts[32m 253[2mms[22m[39m
[31m   → expected "vi.fn()" to be called with arguments: [ 'sw-42' ][90m

Received:

[1m  1st vi.fn() call:

[22m[2m  [[22m
[2m    "sw-42",[22m
[31m+   [[90m
[31m+     "Back Squat",[90m
[31m+   ],[90m
[2m  ][22m
[31m[90m

Number of calls: [1m1[22m
[31m[39m
 [32m✓[39m src/__tests__/WorkoutFlow.test.jsx[2m > [22mWorkout Flow[2m > [22mWorkout Screen[2m > [22mIncomplete sets warning (program workouts)[2m > [22m"No, keep as planned" closes modal without calling reduceSetsFutureWorkouts[32m 198[2mms[22m[39m
 [32m✓[39m src/__tests__/WorkoutFlow.test.jsx[2m > [22mWorkout Flow[2m > [22mWorkout Screen[2m > [22mIncomplete sets warning (program workouts)[2m > [22mdoes not show warning for program workouts when all sets are logged[32m 121[2mms[22m[39m
 [32m✓[39m src/__tests__/WorkoutFlow.test.jsx[2m > [22mWorkout Flow[2m > [22mWorkout Screen[2m > [22mIncomplete sets warning (program workouts)[2m > [22mdoes not show warning for free-flow workouts with un-logged sets[33m 317[2mms[22m[39m
 [32m✓[39m src/__tests__/WorkoutFlow.test.jsx[2m > [22mWorkout Flow[2m > [22mWorkout Screen[2m > [22mIncomplete sets warning (program workouts)[2m > [22mdismisses modal when tapping backdrop[32m 159[2mms[22m[39m
 [32m✓[39m src/__tests__/WorkoutFlow.test.jsx[2m > [22mWorkout Flow[2m > [22mWorkout Screen[2m > [22mqueues workout offline when not online[32m 284[2mms[22m[39m
 [32m✓[39m src/__tests__/WorkoutFlow.test.jsx[2m > [22mWorkout Flow[2m > [22mWorkout Screen[2m > [22mopens edit modal when clicking on weight/reps[32m 284[2mms[22m[39m
 [32m✓[39m src/__tests__/WorkoutFlow.test.jsx[2m > [22mWorkout Flow[2m > [22mWorkout Screen[2m > [22medits weight via stepper[32m 300[2mms[22m[39m

[2m Test Files [22m [1m[31m3 failed[39m[22m[2m | [22m[1m[32m14 passed[39m[22m[90m (17)[39m
[2m      Tests [22m [1m[31m11 failed[39m[22m[2m | [22m[1m[32m387 passed[39m[22m[90m (398)[39m
[2m   Start at [22m 21:36:45
[2m   Duration [22m 21.60s[2m (transform 5.35s, setup 9.01s, import 14.20s, tests 63.79s, environment 84.93s)[22m

